Archive member included to satisfy reference by file (symbol)

c:/program files (x86)/arm gnu toolchain arm-none-eabi/12.2 mpacbti-rel1/bin/../lib/gcc/arm-none-eabi/12.2.1/thumb/v7e-m+fp/hard\libc_nano.a(libc_a-exit.o)
                              c:/program files (x86)/arm gnu toolchain arm-none-eabi/12.2 mpacbti-rel1/bin/../lib/gcc/arm-none-eabi/12.2.1/thumb/v7e-m+fp/hard/crt0.o (exit)
c:/program files (x86)/arm gnu toolchain arm-none-eabi/12.2 mpacbti-rel1/bin/../lib/gcc/arm-none-eabi/12.2.1/thumb/v7e-m+fp/hard\libc_nano.a(libc_a-nano-vfprintf_float.o)
                              (_printf_float)
c:/program files (x86)/arm gnu toolchain arm-none-eabi/12.2 mpacbti-rel1/bin/../lib/gcc/arm-none-eabi/12.2.1/thumb/v7e-m+fp/hard\libc_nano.a(libc_a-nano-vfprintf_i.o)
                              c:/program files (x86)/arm gnu toolchain arm-none-eabi/12.2 mpacbti-rel1/bin/../lib/gcc/arm-none-eabi/12.2.1/thumb/v7e-m+fp/hard\libc_nano.a(libc_a-nano-vfprintf_float.o) (_printf_common)
c:/program files (x86)/arm gnu toolchain arm-none-eabi/12.2 mpacbti-rel1/bin/../lib/gcc/arm-none-eabi/12.2.1/thumb/v7e-m+fp/hard\libc_nano.a(libc_a-findfp.o)
                              c:/program files (x86)/arm gnu toolchain arm-none-eabi/12.2 mpacbti-rel1/bin/../lib/gcc/arm-none-eabi/12.2.1/thumb/v7e-m+fp/hard\libc_nano.a(libc_a-exit.o) (__stdio_exit_handler)
c:/program files (x86)/arm gnu toolchain arm-none-eabi/12.2 mpacbti-rel1/bin/../lib/gcc/arm-none-eabi/12.2.1/thumb/v7e-m+fp/hard\libc_nano.a(libc_a-fwalk.o)
                              c:/program files (x86)/arm gnu toolchain arm-none-eabi/12.2 mpacbti-rel1/bin/../lib/gcc/arm-none-eabi/12.2.1/thumb/v7e-m+fp/hard\libc_nano.a(libc_a-findfp.o) (_fwalk_sglue)
c:/program files (x86)/arm gnu toolchain arm-none-eabi/12.2 mpacbti-rel1/bin/../lib/gcc/arm-none-eabi/12.2.1/thumb/v7e-m+fp/hard\libc_nano.a(libc_a-stdio.o)
                              c:/program files (x86)/arm gnu toolchain arm-none-eabi/12.2 mpacbti-rel1/bin/../lib/gcc/arm-none-eabi/12.2.1/thumb/v7e-m+fp/hard\libc_nano.a(libc_a-findfp.o) (__sread)
c:/program files (x86)/arm gnu toolchain arm-none-eabi/12.2 mpacbti-rel1/bin/../lib/gcc/arm-none-eabi/12.2.1/thumb/v7e-m+fp/hard\libc_nano.a(libc_a-memset.o)
                              c:/program files (x86)/arm gnu toolchain arm-none-eabi/12.2 mpacbti-rel1/bin/../lib/gcc/arm-none-eabi/12.2.1/thumb/v7e-m+fp/hard/crt0.o (memset)
c:/program files (x86)/arm gnu toolchain arm-none-eabi/12.2 mpacbti-rel1/bin/../lib/gcc/arm-none-eabi/12.2.1/thumb/v7e-m+fp/hard\libc_nano.a(libc_a-localeconv.o)
                              c:/program files (x86)/arm gnu toolchain arm-none-eabi/12.2 mpacbti-rel1/bin/../lib/gcc/arm-none-eabi/12.2.1/thumb/v7e-m+fp/hard\libc_nano.a(libc_a-nano-vfprintf_float.o) (_localeconv_r)
c:/program files (x86)/arm gnu toolchain arm-none-eabi/12.2 mpacbti-rel1/bin/../lib/gcc/arm-none-eabi/12.2.1/thumb/v7e-m+fp/hard\libc_nano.a(libc_a-closer.o)
                              c:/program files (x86)/arm gnu toolchain arm-none-eabi/12.2 mpacbti-rel1/bin/../lib/gcc/arm-none-eabi/12.2.1/thumb/v7e-m+fp/hard\libc_nano.a(libc_a-stdio.o) (_close_r)
c:/program files (x86)/arm gnu toolchain arm-none-eabi/12.2 mpacbti-rel1/bin/../lib/gcc/arm-none-eabi/12.2.1/thumb/v7e-m+fp/hard\libc_nano.a(libc_a-reent.o)
                              c:/program files (x86)/arm gnu toolchain arm-none-eabi/12.2 mpacbti-rel1/bin/../lib/gcc/arm-none-eabi/12.2.1/thumb/v7e-m+fp/hard\libc_nano.a(libc_a-closer.o) (errno)
c:/program files (x86)/arm gnu toolchain arm-none-eabi/12.2 mpacbti-rel1/bin/../lib/gcc/arm-none-eabi/12.2.1/thumb/v7e-m+fp/hard\libc_nano.a(libc_a-impure.o)
                              c:/program files (x86)/arm gnu toolchain arm-none-eabi/12.2 mpacbti-rel1/bin/../lib/gcc/arm-none-eabi/12.2.1/thumb/v7e-m+fp/hard\libc_nano.a(libc_a-reent.o) (_impure_ptr)
c:/program files (x86)/arm gnu toolchain arm-none-eabi/12.2 mpacbti-rel1/bin/../lib/gcc/arm-none-eabi/12.2.1/thumb/v7e-m+fp/hard\libc_nano.a(libc_a-lseekr.o)
                              c:/program files (x86)/arm gnu toolchain arm-none-eabi/12.2 mpacbti-rel1/bin/../lib/gcc/arm-none-eabi/12.2.1/thumb/v7e-m+fp/hard\libc_nano.a(libc_a-stdio.o) (_lseek_r)
c:/program files (x86)/arm gnu toolchain arm-none-eabi/12.2 mpacbti-rel1/bin/../lib/gcc/arm-none-eabi/12.2.1/thumb/v7e-m+fp/hard\libc_nano.a(libc_a-readr.o)
                              c:/program files (x86)/arm gnu toolchain arm-none-eabi/12.2 mpacbti-rel1/bin/../lib/gcc/arm-none-eabi/12.2.1/thumb/v7e-m+fp/hard\libc_nano.a(libc_a-stdio.o) (_read_r)
c:/program files (x86)/arm gnu toolchain arm-none-eabi/12.2 mpacbti-rel1/bin/../lib/gcc/arm-none-eabi/12.2.1/thumb/v7e-m+fp/hard\libc_nano.a(libc_a-writer.o)
                              c:/program files (x86)/arm gnu toolchain arm-none-eabi/12.2 mpacbti-rel1/bin/../lib/gcc/arm-none-eabi/12.2.1/thumb/v7e-m+fp/hard\libc_nano.a(libc_a-stdio.o) (_write_r)
[...]
Memory Configuration

Name             Origin             Length             Attributes
RAM              0x20000000         0x00020000         xrw
FLASH            0x08000000         0x00080000         xr
*default*        0x00000000         0xffffffff

Linker script and memory map

LOAD c:/program files (x86)/arm gnu toolchain arm-none-eabi/12.2 mpacbti-rel1/bin/../lib/gcc/arm-none-eabi/12.2.1/thumb/v7e-m+fp/hard/crti.o
LOAD c:/program files (x86)/arm gnu toolchain arm-none-eabi/12.2 mpacbti-rel1/bin/../lib/gcc/arm-none-eabi/12.2.1/thumb/v7e-m+fp/hard/crtbegin.o
LOAD c:/program files (x86)/arm gnu toolchain arm-none-eabi/12.2 mpacbti-rel1/bin/../lib/gcc/arm-none-eabi/12.2.1/thumb/v7e-m+fp/hard/crt0.o
LOAD build/main.o
LOAD build/mpu6050.o
LOAD build/HMC5883L.o
LOAD build/bmp180_for_stm32_hal.o
LOAD build/kalman_filter.o
LOAD build/stm32f4xx_it.o
LOAD build/stm32f4xx_hal_msp.o
LOAD build/stm32f4xx_hal_i2c.o
LOAD build/stm32f4xx_hal_i2c_ex.o
LOAD build/stm32f4xx_hal_rcc.o
LOAD build/stm32f4xx_hal_rcc_ex.o
LOAD build/stm32f4xx_hal_flash.o
LOAD build/stm32f4xx_hal_flash_ex.o
LOAD build/stm32f4xx_hal_flash_ramfunc.o
LOAD build/stm32f4xx_hal_gpio.o
LOAD build/stm32f4xx_hal_dma_ex.o
LOAD build/stm32f4xx_hal_dma.o
LOAD build/stm32f4xx_hal_pwr.o
LOAD build/stm32f4xx_hal_pwr_ex.o
LOAD build/stm32f4xx_hal_cortex.o
LOAD build/stm32f4xx_hal.o
LOAD build/stm32f4xx_hal_exti.o
LOAD build/stm32f4xx_hal_tim.o
LOAD build/stm32f4xx_hal_tim_ex.o
LOAD build/stm32f4xx_hal_uart.o
LOAD build/system_stm32f4xx.o
LOAD build/startup_stm32f446xx.o
LOAD c:/program files (x86)/arm gnu toolchain arm-none-eabi/12.2 mpacbti-rel1/bin/../lib/gcc/arm-none-eabi/12.2.1/thumb/v7e-m+fp/hard\libc_nano.a
LOAD c:/program files (x86)/arm gnu toolchain arm-none-eabi/12.2 mpacbti-rel1/bin/../lib/gcc/arm-none-eabi/12.2.1/thumb/v7e-m+fp/hard\libm.a
LOAD c:/program files (x86)/arm gnu toolchain arm-none-eabi/12.2 mpacbti-rel1/bin/../lib/gcc/arm-none-eabi/12.2.1/thumb/v7e-m+fp/hard\libnosys.a
START GROUP
LOAD c:/program files (x86)/arm gnu toolchain arm-none-eabi/12.2 mpacbti-rel1/bin/../lib/gcc/arm-none-eabi/12.2.1/thumb/v7e-m+fp/hard\libgcc.a
LOAD c:/program files (x86)/arm gnu toolchain arm-none-eabi/12.2 mpacbti-rel1/bin/../lib/gcc/arm-none-eabi/12.2.1/thumb/v7e-m+fp/hard\libc_nano.a
END GROUP
START GROUP
LOAD c:/program files (x86)/arm gnu toolchain arm-none-eabi/12.2 mpacbti-rel1/bin/../lib/gcc/arm-none-eabi/12.2.1/thumb/v7e-m+fp/hard\libgcc.a
LOAD c:/program files (x86)/arm gnu toolchain arm-none-eabi/12.2 mpacbti-rel1/bin/../lib/gcc/arm-none-eabi/12.2.1/thumb/v7e-m+fp/hard\libc_nano.a
END GROUP
LOAD c:/program files (x86)/arm gnu toolchain arm-none-eabi/12.2 mpacbti-rel1/bin/../lib/gcc/arm-none-eabi/12.2.1/thumb/v7e-m+fp/hard/crtend.o
LOAD c:/program files (x86)/arm gnu toolchain arm-none-eabi/12.2 mpacbti-rel1/bin/../lib/gcc/arm-none-eabi/12.2.1/thumb/v7e-m+fp/hard/crtn.o
                0x20020000                        _estack = (ORIGIN (RAM) + LENGTH (RAM))
                0x00000200                        _Min_Heap_Size = 0x200
                0x00000400                        _Min_Stack_Size = 0x400

.isr_vector     0x08000000      0x1c4
                0x08000000                        . = ALIGN (0x4)
 *(.isr_vector)
 .isr_vector    0x08000000      0x1c4 build/startup_stm32f446xx.o
                0x08000000                g_pfnVectors
                0x080001c4                        . = ALIGN (0x4)

.text           0x080001d0     0x8cf8
                0x080001d0                        . = ALIGN (0x4)
 *(.text)
 .text          0x080001d0       0xa0 c:/program files (x86)/arm gnu toolchain arm-none-eabi/12.2 mpacbti-rel1/bin/../lib/gcc/arm-none-eabi/12.2.1/thumb/v7e-m+fp/hard\libc_nano.a(libc_a-memchr.o)
                0x080001d0                memchr
 .text          0x08000270       0x10 c:/program files (x86)/arm gnu toolchain arm-none-eabi/12.2 mpacbti-rel1/bin/../lib/gcc/arm-none-eabi/12.2.1/thumb/v7e-m+fp/hard\libc_nano.a(libc_a-strlen.o)
                0x08000270                strlen
 .text          0x08000280      0x378 c:/program files (x86)/arm gnu toolchain arm-none-eabi/12.2 mpacbti-rel1/bin/../lib/gcc/arm-none-eabi/12.2.1/thumb/v7e-m+fp/hard\libgcc.a(_arm_addsubdf3.o)
                0x08000280                __aeabi_drsub
                0x08000288                __aeabi_dsub
                0x08000288                __subdf3
                0x0800028c                __aeabi_dadd
                0x0800028c                __adddf3
                0x08000504                __floatunsidf
                0x08000504                __aeabi_ui2d
                0x08000524                __floatsidf
                0x08000524                __aeabi_i2d
                0x08000548                __aeabi_f2d
                0x08000548                __extendsfdf2
                0x0800058c                __floatundidf
                0x0800058c                __aeabi_ul2d
                0x0800059c                __floatdidf
                0x0800059c                __aeabi_l2d
 .text          0x080005f8      0x424 c:/program files (x86)/arm gnu toolchain arm-none-eabi/12.2 mpacbti-rel1/bin/../lib/gcc/arm-none-eabi/12.2.1/thumb/v7e-m+fp/hard\libgcc.a(_arm_muldivdf3.o)
                0x080005f8                __aeabi_dmul
                0x080005f8                __muldf3
                0x0800084c                __divdf3
                0x0800084c                __aeabi_ddiv
 .text          0x08000a1c      0x110 c:/program files (x86)/arm gnu toolchain arm-none-eabi/12.2 mpacbti-rel1/bin/../lib/gcc/arm-none-eabi/12.2.1/thumb/v7e-m+fp/hard\libgcc.a(_arm_cmpdf2.o)
                0x08000a1c                __gtdf2
                0x08000a1c                __gedf2
                0x08000a24                __ltdf2
                0x08000a24                __ledf2
                0x08000a2c                __nedf2
                0x08000a2c                __eqdf2
                0x08000a2c                __cmpdf2
                0x08000aa8                __aeabi_cdrcmple
                0x08000ab8                __aeabi_cdcmpeq
                0x08000ab8                __aeabi_cdcmple
                0x08000ac8                __aeabi_dcmpeq
                0x08000adc                __aeabi_dcmplt
                0x08000af0                __aeabi_dcmple
                0x08000b04                __aeabi_dcmpge
                0x08000b18                __aeabi_dcmpgt
 .text          0x08000b2c       0x2c c:/program files (x86)/arm gnu toolchain arm-none-eabi/12.2 mpacbti-rel1/bin/../lib/gcc/arm-none-eabi/12.2.1/thumb/v7e-m+fp/hard\libgcc.a(_arm_unorddf2.o)
                0x08000b2c                __unorddf2
                0x08000b2c                __aeabi_dcmpun
 .text          0x08000b58       0x50 c:/program files (x86)/arm gnu toolchain arm-none-eabi/12.2 mpacbti-rel1/bin/../lib/gcc/arm-none-eabi/12.2.1/thumb/v7e-m+fp/hard\libgcc.a(_arm_fixdfsi.o)
                0x08000b58                __aeabi_d2iz
                0x08000b58                __fixdfsi
 .text          0x08000ba8       0x40 c:/program files (x86)/arm gnu toolchain arm-none-eabi/12.2 mpacbti-rel1/bin/../lib/gcc/arm-none-eabi/12.2.1/thumb/v7e-m+fp/hard\libgcc.a(_arm_fixunsdfsi.o)
                0x08000ba8                __aeabi_d2uiz
                0x08000ba8                __fixunsdfsi
 .text          0x08000be8       0xa0 c:/program files (x86)/arm gnu toolchain arm-none-eabi/12.2 mpacbti-rel1/bin/../lib/gcc/arm-none-eabi/12.2.1/thumb/v7e-m+fp/hard\libgcc.a(_arm_truncdfsf2.o)
                0x08000be8                __truncdfsf2
                0x08000be8                __aeabi_d2f
 .text          0x08000c88       0x30 c:/program files (x86)/arm gnu toolchain arm-none-eabi/12.2 mpacbti-rel1/bin/../lib/gcc/arm-none-eabi/12.2.1/thumb/v7e-m+fp/hard\libgcc.a(_aeabi_uldivmod.o)
                0x08000c88                __aeabi_uldivmod
 .text          0x08000cb8        0x4 c:/program files (x86)/arm gnu toolchain arm-none-eabi/12.2 mpacbti-rel1/bin/../lib/gcc/arm-none-eabi/12.2.1/thumb/v7e-m+fp/hard\libgcc.a(_dvmd_tls.o)
                0x08000cb8                __aeabi_idiv0
                0x08000cb8                __aeabi_ldiv0
 *(.text*)
 .text.deregister_tm_clones
                0x08000cbc       0x1c c:/program files (x86)/arm gnu toolchain arm-none-eabi/12.2 mpacbti-rel1/bin/../lib/gcc/arm-none-eabi/12.2.1/thumb/v7e-m+fp/hard/crtbegin.o
 .text.register_tm_clones
                0x08000cd8       0x24 c:/program files (x86)/arm gnu toolchain arm-none-eabi/12.2 mpacbti-rel1/bin/../lib/gcc/arm-none-eabi/12.2.1/thumb/v7e-m+fp/hard/crtbegin.o
 .text.__do_global_dtors_aux
                0x08000cfc       0x28 c:/program files (x86)/arm gnu toolchain arm-none-eabi/12.2 mpacbti-rel1/bin/../lib/gcc/arm-none-eabi/12.2.1/thumb/v7e-m+fp/hard/crtbegin.o
 .text.frame_dummy
                0x08000d24       0x24 c:/program files (x86)/arm gnu toolchain arm-none-eabi/12.2 mpacbti-rel1/bin/../lib/gcc/arm-none-eabi/12.2.1/thumb/v7e-m+fp/hard/crtbegin.o
 .text.MX_GPIO_Init
                0x08000d48       0x60 build/main.o
 .text.MX_DMA_Init
                0x08000da8       0x64 build/main.o
 .text.PID_Control
                0x08000e0c       0xf4 build/main.o
                0x08000e0c                PID_Control
 .text.motorControl
                0x08000f00      0x174 build/main.o
                0x08000f00                motorControl
 .text.Error_Handler
                0x08001074        0x4 build/main.o
                0x08001074                Error_Handler
 .text.MX_I2C1_Init
                0x08001078       0x38 build/main.o
 .text.MX_USART1_UART_Init
                0x080010b0       0x34 build/main.o
 .text.MX_USART2_UART_Init
                0x080010e4       0x34 build/main.o
 .text.MX_TIM2_Init
                0x08001118       0xb4 build/main.o
 .text.MX_TIM3_Init
                0x080011cc       0xb4 build/main.o
 .text.SystemClock_Config
                0x08001280       0xb4 build/main.o
                0x08001280                SystemClock_Config
 *fill*         0x08001334        0x4 
 .text.main     0x08001338      0x1f8 build/main.o
                0x08001338                main
 .text.MPU6050_Init
                0x08001530       0x9c build/mpu6050.o
                0x08001530                MPU6050_Init
 *fill*         0x080015cc        0x4 
 .text.MPU6050_Read
                0x080015d0      0x240 build/mpu6050.o
                0x080015d0                MPU6050_Read
 .text.BMP180_Init
                0x08001810        0xc build/bmp180_for_stm32_hal.o
                0x08001810                BMP180_Init
 .text.BMP180_SetOversampling
                0x0800181c        0xc build/bmp180_for_stm32_hal.o
                0x0800181c                BMP180_SetOversampling
 .text.BMP180_ReadReg
                0x08001828       0x3c build/bmp180_for_stm32_hal.o
                0x08001828                BMP180_ReadReg
 .text.BMP180_UpdateCalibrationData
                0x08001864       0xe8 build/bmp180_for_stm32_hal.o
                0x08001864                BMP180_UpdateCalibrationData
 .text.Kalman_Filter
                0x0800194c      0x228 build/kalman_filter.o
                0x0800194c                Kalman_Filter
 .text.NMI_Handler
                0x08001b74        0x2 build/stm32f4xx_it.o
                0x08001b74                NMI_Handler
 .text.HardFault_Handler
                0x08001b76        0x2 build/stm32f4xx_it.o
                0x08001b76                HardFault_Handler
 .text.MemManage_Handler
                0x08001b78        0x2 build/stm32f4xx_it.o
                0x08001b78                MemManage_Handler
 .text.BusFault_Handler
                0x08001b7a        0x2 build/stm32f4xx_it.o
                0x08001b7a                BusFault_Handler
 .text.UsageFault_Handler
                0x08001b7c        0x2 build/stm32f4xx_it.o
                0x08001b7c                UsageFault_Handler
 .text.SVC_Handler
                0x08001b7e        0x2 build/stm32f4xx_it.o
                0x08001b7e                SVC_Handler
 .text.DebugMon_Handler
                0x08001b80        0x2 build/stm32f4xx_it.o
                0x08001b80                DebugMon_Handler
 .text.PendSV_Handler
                0x08001b82        0x2 build/stm32f4xx_it.o
                0x08001b82                PendSV_Handler
 .text.SysTick_Handler
                0x08001b84        0x8 build/stm32f4xx_it.o
                0x08001b84                SysTick_Handler
 .text.DMA1_Stream1_IRQHandler
                0x08001b8c       0x10 build/stm32f4xx_it.o
                0x08001b8c                DMA1_Stream1_IRQHandler
 .text.DMA1_Stream4_IRQHandler
                0x08001b9c       0x10 build/stm32f4xx_it.o
                0x08001b9c                DMA1_Stream4_IRQHandler
 .text.DMA1_Stream5_IRQHandler
                0x08001bac       0x10 build/stm32f4xx_it.o
                0x08001bac                DMA1_Stream5_IRQHandler
 .text.DMA1_Stream6_IRQHandler
                0x08001bbc       0x10 build/stm32f4xx_it.o
                0x08001bbc                DMA1_Stream6_IRQHandler
 .text.USART1_IRQHandler
                0x08001bcc       0x10 build/stm32f4xx_it.o
                0x08001bcc                USART1_IRQHandler
 .text.HAL_MspInit
                0x08001bdc       0x40 build/stm32f4xx_hal_msp.o
                0x08001bdc                HAL_MspInit
 .text.HAL_I2C_MspInit
                0x08001c1c       0x70 build/stm32f4xx_hal_msp.o
                0x08001c1c                HAL_I2C_MspInit
 .text.HAL_TIM_Base_MspInit
                0x08001c8c      0x178 build/stm32f4xx_hal_msp.o
                0x08001c8c                HAL_TIM_Base_MspInit
 .text.HAL_TIM_MspPostInit
                0x08001e04       0x8c build/stm32f4xx_hal_msp.o
                0x08001e04                HAL_TIM_MspPostInit
 .text.HAL_UART_MspInit
                0x08001e90       0xd0 build/stm32f4xx_hal_msp.o
                0x08001e90                HAL_UART_MspInit
 .text.I2C_IsAcknowledgeFailed
                0x08001f60       0x32 build/stm32f4xx_hal_i2c.o
 .text.I2C_WaitOnFlagUntilTimeout
                0x08001f92       0x7c build/stm32f4xx_hal_i2c.o
 .text.I2C_WaitOnMasterAddressFlagUntilTimeout
                0x0800200e       0xaa build/stm32f4xx_hal_i2c.o
 .text.I2C_MasterRequestWrite
                0x080020b8       0xb4 build/stm32f4xx_hal_i2c.o
 .text.I2C_MasterRequestRead
                0x0800216c      0x120 build/stm32f4xx_hal_i2c.o
 .text.I2C_WaitOnTXEFlagUntilTimeout
                0x0800228c       0x54 build/stm32f4xx_hal_i2c.o
 .text.I2C_RequestMemoryWrite
                0x080022e0       0xd8 build/stm32f4xx_hal_i2c.o
 .text.I2C_RequestMemoryRead
                0x080023b8      0x154 build/stm32f4xx_hal_i2c.o
 .text.I2C_WaitOnBTFFlagUntilTimeout
                0x0800250c       0x54 build/stm32f4xx_hal_i2c.o
 .text.I2C_WaitOnRXNEFlagUntilTimeout
                0x08002560       0x6a build/stm32f4xx_hal_i2c.o
 *fill*         0x080025ca        0x2 
 .text.HAL_I2C_Init
                0x080025cc      0x1bc build/stm32f4xx_hal_i2c.o
                0x080025cc                HAL_I2C_Init
 .text.HAL_I2C_Master_Transmit
                0x08002788      0x178 build/stm32f4xx_hal_i2c.o
                0x08002788                HAL_I2C_Master_Transmit
 .text.HAL_I2C_Master_Receive
                0x08002900      0x2e8 build/stm32f4xx_hal_i2c.o
                0x08002900                HAL_I2C_Master_Receive
 .text.HAL_I2C_Mem_Write
                0x08002be8      0x164 build/stm32f4xx_hal_i2c.o
                0x08002be8                HAL_I2C_Mem_Write
 .text.HAL_I2C_Mem_Read
                0x08002d4c      0x2e4 build/stm32f4xx_hal_i2c.o
                0x08002d4c                HAL_I2C_Mem_Read
 .text.HAL_RCC_ClockConfig
                0x08003030      0x160 build/stm32f4xx_hal_rcc.o
                0x08003030                HAL_RCC_ClockConfig
 .text.HAL_RCC_GetHCLKFreq
                0x08003190        0xc build/stm32f4xx_hal_rcc.o
                0x08003190                HAL_RCC_GetHCLKFreq
 .text.HAL_RCC_GetPCLK1Freq
                0x0800319c       0x20 build/stm32f4xx_hal_rcc.o
                0x0800319c                HAL_RCC_GetPCLK1Freq
 .text.HAL_RCC_GetPCLK2Freq
                0x080031bc       0x20 build/stm32f4xx_hal_rcc.o
                0x080031bc                HAL_RCC_GetPCLK2Freq
 .text.HAL_RCC_GetSysClockFreq
                0x080031dc      0x190 build/stm32f4xx_hal_rcc_ex.o
                0x080031dc                HAL_RCC_GetSysClockFreq
 .text.HAL_RCC_OscConfig
                0x0800336c      0x444 build/stm32f4xx_hal_rcc_ex.o
                0x0800336c                HAL_RCC_OscConfig
 .text.HAL_GPIO_Init
                0x080037b0      0x1e0 build/stm32f4xx_hal_gpio.o
                0x080037b0                HAL_GPIO_Init
 .text.DMA_CalcBaseAndBitshift
                0x08003990       0x44 build/stm32f4xx_hal_dma.o
 .text.DMA_CheckFifoParam
                0x080039d4       0x8e build/stm32f4xx_hal_dma.o
 *fill*         0x08003a62        0x2 
 .text.HAL_DMA_Init
                0x08003a64       0xcc build/stm32f4xx_hal_dma.o
                0x08003a64                HAL_DMA_Init
 .text.HAL_DMA_Abort
                0x08003b30       0x94 build/stm32f4xx_hal_dma.o
                0x08003b30                HAL_DMA_Abort
 .text.HAL_DMA_Abort_IT
                0x08003bc4       0x26 build/stm32f4xx_hal_dma.o
                0x08003bc4                HAL_DMA_Abort_IT
 *fill*         0x08003bea        0x2 
 .text.HAL_DMA_IRQHandler
                0x08003bec      0x1dc build/stm32f4xx_hal_dma.o
                0x08003bec                HAL_DMA_IRQHandler
 .text.HAL_PWREx_EnableOverDrive
                0x08003dc8       0x7c build/stm32f4xx_hal_pwr_ex.o
                0x08003dc8                HAL_PWREx_EnableOverDrive
 .text.__NVIC_SetPriority
                0x08003e44       0x28 build/stm32f4xx_hal_cortex.o
 .text.NVIC_EncodePriority
                0x08003e6c       0x3e build/stm32f4xx_hal_cortex.o
 *fill*         0x08003eaa        0x2 
 .text.HAL_NVIC_SetPriorityGrouping
                0x08003eac       0x24 build/stm32f4xx_hal_cortex.o
                0x08003eac                HAL_NVIC_SetPriorityGrouping
 .text.HAL_NVIC_SetPriority
                0x08003ed0       0x20 build/stm32f4xx_hal_cortex.o
                0x08003ed0                HAL_NVIC_SetPriority
 .text.HAL_NVIC_EnableIRQ
                0x08003ef0       0x1c build/stm32f4xx_hal_cortex.o
                0x08003ef0                HAL_NVIC_EnableIRQ
 .text.HAL_SYSTICK_Config
                0x08003f0c       0x28 build/stm32f4xx_hal_cortex.o
                0x08003f0c                HAL_SYSTICK_Config
 .text.HAL_InitTick
                0x08003f34       0x4c build/stm32f4xx_hal.o
                0x08003f34                HAL_InitTick
 .text.HAL_Init
                0x08003f80       0x34 build/stm32f4xx_hal.o
                0x08003f80                HAL_Init
 .text.HAL_IncTick
                0x08003fb4       0x18 build/stm32f4xx_hal.o
                0x08003fb4                HAL_IncTick
 .text.HAL_GetTick
                0x08003fcc        0xc build/stm32f4xx_hal.o
                0x08003fcc                HAL_GetTick
 .text.HAL_Delay
                0x08003fd8       0x28 build/stm32f4xx_hal.o
                0x08003fd8                HAL_Delay
 .text.TIM_OC1_SetConfig
                0x08004000       0x70 build/stm32f4xx_hal_tim.o
 .text.TIM_OC3_SetConfig
                0x08004070       0x70 build/stm32f4xx_hal_tim.o
 .text.TIM_OC4_SetConfig
                0x080040e0       0x50 build/stm32f4xx_hal_tim.o
 .text.TIM_TI1_ConfigInputStage
                0x08004130       0x26 build/stm32f4xx_hal_tim.o
 .text.TIM_TI2_ConfigInputStage
                0x08004156       0x28 build/stm32f4xx_hal_tim.o
 .text.TIM_ITRx_SetConfig
                0x0800417e       0x10 build/stm32f4xx_hal_tim.o
 .text.HAL_TIM_PWM_MspInit
                0x0800418e        0x2 build/stm32f4xx_hal_tim.o
                0x0800418e                HAL_TIM_PWM_MspInit
 .text.TIM_Base_SetConfig
                0x08004190       0xc8 build/stm32f4xx_hal_tim.o
                0x08004190                TIM_Base_SetConfig
 .text.HAL_TIM_Base_Init
                0x08004258       0x58 build/stm32f4xx_hal_tim.o
                0x08004258                HAL_TIM_Base_Init
 .text.HAL_TIM_PWM_Init
                0x080042b0       0x58 build/stm32f4xx_hal_tim.o
                0x080042b0                HAL_TIM_PWM_Init
 .text.TIM_OC2_SetConfig
                0x08004308       0x70 build/stm32f4xx_hal_tim.o
                0x08004308                TIM_OC2_SetConfig
 .text.HAL_TIM_PWM_ConfigChannel
                0x08004378       0xdc build/stm32f4xx_hal_tim.o
                0x08004378                HAL_TIM_PWM_ConfigChannel
 .text.TIM_ETR_SetConfig
                0x08004454       0x1a build/stm32f4xx_hal_tim.o
                0x08004454                TIM_ETR_SetConfig
 .text.HAL_TIM_ConfigClockSource
                0x0800446e       0xfe build/stm32f4xx_hal_tim.o
                0x0800446e                HAL_TIM_ConfigClockSource
 .text.TIM_CCxChannelCmd
                0x0800456c       0x1e build/stm32f4xx_hal_tim.o
                0x0800456c                TIM_CCxChannelCmd
 *fill*         0x0800458a        0x2 
 .text.HAL_TIM_PWM_Start
                0x0800458c      0x104 build/stm32f4xx_hal_tim.o
                0x0800458c                HAL_TIM_PWM_Start
 .text.HAL_TIMEx_MasterConfigSynchronization
                0x08004690       0x8c build/stm32f4xx_hal_tim_ex.o
                0x08004690                HAL_TIMEx_MasterConfigSynchronization
 .text.UART_EndRxTransfer
                0x0800471c       0x5c build/stm32f4xx_hal_uart.o
 .text.UART_Transmit_IT
                0x08004778       0x60 build/stm32f4xx_hal_uart.o
 .text.UART_SetConfig
                0x080047d8      0x110 build/stm32f4xx_hal_uart.o
 .text.HAL_UART_Init
                0x080048e8       0x5e build/stm32f4xx_hal_uart.o
                0x080048e8                HAL_UART_Init
 .text.HAL_UART_TxCpltCallback
                0x08004946        0x2 build/stm32f4xx_hal_uart.o
                0x08004946                HAL_UART_TxCpltCallback
 .text.UART_EndTransmit_IT
                0x08004948       0x1a build/stm32f4xx_hal_uart.o
 .text.HAL_UART_RxCpltCallback
                0x08004962        0x2 build/stm32f4xx_hal_uart.o
                0x08004962                HAL_UART_RxCpltCallback
 .text.HAL_UART_ErrorCallback
                0x08004964        0x2 build/stm32f4xx_hal_uart.o
                0x08004964                HAL_UART_ErrorCallback
 .text.UART_DMAAbortOnError
                0x08004966       0x10 build/stm32f4xx_hal_uart.o
 .text.HAL_UARTEx_RxEventCallback
                0x08004976        0x2 build/stm32f4xx_hal_uart.o
                0x08004976                HAL_UARTEx_RxEventCallback
 .text.UART_Receive_IT
                0x08004978       0xe2 build/stm32f4xx_hal_uart.o
 *fill*         0x08004a5a        0x2 
 .text.HAL_UART_IRQHandler
                0x08004a5c      0x27c build/stm32f4xx_hal_uart.o
                0x08004a5c                HAL_UART_IRQHandler
 .text.SystemInit
                0x08004cd8       0x14 build/system_stm32f4xx.o
                0x08004cd8                SystemInit
 .text.Reset_Handler
                0x08004cec       0x50 build/startup_stm32f446xx.o
                0x08004cec                Reset_Handler
 .text.Default_Handler
                0x08004d3c        0x2 build/startup_stm32f446xx.o
                0x08004d3c                RTC_Alarm_IRQHandler
                0x08004d3c                EXTI2_IRQHandler
                0x08004d3c                TIM8_CC_IRQHandler
                0x08004d3c                FMPI2C1_EV_IRQHandler
                0x08004d3c                SPI4_IRQHandler
                0x08004d3c                TIM1_CC_IRQHandler
                0x08004d3c                DMA2_Stream5_IRQHandler
                0x08004d3c                PVD_IRQHandler
                0x08004d3c                SDIO_IRQHandler
                0x08004d3c                TAMP_STAMP_IRQHandler
                0x08004d3c                CAN2_RX1_IRQHandler
                0x08004d3c                EXTI3_IRQHandler
                0x08004d3c                TIM8_TRG_COM_TIM14_IRQHandler
                0x08004d3c                TIM1_UP_TIM10_IRQHandler
                0x08004d3c                TIM8_UP_TIM13_IRQHandler
                0x08004d3c                I2C3_ER_IRQHandler
                0x08004d3c                EXTI0_IRQHandler
                0x08004d3c                I2C2_EV_IRQHandler
                0x08004d3c                DMA1_Stream2_IRQHandler
                0x08004d3c                CAN1_RX0_IRQHandler
                0x08004d3c                FPU_IRQHandler
                0x08004d3c                OTG_HS_WKUP_IRQHandler
                0x08004d3c                CAN2_SCE_IRQHandler
                0x08004d3c                DMA2_Stream2_IRQHandler
                0x08004d3c                SPI1_IRQHandler
                0x08004d3c                TIM6_DAC_IRQHandler
                0x08004d3c                TIM1_BRK_TIM9_IRQHandler
                0x08004d3c                DCMI_IRQHandler
                0x08004d3c                CAN2_RX0_IRQHandler
                0x08004d3c                DMA2_Stream3_IRQHandler
                0x08004d3c                SAI2_IRQHandler
                0x08004d3c                USART6_IRQHandler
                0x08004d3c                USART3_IRQHandler
                0x08004d3c                CAN1_RX1_IRQHandler
                0x08004d3c                UART5_IRQHandler
                0x08004d3c                DMA2_Stream0_IRQHandler
                0x08004d3c                TIM4_IRQHandler
                0x08004d3c                QUADSPI_IRQHandler
                0x08004d3c                I2C1_EV_IRQHandler
                0x08004d3c                UART4_IRQHandler
                0x08004d3c                TIM3_IRQHandler
                0x08004d3c                RCC_IRQHandler
                0x08004d3c                TIM8_BRK_TIM12_IRQHandler
                0x08004d3c                Default_Handler
                0x08004d3c                CEC_IRQHandler
                0x08004d3c                EXTI15_10_IRQHandler
                0x08004d3c                ADC_IRQHandler
                0x08004d3c                DMA1_Stream7_IRQHandler
                0x08004d3c                TIM7_IRQHandler
                0x08004d3c                CAN2_TX_IRQHandler
                0x08004d3c                TIM5_IRQHandler
                0x08004d3c                DMA2_Stream7_IRQHandler
                0x08004d3c                I2C3_EV_IRQHandler
                0x08004d3c                EXTI9_5_IRQHandler
                0x08004d3c                RTC_WKUP_IRQHandler
                0x08004d3c                SPDIF_RX_IRQHandler
                0x08004d3c                SPI2_IRQHandler
                0x08004d3c                OTG_HS_EP1_IN_IRQHandler
                0x08004d3c                DMA1_Stream0_IRQHandler
                0x08004d3c                CAN1_TX_IRQHandler
                0x08004d3c                FMPI2C1_ER_IRQHandler
                0x08004d3c                EXTI4_IRQHandler
                0x08004d3c                OTG_HS_EP1_OUT_IRQHandler
                0x08004d3c                WWDG_IRQHandler
                0x08004d3c                TIM2_IRQHandler
                0x08004d3c                OTG_FS_WKUP_IRQHandler
                0x08004d3c                TIM1_TRG_COM_TIM11_IRQHandler
                0x08004d3c                OTG_HS_IRQHandler
                0x08004d3c                EXTI1_IRQHandler
                0x08004d3c                USART2_IRQHandler
                0x08004d3c                I2C2_ER_IRQHandler
                0x08004d3c                DMA2_Stream1_IRQHandler
                0x08004d3c                CAN1_SCE_IRQHandler
                0x08004d3c                FLASH_IRQHandler
                0x08004d3c                DMA2_Stream4_IRQHandler
                0x08004d3c                OTG_FS_IRQHandler
                0x08004d3c                SPI3_IRQHandler
                0x08004d3c                I2C1_ER_IRQHandler
                0x08004d3c                FMC_IRQHandler
                0x08004d3c                DMA2_Stream6_IRQHandler
                0x08004d3c                SAI1_IRQHandler
                0x08004d3c                DMA1_Stream3_IRQHandler
 .text.__cvt    0x08004d3e       0xd2 c:/program files (x86)/arm gnu toolchain arm-none-eabi/12.2 mpacbti-rel1/bin/../lib/gcc/arm-none-eabi/12.2.1/thumb/v7e-m+fp/hard\libc_nano.a(libc_a-nano-vfprintf_float.o)
                0x08004d3e                __cvt
 .text.__exponent
                0x08004e10       0x74 c:/program files (x86)/arm gnu toolchain arm-none-eabi/12.2 mpacbti-rel1/bin/../lib/gcc/arm-none-eabi/12.2.1/thumb/v7e-m+fp/hard\libc_nano.a(libc_a-nano-vfprintf_float.o)
                0x08004e10                __exponent
 .text._printf_float
                0x08004e84      0x464 c:/program files (x86)/arm gnu toolchain arm-none-eabi/12.2 mpacbti-rel1/bin/../lib/gcc/arm-none-eabi/12.2.1/thumb/v7e-m+fp/hard\libc_nano.a(libc_a-nano-vfprintf_float.o)
                0x08004e84                _printf_float
 .text._printf_common
                0x080052e8       0xda c:/program files (x86)/arm gnu toolchain arm-none-eabi/12.2 mpacbti-rel1/bin/../lib/gcc/arm-none-eabi/12.2.1/thumb/v7e-m+fp/hard\libc_nano.a(libc_a-nano-vfprintf_i.o)
                0x080052e8                _printf_common
 *fill*         0x080053c2        0x2 
 .text._printf_i
                0x080053c4      0x258 c:/program files (x86)/arm gnu toolchain arm-none-eabi/12.2 mpacbti-rel1/bin/../lib/gcc/arm-none-eabi/12.2.1/thumb/v7e-m+fp/hard\libc_nano.a(libc_a-nano-vfprintf_i.o)
                0x080053c4                _printf_i
 .text.std      0x0800561c       0x6c c:/program files (x86)/arm gnu toolchain arm-none-eabi/12.2 mpacbti-rel1/bin/../lib/gcc/arm-none-eabi/12.2.1/thumb/v7e-m+fp/hard\libc_nano.a(libc_a-findfp.o)
 .text.stdio_exit_handler
                0x08005688       0x18 c:/program files (x86)/arm gnu toolchain arm-none-eabi/12.2 mpacbti-rel1/bin/../lib/gcc/arm-none-eabi/12.2.1/thumb/v7e-m+fp/hard\libc_nano.a(libc_a-findfp.o)
 .text.cleanup_stdio
                0x080056a0       0x40 c:/program files (x86)/arm gnu toolchain arm-none-eabi/12.2 mpacbti-rel1/bin/../lib/gcc/arm-none-eabi/12.2.1/thumb/v7e-m+fp/hard\libc_nano.a(libc_a-findfp.o)
 .text.global_stdio_init.part.0
                0x080056e0       0x3c c:/program files (x86)/arm gnu toolchain arm-none-eabi/12.2 mpacbti-rel1/bin/../lib/gcc/arm-none-eabi/12.2.1/thumb/v7e-m+fp/hard\libc_nano.a(libc_a-findfp.o)
 .text.__sfp_lock_acquire
                0x0800571c        0xc c:/program files (x86)/arm gnu toolchain arm-none-eabi/12.2 mpacbti-rel1/bin/../lib/gcc/arm-none-eabi/12.2.1/thumb/v7e-m+fp/hard\libc_nano.a(libc_a-findfp.o)
                0x0800571c                __sfp_lock_acquire
 .text.__sfp_lock_release
                0x08005728        0xc c:/program files (x86)/arm gnu toolchain arm-none-eabi/12.2 mpacbti-rel1/bin/../lib/gcc/arm-none-eabi/12.2.1/thumb/v7e-m+fp/hard\libc_nano.a(libc_a-findfp.o)
                0x08005728                __sfp_lock_release
 .text.__sinit  0x08005734       0x30 c:/program files (x86)/arm gnu toolchain arm-none-eabi/12.2 mpacbti-rel1/bin/../lib/gcc/arm-none-eabi/12.2.1/thumb/v7e-m+fp/hard\libc_nano.a(libc_a-findfp.o)
                0x08005734                __sinit
 .text._fwalk_sglue
                0x08005764       0x3c c:/program files (x86)/arm gnu toolchain arm-none-eabi/12.2 mpacbti-rel1/bin/../lib/gcc/arm-none-eabi/12.2.1/thumb/v7e-m+fp/hard\libc_nano.a(libc_a-fwalk.o)
                0x08005764                _fwalk_sglue
 .text.__sread  0x080057a0       0x22 c:/program files (x86)/arm gnu toolchain arm-none-eabi/12.2 mpacbti-rel1/bin/../lib/gcc/arm-none-eabi/12.2.1/thumb/v7e-m+fp/hard\libc_nano.a(libc_a-stdio.o)
                0x080057a0                __sread
 .text.__swrite
                0x080057c2       0x38 c:/program files (x86)/arm gnu toolchain arm-none-eabi/12.2 mpacbti-rel1/bin/../lib/gcc/arm-none-eabi/12.2.1/thumb/v7e-m+fp/hard\libc_nano.a(libc_a-stdio.o)
                0x080057c2                __swrite
 .text.__sseek  0x080057fa       0x24 c:/program files (x86)/arm gnu toolchain arm-none-eabi/12.2 mpacbti-rel1/bin/../lib/gcc/arm-none-eabi/12.2.1/thumb/v7e-m+fp/hard\libc_nano.a(libc_a-stdio.o)
                0x080057fa                __sseek
 .text.__sclose
                0x0800581e        0x8 c:/program files (x86)/arm gnu toolchain arm-none-eabi/12.2 mpacbti-rel1/bin/../lib/gcc/arm-none-eabi/12.2.1/thumb/v7e-m+fp/hard\libc_nano.a(libc_a-stdio.o)
                0x0800581e                __sclose
 .text.memset   0x08005826       0x10 c:/program files (x86)/arm gnu toolchain arm-none-eabi/12.2 mpacbti-rel1/bin/../lib/gcc/arm-none-eabi/12.2.1/thumb/v7e-m+fp/hard\libc_nano.a(libc_a-memset.o)
                0x08005826                memset
 *fill*         0x08005836        0x2 
 .text._localeconv_r
                0x08005838        0x8 c:/program files (x86)/arm gnu toolchain arm-none-eabi/12.2 mpacbti-rel1/bin/../lib/gcc/arm-none-eabi/12.2.1/thumb/v7e-m+fp/hard\libc_nano.a(libc_a-localeconv.o)
                0x08005838                _localeconv_r
 .text._close_r
                0x08005840       0x20 c:/program files (x86)/arm gnu toolchain arm-none-eabi/12.2 mpacbti-rel1/bin/../lib/gcc/arm-none-eabi/12.2.1/thumb/v7e-m+fp/hard\libc_nano.a(libc_a-closer.o)
                0x08005840                _close_r
 .text._lseek_r
                0x08005860       0x24 c:/program files (x86)/arm gnu toolchain arm-none-eabi/12.2 mpacbti-rel1/bin/../lib/gcc/arm-none-eabi/12.2.1/thumb/v7e-m+fp/hard\libc_nano.a(libc_a-lseekr.o)
                0x08005860                _lseek_r
 .text._read_r  0x08005884       0x24 c:/program files (x86)/arm gnu toolchain arm-none-eabi/12.2 mpacbti-rel1/bin/../lib/gcc/arm-none-eabi/12.2.1/thumb/v7e-m+fp/hard\libc_nano.a(libc_a-readr.o)
                0x08005884                _read_r
 .text._write_r
                0x080058a8       0x24 c:/program files (x86)/arm gnu toolchain arm-none-eabi/12.2 mpacbti-rel1/bin/../lib/gcc/arm-none-eabi/12.2.1/thumb/v7e-m+fp/hard\libc_nano.a(libc_a-writer.o)
                0x080058a8                _write_r
 .text.__libc_init_array
                0x080058cc       0x48 c:/program files (x86)/arm gnu toolchain arm-none-eabi/12.2 mpacbti-rel1/bin/../lib/gcc/arm-none-eabi/12.2.1/thumb/v7e-m+fp/hard\libc_nano.a(libc_a-init.o)
                0x080058cc                __libc_init_array
 .text.__retarget_lock_init_recursive
                0x08005914        0x2 c:/program files (x86)/arm gnu toolchain arm-none-eabi/12.2 mpacbti-rel1/bin/../lib/gcc/arm-none-eabi/12.2.1/thumb/v7e-m+fp/hard\libc_nano.a(libc_a-lock.o)
                0x08005914                __retarget_lock_init_recursive
 .text.__retarget_lock_acquire_recursive
                0x08005916        0x2 c:/program files (x86)/arm gnu toolchain arm-none-eabi/12.2 mpacbti-rel1/bin/../lib/gcc/arm-none-eabi/12.2.1/thumb/v7e-m+fp/hard\libc_nano.a(libc_a-lock.o)
                0x08005916                __retarget_lock_acquire_recursive
 .text.__retarget_lock_release_recursive
                0x08005918        0x2 c:/program files (x86)/arm gnu toolchain arm-none-eabi/12.2 mpacbti-rel1/bin/../lib/gcc/arm-none-eabi/12.2.1/thumb/v7e-m+fp/hard\libc_nano.a(libc_a-lock.o)
                0x08005918                __retarget_lock_release_recursive
 .text.quorem   0x0800591a      0x110 c:/program files (x86)/arm gnu toolchain arm-none-eabi/12.2 mpacbti-rel1/bin/../lib/gcc/arm-none-eabi/12.2.1/thumb/v7e-m+fp/hard\libc_nano.a(libc_a-dtoa.o)
 *fill*         0x08005a2a        0x6 
 .text._dtoa_r  0x08005a30      0xc58 c:/program files (x86)/arm gnu toolchain arm-none-eabi/12.2 mpacbti-rel1/bin/../lib/gcc/arm-none-eabi/12.2.1/thumb/v7e-m+fp/hard\libc_nano.a(libc_a-dtoa.o)
                0x08005a30                _dtoa_r
 .text._free_r  0x08006688       0x94 c:/program files (x86)/arm gnu toolchain arm-none-eabi/12.2 mpacbti-rel1/bin/../lib/gcc/arm-none-eabi/12.2.1/thumb/v7e-m+fp/hard\libc_nano.a(libc_a-freer.o)
                0x08006688                _free_r
 .text.malloc   0x0800671c       0x10 c:/program files (x86)/arm gnu toolchain arm-none-eabi/12.2 mpacbti-rel1/bin/../lib/gcc/arm-none-eabi/12.2.1/thumb/v7e-m+fp/hard\libc_nano.a(libc_a-malloc.o)
                0x0800671c                malloc
 .text.sbrk_aligned
                0x0800672c       0x44 c:/program files (x86)/arm gnu toolchain arm-none-eabi/12.2 mpacbti-rel1/bin/../lib/gcc/arm-none-eabi/12.2.1/thumb/v7e-m+fp/hard\libc_nano.a(libc_a-mallocr.o)
 .text._malloc_r
                0x08006770      0x100 c:/program files (x86)/arm gnu toolchain arm-none-eabi/12.2 mpacbti-rel1/bin/../lib/gcc/arm-none-eabi/12.2.1/thumb/v7e-m+fp/hard\libc_nano.a(libc_a-mallocr.o)
                0x08006770                _malloc_r
 .text.__malloc_lock
                0x08006870        0xc c:/program files (x86)/arm gnu toolchain arm-none-eabi/12.2 mpacbti-rel1/bin/../lib/gcc/arm-none-eabi/12.2.1/thumb/v7e-m+fp/hard\libc_nano.a(libc_a-mlock.o)
                0x08006870                __malloc_lock
 .text.__malloc_unlock
                0x0800687c        0xc c:/program files (x86)/arm gnu toolchain arm-none-eabi/12.2 mpacbti-rel1/bin/../lib/gcc/arm-none-eabi/12.2.1/thumb/v7e-m+fp/hard\libc_nano.a(libc_a-mlock.o)
                0x0800687c                __malloc_unlock
 .text._Balloc  0x08006888       0x80 c:/program files (x86)/arm gnu toolchain arm-none-eabi/12.2 mpacbti-rel1/bin/../lib/gcc/arm-none-eabi/12.2.1/thumb/v7e-m+fp/hard\libc_nano.a(libc_a-mprec.o)
                0x08006888                _Balloc
 .text._Bfree   0x08006908       0x44 c:/program files (x86)/arm gnu toolchain arm-none-eabi/12.2 mpacbti-rel1/bin/../lib/gcc/arm-none-eabi/12.2.1/thumb/v7e-m+fp/hard\libc_nano.a(libc_a-mprec.o)
                0x08006908                _Bfree
 .text.__multadd
                0x0800694c       0x8c c:/program files (x86)/arm gnu toolchain arm-none-eabi/12.2 mpacbti-rel1/bin/../lib/gcc/arm-none-eabi/12.2.1/thumb/v7e-m+fp/hard\libc_nano.a(libc_a-mprec.o)
                0x0800694c                __multadd
 .text.__hi0bits
                0x080069d8       0x44 c:/program files (x86)/arm gnu toolchain arm-none-eabi/12.2 mpacbti-rel1/bin/../lib/gcc/arm-none-eabi/12.2.1/thumb/v7e-m+fp/hard\libc_nano.a(libc_a-mprec.o)
                0x080069d8                __hi0bits
 .text.__lo0bits
                0x08006a1c       0x5a c:/program files (x86)/arm gnu toolchain arm-none-eabi/12.2 mpacbti-rel1/bin/../lib/gcc/arm-none-eabi/12.2.1/thumb/v7e-m+fp/hard\libc_nano.a(libc_a-mprec.o)
                0x08006a1c                __lo0bits
 *fill*         0x08006a76        0x2 
 .text.__i2b    0x08006a78       0x2c c:/program files (x86)/arm gnu toolchain arm-none-eabi/12.2 mpacbti-rel1/bin/../lib/gcc/arm-none-eabi/12.2.1/thumb/v7e-m+fp/hard\libc_nano.a(libc_a-mprec.o)
                0x08006a78                __i2b
 .text.__multiply
                0x08006aa4      0x154 c:/program files (x86)/arm gnu toolchain arm-none-eabi/12.2 mpacbti-rel1/bin/../lib/gcc/arm-none-eabi/12.2.1/thumb/v7e-m+fp/hard\libc_nano.a(libc_a-mprec.o)
                0x08006aa4                __multiply
 .text.__pow5mult
                0x08006bf8       0xb4 c:/program files (x86)/arm gnu toolchain arm-none-eabi/12.2 mpacbti-rel1/bin/../lib/gcc/arm-none-eabi/12.2.1/thumb/v7e-m+fp/hard\libc_nano.a(libc_a-mprec.o)
                0x08006bf8                __pow5mult
 .text.__lshift
                0x08006cac       0xd8 c:/program files (x86)/arm gnu toolchain arm-none-eabi/12.2 mpacbti-rel1/bin/../lib/gcc/arm-none-eabi/12.2.1/thumb/v7e-m+fp/hard\libc_nano.a(libc_a-mprec.o)
                0x08006cac                __lshift
 .text.__mcmp   0x08006d84       0x36 c:/program files (x86)/arm gnu toolchain arm-none-eabi/12.2 mpacbti-rel1/bin/../lib/gcc/arm-none-eabi/12.2.1/thumb/v7e-m+fp/hard\libc_nano.a(libc_a-mprec.o)
                0x08006d84                __mcmp
 *fill*         0x08006dba        0x2 
 .text.__mdiff  0x08006dbc      0x128 c:/program files (x86)/arm gnu toolchain arm-none-eabi/12.2 mpacbti-rel1/bin/../lib/gcc/arm-none-eabi/12.2.1/thumb/v7e-m+fp/hard\libc_nano.a(libc_a-mprec.o)
                0x08006dbc                __mdiff
 .text.__d2b    0x08006ee4       0xb0 c:/program files (x86)/arm gnu toolchain arm-none-eabi/12.2 mpacbti-rel1/bin/../lib/gcc/arm-none-eabi/12.2.1/thumb/v7e-m+fp/hard\libc_nano.a(libc_a-mprec.o)
                0x08006ee4                __d2b
 .text.__sflush_r
                0x08006f94      0x108 c:/program files (x86)/arm gnu toolchain arm-none-eabi/12.2 mpacbti-rel1/bin/../lib/gcc/arm-none-eabi/12.2.1/thumb/v7e-m+fp/hard\libc_nano.a(libc_a-fflush.o)
                0x08006f94                __sflush_r
 .text._fflush_r
                0x0800709c       0x50 c:/program files (x86)/arm gnu toolchain arm-none-eabi/12.2 mpacbti-rel1/bin/../lib/gcc/arm-none-eabi/12.2.1/thumb/v7e-m+fp/hard\libc_nano.a(libc_a-fflush.o)
                0x0800709c                _fflush_r
 .text._sbrk_r  0x080070ec       0x20 c:/program files (x86)/arm gnu toolchain arm-none-eabi/12.2 mpacbti-rel1/bin/../lib/gcc/arm-none-eabi/12.2.1/thumb/v7e-m+fp/hard\libc_nano.a(libc_a-sbrkr.o)
                0x080070ec                _sbrk_r
 .text.memcpy   0x0800710c       0x1c c:/program files (x86)/arm gnu toolchain arm-none-eabi/12.2 mpacbti-rel1/bin/../lib/gcc/arm-none-eabi/12.2.1/thumb/v7e-m+fp/hard\libc_nano.a(libc_a-memcpy-stub.o)
                0x0800710c                memcpy
 .text.__assert_func
                0x08007128       0x3c c:/program files (x86)/arm gnu toolchain arm-none-eabi/12.2 mpacbti-rel1/bin/../lib/gcc/arm-none-eabi/12.2.1/thumb/v7e-m+fp/hard\libc_nano.a(libc_a-assert.o)
                0x08007128                __assert_func
 .text._calloc_r
                0x08007164       0x28 c:/program files (x86)/arm gnu toolchain arm-none-eabi/12.2 mpacbti-rel1/bin/../lib/gcc/arm-none-eabi/12.2.1/thumb/v7e-m+fp/hard\libc_nano.a(libc_a-callocr.o)
                0x08007164                _calloc_r
 .text.__ascii_mbtowc
                0x0800718c       0x24 c:/program files (x86)/arm gnu toolchain arm-none-eabi/12.2 mpacbti-rel1/bin/../lib/gcc/arm-none-eabi/12.2.1/thumb/v7e-m+fp/hard\libc_nano.a(libc_a-mbtowc_r.o)
                0x0800718c                __ascii_mbtowc
 .text.__ascii_wctomb
                0x080071b0       0x1a c:/program files (x86)/arm gnu toolchain arm-none-eabi/12.2 mpacbti-rel1/bin/../lib/gcc/arm-none-eabi/12.2.1/thumb/v7e-m+fp/hard\libc_nano.a(libc_a-wctomb_r.o)
                0x080071b0                __ascii_wctomb
 *fill*         0x080071ca        0x2 
 .text.fprintf  0x080071cc       0x24 c:/program files (x86)/arm gnu toolchain arm-none-eabi/12.2 mpacbti-rel1/bin/../lib/gcc/arm-none-eabi/12.2.1/thumb/v7e-m+fp/hard\libc_nano.a(libc_a-fprintf.o)
                0x080071cc                fiprintf
                0x080071cc                fprintf
 .text.abort    0x080071f0        0xe c:/program files (x86)/arm gnu toolchain arm-none-eabi/12.2 mpacbti-rel1/bin/../lib/gcc/arm-none-eabi/12.2.1/thumb/v7e-m+fp/hard\libc_nano.a(libc_a-abort.o)
                0x080071f0                abort
 .text.__sfputc_r
                0x080071fe       0x2e c:/program files (x86)/arm gnu toolchain arm-none-eabi/12.2 mpacbti-rel1/bin/../lib/gcc/arm-none-eabi/12.2.1/thumb/v7e-m+fp/hard\libc_nano.a(libc_a-nano-vfprintf.o)
 .text.__sfputs_r
                0x0800722c       0x24 c:/program files (x86)/arm gnu toolchain arm-none-eabi/12.2 mpacbti-rel1/bin/../lib/gcc/arm-none-eabi/12.2.1/thumb/v7e-m+fp/hard\libc_nano.a(libc_a-nano-vfprintf.o)
                0x0800722c                __sfputs_r
 .text._vfprintf_r
                0x08007250      0x230 c:/program files (x86)/arm gnu toolchain arm-none-eabi/12.2 mpacbti-rel1/bin/../lib/gcc/arm-none-eabi/12.2.1/thumb/v7e-m+fp/hard\libc_nano.a(libc_a-nano-vfprintf.o)
                0x08007250                _vfprintf_r
                0x08007250                _vfiprintf_r
 .text.__swbuf_r
                0x08007480       0x7c c:/program files (x86)/arm gnu toolchain arm-none-eabi/12.2 mpacbti-rel1/bin/../lib/gcc/arm-none-eabi/12.2.1/thumb/v7e-m+fp/hard\libc_nano.a(libc_a-wbuf.o)
                0x08007480                __swbuf_r
 .text.__swsetup_r
                0x080074fc       0xac c:/program files (x86)/arm gnu toolchain arm-none-eabi/12.2 mpacbti-rel1/bin/../lib/gcc/arm-none-eabi/12.2.1/thumb/v7e-m+fp/hard\libc_nano.a(libc_a-wsetup.o)
                0x080074fc                __swsetup_r
 .text._raise_r
                0x080075a8       0x50 c:/program files (x86)/arm gnu toolchain arm-none-eabi/12.2 mpacbti-rel1/bin/../lib/gcc/arm-none-eabi/12.2.1/thumb/v7e-m+fp/hard\libc_nano.a(libc_a-signal.o)
                0x080075a8                _raise_r
 .text.raise    0x080075f8       0x10 c:/program files (x86)/arm gnu toolchain arm-none-eabi/12.2 mpacbti-rel1/bin/../lib/gcc/arm-none-eabi/12.2.1/thumb/v7e-m+fp/hard\libc_nano.a(libc_a-signal.o)
                0x080075f8                raise
 .text._kill_r  0x08007608       0x24 c:/program files (x86)/arm gnu toolchain arm-none-eabi/12.2 mpacbti-rel1/bin/../lib/gcc/arm-none-eabi/12.2.1/thumb/v7e-m+fp/hard\libc_nano.a(libc_a-signalr.o)
                0x08007608                _kill_r
 .text._getpid_r
                0x0800762c        0x4 c:/program files (x86)/arm gnu toolchain arm-none-eabi/12.2 mpacbti-rel1/bin/../lib/gcc/arm-none-eabi/12.2.1/thumb/v7e-m+fp/hard\libc_nano.a(libc_a-signalr.o)
                0x0800762c                _getpid_r
 .text.__swhatbuf_r
                0x08007630       0x4c c:/program files (x86)/arm gnu toolchain arm-none-eabi/12.2 mpacbti-rel1/bin/../lib/gcc/arm-none-eabi/12.2.1/thumb/v7e-m+fp/hard\libc_nano.a(libc_a-makebuf.o)
                0x08007630                __swhatbuf_r
 .text.__smakebuf_r
                0x0800767c       0x78 c:/program files (x86)/arm gnu toolchain arm-none-eabi/12.2 mpacbti-rel1/bin/../lib/gcc/arm-none-eabi/12.2.1/thumb/v7e-m+fp/hard\libc_nano.a(libc_a-makebuf.o)
                0x0800767c                __smakebuf_r
 .text._fstat_r
                0x080076f4       0x24 c:/program files (x86)/arm gnu toolchain arm-none-eabi/12.2 mpacbti-rel1/bin/../lib/gcc/arm-none-eabi/12.2.1/thumb/v7e-m+fp/hard\libc_nano.a(libc_a-fstatr.o)
                0x080076f4                _fstat_r
 .text._isatty_r
                0x08007718       0x20 c:/program files (x86)/arm gnu toolchain arm-none-eabi/12.2 mpacbti-rel1/bin/../lib/gcc/arm-none-eabi/12.2.1/thumb/v7e-m+fp/hard\libc_nano.a(libc_a-isattyr.o)
                0x08007718                _isatty_r
 .text.pow      0x08007738       0xf0 c:/program files (x86)/arm gnu toolchain arm-none-eabi/12.2 mpacbti-rel1/bin/../lib/gcc/arm-none-eabi/12.2.1/thumb/v7e-m+fp/hard\libm.a(libm_a-w_pow.o)
                0x08007738                pow
 .text.sqrt     0x08007828       0x68 c:/program files (x86)/arm gnu toolchain arm-none-eabi/12.2 mpacbti-rel1/bin/../lib/gcc/arm-none-eabi/12.2.1/thumb/v7e-m+fp/hard\libm.a(libm_a-w_sqrt.o)
                0x08007828                sqrt
 .text.atan     0x08007890      0x328 c:/program files (x86)/arm gnu toolchain arm-none-eabi/12.2 mpacbti-rel1/bin/../lib/gcc/arm-none-eabi/12.2.1/thumb/v7e-m+fp/hard\libm.a(libm_a-s_atan.o)
                0x08007890                atan
 .text.fabs     0x08007bb8       0x10 c:/program files (x86)/arm gnu toolchain arm-none-eabi/12.2 mpacbti-rel1/bin/../lib/gcc/arm-none-eabi/12.2.1/thumb/v7e-m+fp/hard\libm.a(libm_a-s_fabs.o)
                0x08007bb8                fabs
 .text.finite   0x08007bc8       0x18 c:/program files (x86)/arm gnu toolchain arm-none-eabi/12.2 mpacbti-rel1/bin/../lib/gcc/arm-none-eabi/12.2.1/thumb/v7e-m+fp/hard\libm.a(libm_a-s_finite.o)
                0x08007bc8                finite
 .text.__ieee754_sqrt
                0x08007be0      0x1f4 c:/program files (x86)/arm gnu toolchain arm-none-eabi/12.2 mpacbti-rel1/bin/../lib/gcc/arm-none-eabi/12.2.1/thumb/v7e-m+fp/hard\libm.a(libm_a-e_sqrt.o)
                0x08007be0                __ieee754_sqrt
 *fill*         0x08007dd4        0x4 
 .text.__ieee754_pow
                0x08007dd8      0xbdc c:/program files (x86)/arm gnu toolchain arm-none-eabi/12.2 mpacbti-rel1/bin/../lib/gcc/arm-none-eabi/12.2.1/thumb/v7e-m+fp/hard\libm.a(libm_a-e_pow.o)
                0x08007dd8                __ieee754_pow
 *fill*         0x080089b4        0x4 
 .text.scalbn   0x080089b8      0x114 c:/program files (x86)/arm gnu toolchain arm-none-eabi/12.2 mpacbti-rel1/bin/../lib/gcc/arm-none-eabi/12.2.1/thumb/v7e-m+fp/hard\libm.a(libm_a-s_scalbn.o)
                0x080089b8                scalbn
 .text.with_errno
                0x08008acc       0x24 c:/program files (x86)/arm gnu toolchain arm-none-eabi/12.2 mpacbti-rel1/bin/../lib/gcc/arm-none-eabi/12.2.1/thumb/v7e-m+fp/hard\libm.a(libm_a-math_err.o)
 .text.xflow    0x08008af0       0x34 c:/program files (x86)/arm gnu toolchain arm-none-eabi/12.2 mpacbti-rel1/bin/../lib/gcc/arm-none-eabi/12.2.1/thumb/v7e-m+fp/hard\libm.a(libm_a-math_err.o)
 *fill*         0x08008b24        0x4 
 .text.__math_uflow
                0x08008b28       0x10 c:/program files (x86)/arm gnu toolchain arm-none-eabi/12.2 mpacbti-rel1/bin/../lib/gcc/arm-none-eabi/12.2.1/thumb/v7e-m+fp/hard\libm.a(libm_a-math_err.o)
                0x08008b28                __math_uflow
 .text.__math_oflow
                0x08008b38       0x10 c:/program files (x86)/arm gnu toolchain arm-none-eabi/12.2 mpacbti-rel1/bin/../lib/gcc/arm-none-eabi/12.2.1/thumb/v7e-m+fp/hard\libm.a(libm_a-math_err.o)
                0x08008b38                __math_oflow
 .text._close   0x08008b48       0x10 c:/program files (x86)/arm gnu toolchain arm-none-eabi/12.2 mpacbti-rel1/bin/../lib/gcc/arm-none-eabi/12.2.1/thumb/v7e-m+fp/hard\libnosys.a(close.o)
                0x08008b48                _close
 .text._fstat   0x08008b58       0x10 c:/program files (x86)/arm gnu toolchain arm-none-eabi/12.2 mpacbti-rel1/bin/../lib/gcc/arm-none-eabi/12.2.1/thumb/v7e-m+fp/hard\libnosys.a(fstat.o)
                0x08008b58                _fstat
 .text._getpid  0x08008b68       0x10 c:/program files (x86)/arm gnu toolchain arm-none-eabi/12.2 mpacbti-rel1/bin/../lib/gcc/arm-none-eabi/12.2.1/thumb/v7e-m+fp/hard\libnosys.a(getpid.o)
                0x08008b68                _getpid
 .text._isatty  0x08008b78       0x10 c:/program files (x86)/arm gnu toolchain arm-none-eabi/12.2 mpacbti-rel1/bin/../lib/gcc/arm-none-eabi/12.2.1/thumb/v7e-m+fp/hard\libnosys.a(isatty.o)
                0x08008b78                _isatty
 .text._kill    0x08008b88       0x10 c:/program files (x86)/arm gnu toolchain arm-none-eabi/12.2 mpacbti-rel1/bin/../lib/gcc/arm-none-eabi/12.2.1/thumb/v7e-m+fp/hard\libnosys.a(kill.o)
                0x08008b88                _kill
 .text._lseek   0x08008b98       0x10 c:/program files (x86)/arm gnu toolchain arm-none-eabi/12.2 mpacbti-rel1/bin/../lib/gcc/arm-none-eabi/12.2.1/thumb/v7e-m+fp/hard\libnosys.a(lseek.o)
                0x08008b98                _lseek
 .text._read    0x08008ba8       0x10 c:/program files (x86)/arm gnu toolchain arm-none-eabi/12.2 mpacbti-rel1/bin/../lib/gcc/arm-none-eabi/12.2.1/thumb/v7e-m+fp/hard\libnosys.a(read.o)
                0x08008ba8                _read
 .text._sbrk    0x08008bb8       0x1c c:/program files (x86)/arm gnu toolchain arm-none-eabi/12.2 mpacbti-rel1/bin/../lib/gcc/arm-none-eabi/12.2.1/thumb/v7e-m+fp/hard\libnosys.a(sbrk.o)
                0x08008bb8                _sbrk
 .text._write   0x08008bd4       0x10 c:/program files (x86)/arm gnu toolchain arm-none-eabi/12.2 mpacbti-rel1/bin/../lib/gcc/arm-none-eabi/12.2.1/thumb/v7e-m+fp/hard\libnosys.a(write.o)
                0x08008bd4                _write
 .text._exit    0x08008be4        0x4 c:/program files (x86)/arm gnu toolchain arm-none-eabi/12.2 mpacbti-rel1/bin/../lib/gcc/arm-none-eabi/12.2.1/thumb/v7e-m+fp/hard\libnosys.a(_exit.o)
                0x08008be4                _exit
 .text.__udivmoddi4
                0x08008be8      0x2bc c:/program files (x86)/arm gnu toolchain arm-none-eabi/12.2 mpacbti-rel1/bin/../lib/gcc/arm-none-eabi/12.2.1/thumb/v7e-m+fp/hard\libgcc.a(_udivmoddi4.o)
                0x08008be8                __udivmoddi4
 .text.__errno  0x08008ea4        0xc c:/program files (x86)/arm gnu toolchain arm-none-eabi/12.2 mpacbti-rel1/bin/../lib/gcc/arm-none-eabi/12.2.1/thumb/v7e-m+fp/hard\libc_nano.a(libc_a-errno.o)
                0x08008ea4                __errno
 *(.glue_7)
 .glue_7        0x08008eb0        0x0 linker stubs
 *(.glue_7t)
 .glue_7t       0x08008eb0        0x0 linker stubs
 *(.eh_frame)
 .eh_frame      0x08008eb0        0x0 c:/program files (x86)/arm gnu toolchain arm-none-eabi/12.2 mpacbti-rel1/bin/../lib/gcc/arm-none-eabi/12.2.1/thumb/v7e-m+fp/hard/crtbegin.o
 *(.init)
 .init          0x08008eb0        0x4 c:/program files (x86)/arm gnu toolchain arm-none-eabi/12.2 mpacbti-rel1/bin/../lib/gcc/arm-none-eabi/12.2.1/thumb/v7e-m+fp/hard/crti.o
                0x08008eb0                _init
 .init          0x08008eb4        0x8 c:/program files (x86)/arm gnu toolchain arm-none-eabi/12.2 mpacbti-rel1/bin/../lib/gcc/arm-none-eabi/12.2.1/thumb/v7e-m+fp/hard/crtn.o
 *(.fini)
 .fini          0x08008ebc        0x4 c:/program files (x86)/arm gnu toolchain arm-none-eabi/12.2 mpacbti-rel1/bin/../lib/gcc/arm-none-eabi/12.2.1/thumb/v7e-m+fp/hard/crti.o
                0x08008ebc                _fini
 .fini          0x08008ec0        0x8 c:/program files (x86)/arm gnu toolchain arm-none-eabi/12.2 mpacbti-rel1/bin/../lib/gcc/arm-none-eabi/12.2.1/thumb/v7e-m+fp/hard/crtn.o
                0x08008ec8                        . = ALIGN (0x4)
                0x08008ec8                        _etext = .

.vfp11_veneer   0x08008ec8        0x0
 .vfp11_veneer  0x08008ec8        0x0 linker stubs

.v4_bx          0x08008ec8        0x0
 .v4_bx         0x08008ec8        0x0 linker stubs

.iplt           0x08008ec8        0x0
 .iplt          0x08008ec8        0x0 c:/program files (x86)/arm gnu toolchain arm-none-eabi/12.2 mpacbti-rel1/bin/../lib/gcc/arm-none-eabi/12.2.1/thumb/v7e-m+fp/hard/crtbegin.o

.rodata         0x08008ec8      0x3e0
                0x08008ec8                        . = ALIGN (0x4)
 *(.rodata)
 *(.rodata*)
 .rodata.flagBitshiftOffset.0
                0x08008ec8        0x8 build/stm32f4xx_hal_dma.o
 .rodata.APBPrescTable
                0x08008ed0        0x8 build/system_stm32f4xx.o
                0x08008ed0                APBPrescTable
 .rodata.AHBPrescTable
                0x08008ed8       0x10 build/system_stm32f4xx.o
                0x08008ed8                AHBPrescTable
 .rodata._printf_float.str1.1
                0x08008ee8       0x12 c:/program files (x86)/arm gnu toolchain arm-none-eabi/12.2 mpacbti-rel1/bin/../lib/gcc/arm-none-eabi/12.2.1/thumb/v7e-m+fp/hard\libc_nano.a(libc_a-nano-vfprintf_float.o)
 .rodata._printf_i.str1.1
                0x08008efa       0x22 c:/program files (x86)/arm gnu toolchain arm-none-eabi/12.2 mpacbti-rel1/bin/../lib/gcc/arm-none-eabi/12.2.1/thumb/v7e-m+fp/hard\libc_nano.a(libc_a-nano-vfprintf_i.o)
 .rodata._dtoa_r.str1.1
                0x08008f1c       0x96 c:/program files (x86)/arm gnu toolchain arm-none-eabi/12.2 mpacbti-rel1/bin/../lib/gcc/arm-none-eabi/12.2.1/thumb/v7e-m+fp/hard\libc_nano.a(libc_a-dtoa.o)
                                 0x98 (size before relaxing)
 .rodata._Balloc.str1.1
                0x08008fb2       0x62 c:/program files (x86)/arm gnu toolchain arm-none-eabi/12.2 mpacbti-rel1/bin/../lib/gcc/arm-none-eabi/12.2.1/thumb/v7e-m+fp/hard\libc_nano.a(libc_a-mprec.o)
                                 0x79 (size before relaxing)
 .rodata.__multadd.str1.1
                0x08009014       0x11 c:/program files (x86)/arm gnu toolchain arm-none-eabi/12.2 mpacbti-rel1/bin/../lib/gcc/arm-none-eabi/12.2.1/thumb/v7e-m+fp/hard\libc_nano.a(libc_a-mprec.o)
 .rodata.p05.0  0x08009014        0xc c:/program files (x86)/arm gnu toolchain arm-none-eabi/12.2 mpacbti-rel1/bin/../lib/gcc/arm-none-eabi/12.2.1/thumb/v7e-m+fp/hard\libc_nano.a(libc_a-mprec.o)
 .rodata.__mprec_bigtens
                0x08009020       0x28 c:/program files (x86)/arm gnu toolchain arm-none-eabi/12.2 mpacbti-rel1/bin/../lib/gcc/arm-none-eabi/12.2.1/thumb/v7e-m+fp/hard\libc_nano.a(libc_a-mprec.o)
                0x08009020                __mprec_bigtens
 .rodata.__mprec_tens
                0x08009048       0xc8 c:/program files (x86)/arm gnu toolchain arm-none-eabi/12.2 mpacbti-rel1/bin/../lib/gcc/arm-none-eabi/12.2.1/thumb/v7e-m+fp/hard\libc_nano.a(libc_a-mprec.o)
                0x08009048                __mprec_tens
 .rodata._setlocale_r.str1.1
                0x08009110        0x8 c:/program files (x86)/arm gnu toolchain arm-none-eabi/12.2 mpacbti-rel1/bin/../lib/gcc/arm-none-eabi/12.2.1/thumb/v7e-m+fp/hard\libc_nano.a(libc_a-locale.o)
                                  0x9 (size before relaxing)
 .rodata.str1.1
                0x08009118        0x2 c:/program files (x86)/arm gnu toolchain arm-none-eabi/12.2 mpacbti-rel1/bin/../lib/gcc/arm-none-eabi/12.2.1/thumb/v7e-m+fp/hard\libc_nano.a(libc_a-locale.o)
 .rodata.__assert_func.str1.1
                0x0800911a       0x3c c:/program files (x86)/arm gnu toolchain arm-none-eabi/12.2 mpacbti-rel1/bin/../lib/gcc/arm-none-eabi/12.2.1/thumb/v7e-m+fp/hard\libc_nano.a(libc_a-assert.o)
                                 0x3d (size before relaxing)
 .rodata._ctype_
                0x08009156      0x101 c:/program files (x86)/arm gnu toolchain arm-none-eabi/12.2 mpacbti-rel1/bin/../lib/gcc/arm-none-eabi/12.2.1/thumb/v7e-m+fp/hard\libc_nano.a(libc_a-ctype_.o)
                0x08009156                _ctype_
 .rodata._vfprintf_r.str1.1
                0x08009257       0x11 c:/program files (x86)/arm gnu toolchain arm-none-eabi/12.2 mpacbti-rel1/bin/../lib/gcc/arm-none-eabi/12.2.1/thumb/v7e-m+fp/hard\libc_nano.a(libc_a-nano-vfprintf.o)
 .rodata.atanlo
                0x08009268       0x20 c:/program files (x86)/arm gnu toolchain arm-none-eabi/12.2 mpacbti-rel1/bin/../lib/gcc/arm-none-eabi/12.2.1/thumb/v7e-m+fp/hard\libm.a(libm_a-s_atan.o)
 .rodata.atanhi
                0x08009288       0x20 c:/program files (x86)/arm gnu toolchain arm-none-eabi/12.2 mpacbti-rel1/bin/../lib/gcc/arm-none-eabi/12.2.1/thumb/v7e-m+fp/hard\libm.a(libm_a-s_atan.o)
                0x080092a8                        . = ALIGN (0x4)

.ARM.extab
 *(.ARM.extab* .gnu.linkonce.armextab.*)

.ARM            0x080092a8        0x8
                0x080092a8                        __exidx_start = .
 *(.ARM.exidx*)
 .ARM.exidx     0x080092a8        0x8 c:/program files (x86)/arm gnu toolchain arm-none-eabi/12.2 mpacbti-rel1/bin/../lib/gcc/arm-none-eabi/12.2.1/thumb/v7e-m+fp/hard\libc_nano.a(libc_a-memchr.o)
 .ARM.exidx     0x080092b0        0x0 c:/program files (x86)/arm gnu toolchain arm-none-eabi/12.2 mpacbti-rel1/bin/../lib/gcc/arm-none-eabi/12.2.1/thumb/v7e-m+fp/hard\libc_nano.a(libc_a-strlen.o)
                                  0x8 (size before relaxing)
 .ARM.exidx.text.__udivmoddi4
                0x080092b0        0x0 c:/program files (x86)/arm gnu toolchain arm-none-eabi/12.2 mpacbti-rel1/bin/../lib/gcc/arm-none-eabi/12.2.1/thumb/v7e-m+fp/hard\libgcc.a(_udivmoddi4.o)
                                  0x8 (size before relaxing)
                0x080092b0                        __exidx_end = .

.rel.dyn        0x080092b0        0x0
 .rel.iplt      0x080092b0        0x0 c:/program files (x86)/arm gnu toolchain arm-none-eabi/12.2 mpacbti-rel1/bin/../lib/gcc/arm-none-eabi/12.2.1/thumb/v7e-m+fp/hard/crtbegin.o

.preinit_array  0x080092b0        0x0
                0x080092b0                        PROVIDE (__preinit_array_start = .)
 *(.preinit_array*)
                0x080092b0                        PROVIDE (__preinit_array_end = .)

.init_array     0x080092b0        0x4
                0x080092b0                        PROVIDE (__init_array_start = .)
 *(SORT_BY_NAME(.init_array.*))
 *(.init_array*)
 .init_array    0x080092b0        0x4 c:/program files (x86)/arm gnu toolchain arm-none-eabi/12.2 mpacbti-rel1/bin/../lib/gcc/arm-none-eabi/12.2.1/thumb/v7e-m+fp/hard/crtbegin.o
                0x080092b4                        PROVIDE (__init_array_end = .)

.fini_array     0x080092b4        0x4
                [!provide]                        PROVIDE (__fini_array_start = .)
 *(SORT_BY_NAME(.fini_array.*))
 *(.fini_array*)
 .fini_array    0x080092b4        0x4 c:/program files (x86)/arm gnu toolchain arm-none-eabi/12.2 mpacbti-rel1/bin/../lib/gcc/arm-none-eabi/12.2.1/thumb/v7e-m+fp/hard/crtbegin.o
                [!provide]                        PROVIDE (__fini_array_end = .)
                0x080092b8                        _sidata = LOADADDR (.data)

.data           0x20000000      0x210 load address 0x080092b8
                0x20000000                        . = ALIGN (0x4)
                0x20000000                        _sdata = .
 *(.data)
 *(.data*)
 .data.Throttle_Input
                0x20000000        0x2 build/main.o
                0x20000000                Throttle_Input
 *fill*         0x20000002        0x2 
 .data.motor    0x20000004       0x24 build/main.o
                0x20000004                motor
 .data.uwTickFreq
                0x20000028        0x1 build/stm32f4xx_hal.o
                0x20000028                uwTickFreq
 *fill*         0x20000029        0x3 
 .data.uwTickPrio
                0x2000002c        0x4 build/stm32f4xx_hal.o
                0x2000002c                uwTickPrio
 .data.SystemCoreClock
                0x20000030        0x4 build/system_stm32f4xx.o
                0x20000030                SystemCoreClock
 .data.__sglue  0x20000034        0xc c:/program files (x86)/arm gnu toolchain arm-none-eabi/12.2 mpacbti-rel1/bin/../lib/gcc/arm-none-eabi/12.2.1/thumb/v7e-m+fp/hard\libc_nano.a(libc_a-findfp.o)
                0x20000034                __sglue
 .data._impure_ptr
                0x20000040        0x4 c:/program files (x86)/arm gnu toolchain arm-none-eabi/12.2 mpacbti-rel1/bin/../lib/gcc/arm-none-eabi/12.2.1/thumb/v7e-m+fp/hard\libc_nano.a(libc_a-impure.o)
                0x20000040                _impure_ptr
 .data._impure_data
                0x20000044       0x4c c:/program files (x86)/arm gnu toolchain arm-none-eabi/12.2 mpacbti-rel1/bin/../lib/gcc/arm-none-eabi/12.2.1/thumb/v7e-m+fp/hard\libc_nano.a(libc_a-impure.o)
                0x20000044                _impure_data
 .data.__global_locale
                0x20000090      0x16c c:/program files (x86)/arm gnu toolchain arm-none-eabi/12.2 mpacbti-rel1/bin/../lib/gcc/arm-none-eabi/12.2.1/thumb/v7e-m+fp/hard\libc_nano.a(libc_a-locale.o)
                0x20000090                __global_locale
 *fill*         0x200001fc        0x4 
 .data.tiny     0x20000200        0x8 c:/program files (x86)/arm gnu toolchain arm-none-eabi/12.2 mpacbti-rel1/bin/../lib/gcc/arm-none-eabi/12.2.1/thumb/v7e-m+fp/hard\libm.a(libm_a-e_sqrt.o)
 .data.one      0x20000208        0x8 c:/program files (x86)/arm gnu toolchain arm-none-eabi/12.2 mpacbti-rel1/bin/../lib/gcc/arm-none-eabi/12.2.1/thumb/v7e-m+fp/hard\libm.a(libm_a-e_sqrt.o)
                0x20000210                        . = ALIGN (0x4)
                0x20000210                        _edata = .

.tm_clone_table
                0x20000210        0x0 load address 0x080094c8
 .tm_clone_table
                0x20000210        0x0 c:/program files (x86)/arm gnu toolchain arm-none-eabi/12.2 mpacbti-rel1/bin/../lib/gcc/arm-none-eabi/12.2.1/thumb/v7e-m+fp/hard/crtbegin.o
 .tm_clone_table
                0x20000210        0x0 c:/program files (x86)/arm gnu toolchain arm-none-eabi/12.2 mpacbti-rel1/bin/../lib/gcc/arm-none-eabi/12.2.1/thumb/v7e-m+fp/hard/crtend.o

.igot.plt       0x20000210        0x0 load address 0x080094c8
 .igot.plt      0x20000210        0x0 c:/program files (x86)/arm gnu toolchain arm-none-eabi/12.2 mpacbti-rel1/bin/../lib/gcc/arm-none-eabi/12.2.1/thumb/v7e-m+fp/hard/crtbegin.o
                0x20000210                        . = ALIGN (0x4)

.bss            0x20000210      0x514 load address 0x080094c8
                0x20000210                        _sbss = .
                0x20000210                        __bss_start__ = _sbss
 *(.bss)
 *(.bss*)
 .bss.completed.1
                0x20000210        0x1 c:/program files (x86)/arm gnu toolchain arm-none-eabi/12.2 mpacbti-rel1/bin/../lib/gcc/arm-none-eabi/12.2.1/thumb/v7e-m+fp/hard/crtbegin.o
 *fill*         0x20000211        0x3 
 .bss.object.0  0x20000214       0x18 c:/program files (x86)/arm gnu toolchain arm-none-eabi/12.2 mpacbti-rel1/bin/../lib/gcc/arm-none-eabi/12.2.1/thumb/v7e-m+fp/hard/crtbegin.o
 .bss.last_time
                0x2000022c        0x4 build/main.o
                0x2000022c                last_time
 .bss.Yaw_Input
                0x20000230        0x4 build/main.o
                0x20000230                Yaw_Input
 .bss.Pitch_Input
                0x20000234        0x4 build/main.o
                0x20000234                Pitch_Input
 .bss.Roll_Input
                0x20000238        0x4 build/main.o
                0x20000238                Roll_Input
 *fill*         0x2000023c        0x4 
 .bss.KalmanPitch
                0x20000240        0x8 build/main.o
                0x20000240                KalmanPitch
 .bss.KalmanRoll
                0x20000248        0x8 build/main.o
                0x20000248                KalmanRoll
 .bss.Kalman    0x20000250       0x30 build/main.o
                0x20000250                Kalman
 .bss.IMU       0x20000280       0x40 build/main.o
                0x20000280                IMU
 .bss.huart2    0x200002c0       0x44 build/main.o
                0x200002c0                huart2
 .bss.huart1    0x20000304       0x44 build/main.o
                0x20000304                huart1
 .bss.hdma_tim3_ch1_trig
                0x20000348       0x60 build/main.o
                0x20000348                hdma_tim3_ch1_trig
 .bss.hdma_tim3_ch2
                0x200003a8       0x60 build/main.o
                0x200003a8                hdma_tim3_ch2
 .bss.hdma_tim2_up_ch3
                0x20000408       0x60 build/main.o
                0x20000408                hdma_tim2_up_ch3
 .bss.hdma_tim2_ch2_ch4
                0x20000468       0x60 build/main.o
                0x20000468                hdma_tim2_ch2_ch4
 .bss.htim3     0x200004c8       0x48 build/main.o
                0x200004c8                htim3
 .bss.htim2     0x20000510       0x48 build/main.o
                0x20000510                htim2
 .bss.hi2c1     0x20000558       0x54 build/main.o
                0x20000558                hi2c1
 .bss._bmp180_oss
                0x200005ac        0x1 build/bmp180_for_stm32_hal.o
                0x200005ac                _bmp180_oss
 *fill*         0x200005ad        0x3 
 .bss._bmp180_eeprom
                0x200005b0       0x16 build/bmp180_for_stm32_hal.o
                0x200005b0                _bmp180_eeprom
 *fill*         0x200005c6        0x2 
 .bss._bmp180_ui2c
                0x200005c8        0x4 build/bmp180_for_stm32_hal.o
                0x200005c8                _bmp180_ui2c
 .bss.timer     0x200005cc        0x4 build/kalman_filter.o
                0x200005cc                timer
 .bss.uwTick    0x200005d0        0x4 build/stm32f4xx_hal.o
                0x200005d0                uwTick
 .bss.__sf      0x200005d4      0x138 c:/program files (x86)/arm gnu toolchain arm-none-eabi/12.2 mpacbti-rel1/bin/../lib/gcc/arm-none-eabi/12.2.1/thumb/v7e-m+fp/hard\libc_nano.a(libc_a-findfp.o)
                0x200005d4                __sf
 .bss.__stdio_exit_handler
                0x2000070c        0x4 c:/program files (x86)/arm gnu toolchain arm-none-eabi/12.2 mpacbti-rel1/bin/../lib/gcc/arm-none-eabi/12.2.1/thumb/v7e-m+fp/hard\libc_nano.a(libc_a-findfp.o)
                0x2000070c                __stdio_exit_handler
 .bss.errno     0x20000710        0x4 c:/program files (x86)/arm gnu toolchain arm-none-eabi/12.2 mpacbti-rel1/bin/../lib/gcc/arm-none-eabi/12.2.1/thumb/v7e-m+fp/hard\libc_nano.a(libc_a-reent.o)
                0x20000710                errno
 .bss.__lock___malloc_recursive_mutex
                0x20000714        0x1 c:/program files (x86)/arm gnu toolchain arm-none-eabi/12.2 mpacbti-rel1/bin/../lib/gcc/arm-none-eabi/12.2.1/thumb/v7e-m+fp/hard\libc_nano.a(libc_a-lock.o)
                0x20000714                __lock___malloc_recursive_mutex
 .bss.__lock___sfp_recursive_mutex
                0x20000715        0x1 c:/program files (x86)/arm gnu toolchain arm-none-eabi/12.2 mpacbti-rel1/bin/../lib/gcc/arm-none-eabi/12.2.1/thumb/v7e-m+fp/hard\libc_nano.a(libc_a-lock.o)
                0x20000715                __lock___sfp_recursive_mutex
 *fill*         0x20000716        0x2 
 .bss.__malloc_sbrk_start
                0x20000718        0x4 c:/program files (x86)/arm gnu toolchain arm-none-eabi/12.2 mpacbti-rel1/bin/../lib/gcc/arm-none-eabi/12.2.1/thumb/v7e-m+fp/hard\libc_nano.a(libc_a-mallocr.o)
                0x20000718                __malloc_sbrk_start
 .bss.__malloc_free_list
                0x2000071c        0x4 c:/program files (x86)/arm gnu toolchain arm-none-eabi/12.2 mpacbti-rel1/bin/../lib/gcc/arm-none-eabi/12.2.1/thumb/v7e-m+fp/hard\libc_nano.a(libc_a-mallocr.o)
                0x2000071c                __malloc_free_list
 .bss.heap_end.0
                0x20000720        0x4 c:/program files (x86)/arm gnu toolchain arm-none-eabi/12.2 mpacbti-rel1/bin/../lib/gcc/arm-none-eabi/12.2.1/thumb/v7e-m+fp/hard\libnosys.a(sbrk.o)
 *(COMMON)
                0x20000724                        . = ALIGN (0x4)
                0x20000724                        _ebss = .
                0x20000724                        __bss_end__ = _ebss

._user_heap_stack
                0x20000724      0x604 load address 0x080094c8
                0x20000728                        . = ALIGN (0x8)
 *fill*         0x20000724        0x4 
                0x20000728                        PROVIDE (end = .)
                [!provide]                        PROVIDE (_end = .)
                0x20000928                        . = (. + _Min_Heap_Size)
 *fill*         0x20000728      0x200 
                0x20000d28                        . = (. + _Min_Stack_Size)
 *fill*         0x20000928      0x400 
                0x20000d28                        . = ALIGN (0x8)

/DISCARD/
 libc.a(*)
 libm.a(*)
 libgcc.a(*)

.ARM.attributes
                0x00000000       0x30
 *(.ARM.attributes)
 .ARM.attributes
                0x00000000       0x22 c:/program files (x86)/arm gnu toolchain arm-none-eabi/12.2 mpacbti-rel1/bin/../lib/gcc/arm-none-eabi/12.2.1/thumb/v7e-m+fp/hard/crti.o
 .ARM.attributes
                0x00000022       0x34 c:/program files (x86)/arm gnu toolchain arm-none-eabi/12.2 mpacbti-rel1/bin/../lib/gcc/arm-none-eabi/12.2.1/thumb/v7e-m+fp/hard/crtbegin.o
 .ARM.attributes
                0x00000056       0x34 build/main.o
 .ARM.attributes
                0x0000008a       0x34 build/mpu6050.o
 .ARM.attributes
                0x000000be       0x34 build/bmp180_for_stm32_hal.o
 .ARM.attributes
                0x000000f2       0x34 build/kalman_filter.o
 .ARM.attributes
                0x00000126       0x34 build/stm32f4xx_it.o
 .ARM.attributes
                0x0000015a       0x34 build/stm32f4xx_hal_msp.o
 .ARM.attributes
                0x0000018e       0x34 build/stm32f4xx_hal_i2c.o
 .ARM.attributes
                0x000001c2       0x34 build/stm32f4xx_hal_rcc.o
 .ARM.attributes
                0x000001f6       0x34 build/stm32f4xx_hal_rcc_ex.o
 .ARM.attributes
                0x0000022a       0x34 build/stm32f4xx_hal_gpio.o
 .ARM.attributes
                0x0000025e       0x34 build/stm32f4xx_hal_dma.o
 .ARM.attributes
                0x00000292       0x34 build/stm32f4xx_hal_pwr_ex.o
 .ARM.attributes
                0x000002c6       0x34 build/stm32f4xx_hal_cortex.o
 .ARM.attributes
                0x000002fa       0x34 build/stm32f4xx_hal.o
 .ARM.attributes
                0x0000032e       0x34 build/stm32f4xx_hal_tim.o
 .ARM.attributes
                0x00000362       0x34 build/stm32f4xx_hal_tim_ex.o
 .ARM.attributes
                0x00000396       0x34 build/stm32f4xx_hal_uart.o
 .ARM.attributes
                0x000003ca       0x34 build/system_stm32f4xx.o
 .ARM.attributes
                0x000003fe       0x21 build/startup_stm32f446xx.o
 .ARM.attributes
                0x0000041f       0x34 c:/program files (x86)/arm gnu toolchain arm-none-eabi/12.2 mpacbti-rel1/bin/../lib/gcc/arm-none-eabi/12.2.1/thumb/v7e-m+fp/hard\libc_nano.a(libc_a-nano-vfprintf_float.o)
 .ARM.attributes
                0x00000453       0x34 c:/program files (x86)/arm gnu toolchain arm-none-eabi/12.2 mpacbti-rel1/bin/../lib/gcc/arm-none-eabi/12.2.1/thumb/v7e-m+fp/hard\libc_nano.a(libc_a-nano-vfprintf_i.o)
 .ARM.attributes
                0x00000487       0x34 c:/program files (x86)/arm gnu toolchain arm-none-eabi/12.2 mpacbti-rel1/bin/../lib/gcc/arm-none-eabi/12.2.1/thumb/v7e-m+fp/hard\libc_nano.a(libc_a-findfp.o)
 .ARM.attributes
                0x000004bb       0x34 c:/program files (x86)/arm gnu toolchain arm-none-eabi/12.2 mpacbti-rel1/bin/../lib/gcc/arm-none-eabi/12.2.1/thumb/v7e-m+fp/hard\libc_nano.a(libc_a-fwalk.o)
 .ARM.attributes
                0x000004ef       0x34 c:/program files (x86)/arm gnu toolchain arm-none-eabi/12.2 mpacbti-rel1/bin/../lib/gcc/arm-none-eabi/12.2.1/thumb/v7e-m+fp/hard\libc_nano.a(libc_a-stdio.o)
 .ARM.attributes
                0x00000523       0x34 c:/program files (x86)/arm gnu toolchain arm-none-eabi/12.2 mpacbti-rel1/bin/../lib/gcc/arm-none-eabi/12.2.1/thumb/v7e-m+fp/hard\libc_nano.a(libc_a-memset.o)
 .ARM.attributes
                0x00000557       0x34 c:/program files (x86)/arm gnu toolchain arm-none-eabi/12.2 mpacbti-rel1/bin/../lib/gcc/arm-none-eabi/12.2.1/thumb/v7e-m+fp/hard\libc_nano.a(libc_a-localeconv.o)
 .ARM.attributes
                0x0000058b       0x34 c:/program files (x86)/arm gnu toolchain arm-none-eabi/12.2 mpacbti-rel1/bin/../lib/gcc/arm-none-eabi/12.2.1/thumb/v7e-m+fp/hard\libc_nano.a(libc_a-closer.o)
 .ARM.attributes
                0x000005bf       0x34 c:/program files (x86)/arm gnu toolchain arm-none-eabi/12.2 mpacbti-rel1/bin/../lib/gcc/arm-none-eabi/12.2.1/thumb/v7e-m+fp/hard\libc_nano.a(libc_a-reent.o)
 .ARM.attributes
                0x000005f3       0x34 c:/program files (x86)/arm gnu toolchain arm-none-eabi/12.2 mpacbti-rel1/bin/../lib/gcc/arm-none-eabi/12.2.1/thumb/v7e-m+fp/hard\libc_nano.a(libc_a-impure.o)
 .ARM.attributes
                0x00000627       0x34 c:/program files (x86)/arm gnu toolchain arm-none-eabi/12.2 mpacbti-rel1/bin/../lib/gcc/arm-none-eabi/12.2.1/thumb/v7e-m+fp/hard\libc_nano.a(libc_a-lseekr.o)
 .ARM.attributes
                0x0000065b       0x34 c:/program files (x86)/arm gnu toolchain arm-none-eabi/12.2 mpacbti-rel1/bin/../lib/gcc/arm-none-eabi/12.2.1/thumb/v7e-m+fp/hard\libc_nano.a(libc_a-readr.o)
 .ARM.attributes
                0x0000068f       0x34 c:/program files (x86)/arm gnu toolchain arm-none-eabi/12.2 mpacbti-rel1/bin/../lib/gcc/arm-none-eabi/12.2.1/thumb/v7e-m+fp/hard\libc_nano.a(libc_a-writer.o)
 .ARM.attributes
                0x000006c3       0x34 c:/program files (x86)/arm gnu toolchain arm-none-eabi/12.2 mpacbti-rel1/bin/../lib/gcc/arm-none-eabi/12.2.1/thumb/v7e-m+fp/hard\libc_nano.a(libc_a-init.o)
 .ARM.attributes
                0x000006f7       0x34 c:/program files (x86)/arm gnu toolchain arm-none-eabi/12.2 mpacbti-rel1/bin/../lib/gcc/arm-none-eabi/12.2.1/thumb/v7e-m+fp/hard\libc_nano.a(libc_a-lock.o)
 .ARM.attributes
                0x0000072b       0x1c c:/program files (x86)/arm gnu toolchain arm-none-eabi/12.2 mpacbti-rel1/bin/../lib/gcc/arm-none-eabi/12.2.1/thumb/v7e-m+fp/hard\libc_nano.a(libc_a-memchr.o)
 .ARM.attributes
                0x00000747       0x17 c:/program files (x86)/arm gnu toolchain arm-none-eabi/12.2 mpacbti-rel1/bin/../lib/gcc/arm-none-eabi/12.2.1/thumb/v7e-m+fp/hard\libc_nano.a(libc_a-strlen.o)
 .ARM.attributes
                0x0000075e       0x34 c:/program files (x86)/arm gnu toolchain arm-none-eabi/12.2 mpacbti-rel1/bin/../lib/gcc/arm-none-eabi/12.2.1/thumb/v7e-m+fp/hard\libc_nano.a(libc_a-dtoa.o)
 .ARM.attributes
                0x00000792       0x34 c:/program files (x86)/arm gnu toolchain arm-none-eabi/12.2 mpacbti-rel1/bin/../lib/gcc/arm-none-eabi/12.2.1/thumb/v7e-m+fp/hard\libc_nano.a(libc_a-freer.o)
 .ARM.attributes
                0x000007c6       0x34 c:/program files (x86)/arm gnu toolchain arm-none-eabi/12.2 mpacbti-rel1/bin/../lib/gcc/arm-none-eabi/12.2.1/thumb/v7e-m+fp/hard\libc_nano.a(libc_a-malloc.o)
 .ARM.attributes
                0x000007fa       0x34 c:/program files (x86)/arm gnu toolchain arm-none-eabi/12.2 mpacbti-rel1/bin/../lib/gcc/arm-none-eabi/12.2.1/thumb/v7e-m+fp/hard\libc_nano.a(libc_a-mallocr.o)
 .ARM.attributes
                0x0000082e       0x34 c:/program files (x86)/arm gnu toolchain arm-none-eabi/12.2 mpacbti-rel1/bin/../lib/gcc/arm-none-eabi/12.2.1/thumb/v7e-m+fp/hard\libc_nano.a(libc_a-mlock.o)
 .ARM.attributes
                0x00000862       0x34 c:/program files (x86)/arm gnu toolchain arm-none-eabi/12.2 mpacbti-rel1/bin/../lib/gcc/arm-none-eabi/12.2.1/thumb/v7e-m+fp/hard\libc_nano.a(libc_a-mprec.o)
 .ARM.attributes
                0x00000896       0x34 c:/program files (x86)/arm gnu toolchain arm-none-eabi/12.2 mpacbti-rel1/bin/../lib/gcc/arm-none-eabi/12.2.1/thumb/v7e-m+fp/hard\libc_nano.a(libc_a-fflush.o)
 .ARM.attributes
                0x000008ca       0x34 c:/program files (x86)/arm gnu toolchain arm-none-eabi/12.2 mpacbti-rel1/bin/../lib/gcc/arm-none-eabi/12.2.1/thumb/v7e-m+fp/hard\libc_nano.a(libc_a-locale.o)
 .ARM.attributes
                0x000008fe       0x34 c:/program files (x86)/arm gnu toolchain arm-none-eabi/12.2 mpacbti-rel1/bin/../lib/gcc/arm-none-eabi/12.2.1/thumb/v7e-m+fp/hard\libc_nano.a(libc_a-sbrkr.o)
 .ARM.attributes
                0x00000932       0x34 c:/program files (x86)/arm gnu toolchain arm-none-eabi/12.2 mpacbti-rel1/bin/../lib/gcc/arm-none-eabi/12.2.1/thumb/v7e-m+fp/hard\libc_nano.a(libc_a-memcpy-stub.o)
 .ARM.attributes
                0x00000966       0x34 c:/program files (x86)/arm gnu toolchain arm-none-eabi/12.2 mpacbti-rel1/bin/../lib/gcc/arm-none-eabi/12.2.1/thumb/v7e-m+fp/hard\libc_nano.a(libc_a-assert.o)
 .ARM.attributes
                0x0000099a       0x34 c:/program files (x86)/arm gnu toolchain arm-none-eabi/12.2 mpacbti-rel1/bin/../lib/gcc/arm-none-eabi/12.2.1/thumb/v7e-m+fp/hard\libc_nano.a(libc_a-callocr.o)
 .ARM.attributes
                0x000009ce       0x34 c:/program files (x86)/arm gnu toolchain arm-none-eabi/12.2 mpacbti-rel1/bin/../lib/gcc/arm-none-eabi/12.2.1/thumb/v7e-m+fp/hard\libc_nano.a(libc_a-mbtowc_r.o)
 .ARM.attributes
                0x00000a02       0x34 c:/program files (x86)/arm gnu toolchain arm-none-eabi/12.2 mpacbti-rel1/bin/../lib/gcc/arm-none-eabi/12.2.1/thumb/v7e-m+fp/hard\libc_nano.a(libc_a-wctomb_r.o)
 .ARM.attributes
                0x00000a36       0x34 c:/program files (x86)/arm gnu toolchain arm-none-eabi/12.2 mpacbti-rel1/bin/../lib/gcc/arm-none-eabi/12.2.1/thumb/v7e-m+fp/hard\libc_nano.a(libc_a-ctype_.o)
 .ARM.attributes
                0x00000a6a       0x34 c:/program files (x86)/arm gnu toolchain arm-none-eabi/12.2 mpacbti-rel1/bin/../lib/gcc/arm-none-eabi/12.2.1/thumb/v7e-m+fp/hard\libc_nano.a(libc_a-fprintf.o)
 .ARM.attributes
                0x00000a9e       0x34 c:/program files (x86)/arm gnu toolchain arm-none-eabi/12.2 mpacbti-rel1/bin/../lib/gcc/arm-none-eabi/12.2.1/thumb/v7e-m+fp/hard\libc_nano.a(libc_a-abort.o)
 .ARM.attributes
                0x00000ad2       0x34 c:/program files (x86)/arm gnu toolchain arm-none-eabi/12.2 mpacbti-rel1/bin/../lib/gcc/arm-none-eabi/12.2.1/thumb/v7e-m+fp/hard\libc_nano.a(libc_a-nano-vfprintf.o)
 .ARM.attributes
                0x00000b06       0x34 c:/program files (x86)/arm gnu toolchain arm-none-eabi/12.2 mpacbti-rel1/bin/../lib/gcc/arm-none-eabi/12.2.1/thumb/v7e-m+fp/hard\libc_nano.a(libc_a-wbuf.o)
 .ARM.attributes
                0x00000b3a       0x34 c:/program files (x86)/arm gnu toolchain arm-none-eabi/12.2 mpacbti-rel1/bin/../lib/gcc/arm-none-eabi/12.2.1/thumb/v7e-m+fp/hard\libc_nano.a(libc_a-wsetup.o)
 .ARM.attributes
                0x00000b6e       0x34 c:/program files (x86)/arm gnu toolchain arm-none-eabi/12.2 mpacbti-rel1/bin/../lib/gcc/arm-none-eabi/12.2.1/thumb/v7e-m+fp/hard\libc_nano.a(libc_a-signal.o)
 .ARM.attributes
                0x00000ba2       0x34 c:/program files (x86)/arm gnu toolchain arm-none-eabi/12.2 mpacbti-rel1/bin/../lib/gcc/arm-none-eabi/12.2.1/thumb/v7e-m+fp/hard\libc_nano.a(libc_a-signalr.o)
 .ARM.attributes
                0x00000bd6       0x34 c:/program files (x86)/arm gnu toolchain arm-none-eabi/12.2 mpacbti-rel1/bin/../lib/gcc/arm-none-eabi/12.2.1/thumb/v7e-m+fp/hard\libc_nano.a(libc_a-makebuf.o)
 .ARM.attributes
                0x00000c0a       0x34 c:/program files (x86)/arm gnu toolchain arm-none-eabi/12.2 mpacbti-rel1/bin/../lib/gcc/arm-none-eabi/12.2.1/thumb/v7e-m+fp/hard\libc_nano.a(libc_a-fstatr.o)
 .ARM.attributes
                0x00000c3e       0x34 c:/program files (x86)/arm gnu toolchain arm-none-eabi/12.2 mpacbti-rel1/bin/../lib/gcc/arm-none-eabi/12.2.1/thumb/v7e-m+fp/hard\libc_nano.a(libc_a-isattyr.o)
 .ARM.attributes
                0x00000c72       0x34 c:/program files (x86)/arm gnu toolchain arm-none-eabi/12.2 mpacbti-rel1/bin/../lib/gcc/arm-none-eabi/12.2.1/thumb/v7e-m+fp/hard\libm.a(libm_a-w_pow.o)
 .ARM.attributes
                0x00000ca6       0x34 c:/program files (x86)/arm gnu toolchain arm-none-eabi/12.2 mpacbti-rel1/bin/../lib/gcc/arm-none-eabi/12.2.1/thumb/v7e-m+fp/hard\libm.a(libm_a-w_sqrt.o)
 .ARM.attributes
                0x00000cda       0x34 c:/program files (x86)/arm gnu toolchain arm-none-eabi/12.2 mpacbti-rel1/bin/../lib/gcc/arm-none-eabi/12.2.1/thumb/v7e-m+fp/hard\libm.a(libm_a-s_atan.o)
 .ARM.attributes
                0x00000d0e       0x34 c:/program files (x86)/arm gnu toolchain arm-none-eabi/12.2 mpacbti-rel1/bin/../lib/gcc/arm-none-eabi/12.2.1/thumb/v7e-m+fp/hard\libm.a(libm_a-s_fabs.o)
 .ARM.attributes
                0x00000d42       0x34 c:/program files (x86)/arm gnu toolchain arm-none-eabi/12.2 mpacbti-rel1/bin/../lib/gcc/arm-none-eabi/12.2.1/thumb/v7e-m+fp/hard\libm.a(libm_a-s_finite.o)
 .ARM.attributes
                0x00000d76       0x34 c:/program files (x86)/arm gnu toolchain arm-none-eabi/12.2 mpacbti-rel1/bin/../lib/gcc/arm-none-eabi/12.2.1/thumb/v7e-m+fp/hard\libm.a(libm_a-e_sqrt.o)
 .ARM.attributes
                0x00000daa       0x34 c:/program files (x86)/arm gnu toolchain arm-none-eabi/12.2 mpacbti-rel1/bin/../lib/gcc/arm-none-eabi/12.2.1/thumb/v7e-m+fp/hard\libm.a(libm_a-e_pow.o)
 .ARM.attributes
                0x00000dde       0x34 c:/program files (x86)/arm gnu toolchain arm-none-eabi/12.2 mpacbti-rel1/bin/../lib/gcc/arm-none-eabi/12.2.1/thumb/v7e-m+fp/hard\libm.a(libm_a-s_scalbn.o)
 .ARM.attributes
                0x00000e12       0x34 c:/program files (x86)/arm gnu toolchain arm-none-eabi/12.2 mpacbti-rel1/bin/../lib/gcc/arm-none-eabi/12.2.1/thumb/v7e-m+fp/hard\libm.a(libm_a-math_err.o)
 .ARM.attributes
                0x00000e46       0x34 c:/program files (x86)/arm gnu toolchain arm-none-eabi/12.2 mpacbti-rel1/bin/../lib/gcc/arm-none-eabi/12.2.1/thumb/v7e-m+fp/hard\libnosys.a(close.o)
 .ARM.attributes
                0x00000e7a       0x34 c:/program files (x86)/arm gnu toolchain arm-none-eabi/12.2 mpacbti-rel1/bin/../lib/gcc/arm-none-eabi/12.2.1/thumb/v7e-m+fp/hard\libnosys.a(fstat.o)
 .ARM.attributes
                0x00000eae       0x34 c:/program files (x86)/arm gnu toolchain arm-none-eabi/12.2 mpacbti-rel1/bin/../lib/gcc/arm-none-eabi/12.2.1/thumb/v7e-m+fp/hard\libnosys.a(getpid.o)
 .ARM.attributes
                0x00000ee2       0x34 c:/program files (x86)/arm gnu toolchain arm-none-eabi/12.2 mpacbti-rel1/bin/../lib/gcc/arm-none-eabi/12.2.1/thumb/v7e-m+fp/hard\libnosys.a(isatty.o)
 .ARM.attributes
                0x00000f16       0x34 c:/program files (x86)/arm gnu toolchain arm-none-eabi/12.2 mpacbti-rel1/bin/../lib/gcc/arm-none-eabi/12.2.1/thumb/v7e-m+fp/hard\libnosys.a(kill.o)
 .ARM.attributes
                0x00000f4a       0x34 c:/program files (x86)/arm gnu toolchain arm-none-eabi/12.2 mpacbti-rel1/bin/../lib/gcc/arm-none-eabi/12.2.1/thumb/v7e-m+fp/hard\libnosys.a(lseek.o)
 .ARM.attributes
                0x00000f7e       0x34 c:/program files (x86)/arm gnu toolchain arm-none-eabi/12.2 mpacbti-rel1/bin/../lib/gcc/arm-none-eabi/12.2.1/thumb/v7e-m+fp/hard\libnosys.a(read.o)
 .ARM.attributes
                0x00000fb2       0x34 c:/program files (x86)/arm gnu toolchain arm-none-eabi/12.2 mpacbti-rel1/bin/../lib/gcc/arm-none-eabi/12.2.1/thumb/v7e-m+fp/hard\libnosys.a(sbrk.o)
 .ARM.attributes
                0x00000fe6       0x34 c:/program files (x86)/arm gnu toolchain arm-none-eabi/12.2 mpacbti-rel1/bin/../lib/gcc/arm-none-eabi/12.2.1/thumb/v7e-m+fp/hard\libnosys.a(write.o)
 .ARM.attributes
                0x0000101a       0x34 c:/program files (x86)/arm gnu toolchain arm-none-eabi/12.2 mpacbti-rel1/bin/../lib/gcc/arm-none-eabi/12.2.1/thumb/v7e-m+fp/hard\libnosys.a(_exit.o)
 .ARM.attributes
                0x0000104e       0x22 c:/program files (x86)/arm gnu toolchain arm-none-eabi/12.2 mpacbti-rel1/bin/../lib/gcc/arm-none-eabi/12.2.1/thumb/v7e-m+fp/hard\libgcc.a(_arm_addsubdf3.o)
 .ARM.attributes
                0x00001070       0x22 c:/program files (x86)/arm gnu toolchain arm-none-eabi/12.2 mpacbti-rel1/bin/../lib/gcc/arm-none-eabi/12.2.1/thumb/v7e-m+fp/hard\libgcc.a(_arm_muldivdf3.o)
 .ARM.attributes
                0x00001092       0x22 c:/program files (x86)/arm gnu toolchain arm-none-eabi/12.2 mpacbti-rel1/bin/../lib/gcc/arm-none-eabi/12.2.1/thumb/v7e-m+fp/hard\libgcc.a(_arm_cmpdf2.o)
 .ARM.attributes
                0x000010b4       0x22 c:/program files (x86)/arm gnu toolchain arm-none-eabi/12.2 mpacbti-rel1/bin/../lib/gcc/arm-none-eabi/12.2.1/thumb/v7e-m+fp/hard\libgcc.a(_arm_unorddf2.o)
 .ARM.attributes
                0x000010d6       0x22 c:/program files (x86)/arm gnu toolchain arm-none-eabi/12.2 mpacbti-rel1/bin/../lib/gcc/arm-none-eabi/12.2.1/thumb/v7e-m+fp/hard\libgcc.a(_arm_fixdfsi.o)
 .ARM.attributes
                0x000010f8       0x22 c:/program files (x86)/arm gnu toolchain arm-none-eabi/12.2 mpacbti-rel1/bin/../lib/gcc/arm-none-eabi/12.2.1/thumb/v7e-m+fp/hard\libgcc.a(_arm_fixunsdfsi.o)
 .ARM.attributes
                0x0000111a       0x22 c:/program files (x86)/arm gnu toolchain arm-none-eabi/12.2 mpacbti-rel1/bin/../lib/gcc/arm-none-eabi/12.2.1/thumb/v7e-m+fp/hard\libgcc.a(_arm_truncdfsf2.o)
 .ARM.attributes
                0x0000113c       0x22 c:/program files (x86)/arm gnu toolchain arm-none-eabi/12.2 mpacbti-rel1/bin/../lib/gcc/arm-none-eabi/12.2.1/thumb/v7e-m+fp/hard\libgcc.a(_aeabi_uldivmod.o)
 .ARM.attributes
                0x0000115e       0x34 c:/program files (x86)/arm gnu toolchain arm-none-eabi/12.2 mpacbti-rel1/bin/../lib/gcc/arm-none-eabi/12.2.1/thumb/v7e-m+fp/hard\libgcc.a(_udivmoddi4.o)
 .ARM.attributes
                0x00001192       0x22 c:/program files (x86)/arm gnu toolchain arm-none-eabi/12.2 mpacbti-rel1/bin/../lib/gcc/arm-none-eabi/12.2.1/thumb/v7e-m+fp/hard\libgcc.a(_dvmd_tls.o)
 .ARM.attributes
                0x000011b4       0x34 c:/program files (x86)/arm gnu toolchain arm-none-eabi/12.2 mpacbti-rel1/bin/../lib/gcc/arm-none-eabi/12.2.1/thumb/v7e-m+fp/hard\libc_nano.a(libc_a-errno.o)
 .ARM.attributes
                0x000011e8       0x34 c:/program files (x86)/arm gnu toolchain arm-none-eabi/12.2 mpacbti-rel1/bin/../lib/gcc/arm-none-eabi/12.2.1/thumb/v7e-m+fp/hard/crtend.o
 .ARM.attributes
                0x0000121c       0x22 c:/program files (x86)/arm gnu toolchain arm-none-eabi/12.2 mpacbti-rel1/bin/../lib/gcc/arm-none-eabi/12.2.1/thumb/v7e-m+fp/hard/crtn.o
OUTPUT(build/QuadCopter.elf elf32-littlearm)
LOAD linker stubs
LOAD c:/program files (x86)/arm gnu toolchain arm-none-eabi/12.2 mpacbti-rel1/bin/../lib/gcc/arm-none-eabi/12.2.1/thumb/v7e-m+fp/hard\libc.a
LOAD c:/program files (x86)/arm gnu toolchain arm-none-eabi/12.2 mpacbti-rel1/bin/../lib/gcc/arm-none-eabi/12.2.1/thumb/v7e-m+fp/hard\libm.a
LOAD c:/program files (x86)/arm gnu toolchain arm-none-eabi/12.2 mpacbti-rel1/bin/../lib/gcc/arm-none-eabi/12.2.1/thumb/v7e-m+fp/hard\libgcc.a

.debug_info     0x00000000    0x19f1c
 .debug_info    0x00000000     0x25a0 build/main.o
 .debug_info    0x000025a0      0xd20 build/mpu6050.o
 .debug_info    0x000032c0     0x1017 build/bmp180_for_stm32_hal.o
 .debug_info    0x000042d7      0x3f0 build/kalman_filter.o
 .debug_info    0x000046c7      0x811 build/stm32f4xx_it.o
 .debug_info    0x00004ed8     0x1869 build/stm32f4xx_hal_msp.o
 .debug_info    0x00006741     0x3b82 build/stm32f4xx_hal_i2c.o
 .debug_info    0x0000a2c3      0xc5d build/stm32f4xx_hal_rcc.o
 .debug_info    0x0000af20      0xdd1 build/stm32f4xx_hal_rcc_ex.o
 .debug_info    0x0000bcf1      0x8ac build/stm32f4xx_hal_gpio.o
 .debug_info    0x0000c59d      0xbce build/stm32f4xx_hal_dma.o
 .debug_info    0x0000d16b      0x87d build/stm32f4xx_hal_pwr_ex.o
 .debug_info    0x0000d9e8     0x1178 build/stm32f4xx_hal_cortex.o
 .debug_info    0x0000eb60      0xb5c build/stm32f4xx_hal.o
 .debug_info    0x0000f6bc     0x40c2 build/stm32f4xx_hal_tim.o
 .debug_info    0x0001377e     0x1d52 build/stm32f4xx_hal_tim_ex.o
 .debug_info    0x000154d0     0x4425 build/stm32f4xx_hal_uart.o
 .debug_info    0x000198f5      0x5f7 build/system_stm32f4xx.o
 .debug_info    0x00019eec       0x30 build/startup_stm32f446xx.o

.debug_abbrev   0x00000000     0x2cb3
 .debug_abbrev  0x00000000      0x37f build/main.o
 .debug_abbrev  0x0000037f      0x202 build/mpu6050.o
 .debug_abbrev  0x00000581      0x27e build/bmp180_for_stm32_hal.o
 .debug_abbrev  0x000007ff      0x122 build/kalman_filter.o
 .debug_abbrev  0x00000921      0x18e build/stm32f4xx_it.o
 .debug_abbrev  0x00000aaf      0x272 build/stm32f4xx_hal_msp.o
 .debug_abbrev  0x00000d21      0x328 build/stm32f4xx_hal_i2c.o
 .debug_abbrev  0x00001049      0x2de build/stm32f4xx_hal_rcc.o
 .debug_abbrev  0x00001327      0x25f build/stm32f4xx_hal_rcc_ex.o
 .debug_abbrev  0x00001586      0x22b build/stm32f4xx_hal_gpio.o
 .debug_abbrev  0x000017b1      0x2fe build/stm32f4xx_hal_dma.o
 .debug_abbrev  0x00001aaf      0x1e0 build/stm32f4xx_hal_pwr_ex.o
 .debug_abbrev  0x00001c8f      0x3d3 build/stm32f4xx_hal_cortex.o
 .debug_abbrev  0x00002062      0x244 build/stm32f4xx_hal.o
 .debug_abbrev  0x000022a6      0x2b6 build/stm32f4xx_hal_tim.o
 .debug_abbrev  0x0000255c      0x2b0 build/stm32f4xx_hal_tim_ex.o
 .debug_abbrev  0x0000280c      0x36f build/stm32f4xx_hal_uart.o
 .debug_abbrev  0x00002b7b      0x11b build/system_stm32f4xx.o
 .debug_abbrev  0x00002c96       0x1d build/startup_stm32f446xx.o

.debug_loc      0x00000000    0x16425
 .debug_loc     0x00000000      0x427 build/main.o
 .debug_loc     0x00000427       0xc7 build/mpu6050.o
 .debug_loc     0x000004ee      0x59a build/bmp180_for_stm32_hal.o
 .debug_loc     0x00000a88      0x1ca build/kalman_filter.o
 .debug_loc     0x00000c52       0xc0 build/stm32f4xx_it.o
 .debug_loc     0x00000d12      0x3d8 build/stm32f4xx_hal_msp.o
 .debug_loc     0x000010ea     0x4de1 build/stm32f4xx_hal_i2c.o
 .debug_loc     0x00005ecb      0x6e4 build/stm32f4xx_hal_rcc.o
 .debug_loc     0x000065af     0x100b build/stm32f4xx_hal_rcc_ex.o
 .debug_loc     0x000075ba      0x5db build/stm32f4xx_hal_gpio.o
 .debug_loc     0x00007b95      0xd6d build/stm32f4xx_hal_dma.o
 .debug_loc     0x00008902      0x350 build/stm32f4xx_hal_pwr_ex.o
 .debug_loc     0x00008c52      0x7a7 build/stm32f4xx_hal_cortex.o
 .debug_loc     0x000093f9      0x1e1 build/stm32f4xx_hal.o
 .debug_loc     0x000095da     0x5bfa build/stm32f4xx_hal_tim.o
 .debug_loc     0x0000f1d4     0x2107 build/stm32f4xx_hal_tim_ex.o
 .debug_loc     0x000112db     0x4ff2 build/stm32f4xx_hal_uart.o
 .debug_loc     0x000162cd      0x158 build/system_stm32f4xx.o

.debug_aranges  0x00000000     0x1040
 .debug_aranges
                0x00000000       0x78 build/main.o
 .debug_aranges
                0x00000078       0x28 build/mpu6050.o
 .debug_aranges
                0x000000a0       0x68 build/bmp180_for_stm32_hal.o
 .debug_aranges
                0x00000108       0x20 build/kalman_filter.o
 .debug_aranges
                0x00000128       0x88 build/stm32f4xx_it.o
 .debug_aranges
                0x000001b0       0x58 build/stm32f4xx_hal_msp.o
 .debug_aranges
                0x00000208      0x2a0 build/stm32f4xx_hal_i2c.o
 .debug_aranges
                0x000004a8       0x88 build/stm32f4xx_hal_rcc.o
 .debug_aranges
                0x00000530       0x78 build/stm32f4xx_hal_rcc_ex.o
 .debug_aranges
                0x000005a8       0x58 build/stm32f4xx_hal_gpio.o
 .debug_aranges
                0x00000600       0x90 build/stm32f4xx_hal_dma.o
 .debug_aranges
                0x00000690       0x60 build/stm32f4xx_hal_pwr_ex.o
 .debug_aranges
                0x000006f0       0xd8 build/stm32f4xx_hal_cortex.o
 .debug_aranges
                0x000007c8       0xf0 build/stm32f4xx_hal.o
 .debug_aranges
                0x000008b8      0x3d0 build/stm32f4xx_hal_tim.o
 .debug_aranges
                0x00000c88      0x168 build/stm32f4xx_hal_tim_ex.o
 .debug_aranges
                0x00000df0      0x200 build/stm32f4xx_hal_uart.o
 .debug_aranges
                0x00000ff0       0x28 build/system_stm32f4xx.o
 .debug_aranges
                0x00001018       0x28 build/startup_stm32f446xx.o

.debug_ranges   0x00000000      0xf78
 .debug_ranges  0x00000000       0x68 build/main.o
 .debug_ranges  0x00000068       0x18 build/mpu6050.o
 .debug_ranges  0x00000080       0x58 build/bmp180_for_stm32_hal.o
 .debug_ranges  0x000000d8       0x10 build/kalman_filter.o
 .debug_ranges  0x000000e8       0x78 build/stm32f4xx_it.o
 .debug_ranges  0x00000160       0x48 build/stm32f4xx_hal_msp.o
 .debug_ranges  0x000001a8      0x2a8 build/stm32f4xx_hal_i2c.o
 .debug_ranges  0x00000450       0x90 build/stm32f4xx_hal_rcc.o
 .debug_ranges  0x000004e0       0x80 build/stm32f4xx_hal_rcc_ex.o
 .debug_ranges  0x00000560       0x48 build/stm32f4xx_hal_gpio.o
 .debug_ranges  0x000005a8       0x80 build/stm32f4xx_hal_dma.o