Archive member included to satisfy reference by file (symbol)

c:/program files (x86)/arm gnu toolchain arm-none-eabi/12.2 mpacbti-rel1/bin/../lib/gcc/arm-none-eabi/12.2.1/thumb/v7e-m+fp/hard\libc_nano.a(libc_a-exit.o)
                              c:/program files (x86)/arm gnu toolchain arm-none-eabi/12.2 mpacbti-rel1/bin/../lib/gcc/arm-none-eabi/12.2.1/thumb/v7e-m+fp/hard/crt0.o (exit)
c:/program files (x86)/arm gnu toolchain arm-none-eabi/12.2 mpacbti-rel1/bin/../lib/gcc/arm-none-eabi/12.2.1/thumb/v7e-m+fp/hard\libc_nano.a(libc_a-nano-vfprintf_float.o)
                              (_printf_float)
c:/program files (x86)/arm gnu toolchain arm-none-eabi/12.2 mpacbti-rel1/bin/../lib/gcc/arm-none-eabi/12.2.1/thumb/v7e-m+fp/hard\libc_nano.a(libc_a-nano-vfprintf_i.o)
                              c:/program files (x86)/arm gnu toolchain arm-none-eabi/12.2 mpacbti-rel1/bin/../lib/gcc/arm-none-eabi/12.2.1/thumb/v7e-m+fp/hard\libc_nano.a(libc_a-nano-vfprintf_float.o) (_printf_common)
c:/program files (x86)/arm gnu toolchain arm-none-eabi/12.2 mpacbti-rel1/bin/../lib/gcc/arm-none-eabi/12.2.1/thumb/v7e-m+fp/hard\libc_nano.a(libc_a-findfp.o)
                              c:/program files (x86)/arm gnu toolchain arm-none-eabi/12.2 mpacbti-rel1/bin/../lib/gcc/arm-none-eabi/12.2.1/thumb/v7e-m+fp/hard\libc_nano.a(libc_a-exit.o) (__stdio_exit_handler)
c:/program files (x86)/arm gnu toolchain arm-none-eabi/12.2 mpacbti-rel1/bin/../lib/gcc/arm-none-eabi/12.2.1/thumb/v7e-m+fp/hard\libc_nano.a(libc_a-fwalk.o)
                              c:/program files (x86)/arm gnu toolchain arm-none-eabi/12.2 mpacbti-rel1/bin/../lib/gcc/arm-none-eabi/12.2.1/thumb/v7e-m+fp/hard\libc_nano.a(libc_a-findfp.o) (_fwalk_sglue)
c:/program files (x86)/arm gnu toolchain arm-none-eabi/12.2 mpacbti-rel1/bin/../lib/gcc/arm-none-eabi/12.2.1/thumb/v7e-m+fp/hard\libc_nano.a(libc_a-sprintf.o)
                              build/main.o (sprintf)
c:/program files (x86)/arm gnu toolchain arm-none-eabi/12.2 mpacbti-rel1/bin/../lib/gcc/arm-none-eabi/12.2.1/thumb/v7e-m+fp/hard\libc_nano.a(libc_a-stdio.o)
                              c:/program files (x86)/arm gnu toolchain arm-none-eabi/12.2 mpacbti-rel1/bin/../lib/gcc/arm-none-eabi/12.2.1/thumb/v7e-m+fp/hard\libc_nano.a(libc_a-findfp.o) (__sread)
c:/program files (x86)/arm gnu toolchain arm-none-eabi/12.2 mpacbti-rel1/bin/../lib/gcc/arm-none-eabi/12.2.1/thumb/v7e-m+fp/hard\libc_nano.a(libc_a-memset.o)
                              c:/program files (x86)/arm gnu toolchain arm-none-eabi/12.2 mpacbti-rel1/bin/../lib/gcc/arm-none-eabi/12.2.1/thumb/v7e-m+fp/hard/crt0.o (memset)
c:/program files (x86)/arm gnu toolchain arm-none-eabi/12.2 mpacbti-rel1/bin/../lib/gcc/arm-none-eabi/12.2.1/thumb/v7e-m+fp/hard\libc_nano.a(libc_a-localeconv.o)
                              c:/program files (x86)/arm gnu toolchain arm-none-eabi/12.2 mpacbti-rel1/bin/../lib/gcc/arm-none-eabi/12.2.1/thumb/v7e-m+fp/hard\libc_nano.a(libc_a-nano-vfprintf_float.o) (_localeconv_r)
c:/program files (x86)/arm gnu toolchain arm-none-eabi/12.2 mpacbti-rel1/bin/../lib/gcc/arm-none-eabi/12.2.1/thumb/v7e-m+fp/hard\libc_nano.a(libc_a-closer.o)
                              c:/program files (x86)/arm gnu toolchain arm-none-eabi/12.2 mpacbti-rel1/bin/../lib/gcc/arm-none-eabi/12.2.1/thumb/v7e-m+fp/hard\libc_nano.a(libc_a-stdio.o) (_close_r)
c:/program files (x86)/arm gnu toolchain arm-none-eabi/12.2 mpacbti-rel1/bin/../lib/gcc/arm-none-eabi/12.2.1/thumb/v7e-m+fp/hard\libc_nano.a(libc_a-reent.o)
                              c:/program files (x86)/arm gnu toolchain arm-none-eabi/12.2 mpacbti-rel1/bin/../lib/gcc/arm-none-eabi/12.2.1/thumb/v7e-m+fp/hard\libc_nano.a(libc_a-closer.o) (errno)
c:/program files (x86)/arm gnu toolchain arm-none-eabi/12.2 mpacbti-rel1/bin/../lib/gcc/arm-none-eabi/12.2.1/thumb/v7e-m+fp/hard\libc_nano.a(libc_a-impure.o)
                              c:/program files (x86)/arm gnu toolchain arm-none-eabi/12.2 mpacbti-rel1/bin/../lib/gcc/arm-none-eabi/12.2.1/thumb/v7e-m+fp/hard\libc_nano.a(libc_a-sprintf.o) (_impure_ptr)
c:/program files (x86)/arm gnu toolchain arm-none-eabi/12.2 mpacbti-rel1/bin/../lib/gcc/arm-none-eabi/12.2.1/thumb/v7e-m+fp/hard\libc_nano.a(libc_a-lseekr.o)
                              c:/program files (x86)/arm gnu toolchain arm-none-eabi/12.2 mpacbti-rel1/bin/../lib/gcc/arm-none-eabi/12.2.1/thumb/v7e-m+fp/hard\libc_nano.a(libc_a-stdio.o) (_lseek_r)
c:/program files (x86)/arm gnu toolchain arm-none-eabi/12.2 mpacbti-rel1/bin/../lib/gcc/arm-none-eabi/12.2.1/thumb/v7e-m+fp/hard\libc_nano.a(libc_a-readr.o)
                              c:/program files (x86)/arm gnu toolchain arm-none-eabi/12.2 mpacbti-rel1/bin/../lib/gcc/arm-none-eabi/12.2.1/thumb/v7e-m+fp/hard\libc_nano.a(libc_a-stdio.o) (_read_r)
c:/program files (x86)/arm gnu toolchain arm-none-eabi/12.2 mpacbti-rel1/bin/../lib/gcc/arm-none-eabi/12.2.1/thumb/v7e-m+fp/hard\libc_nano.a(libc_a-writer.o)
[...]
Memory Configuration

Name             Origin             Length             Attributes
RAM              0x20000000         0x00020000         xrw
FLASH            0x08000000         0x00080000         xr
*default*        0x00000000         0xffffffff

Linker script and memory map

LOAD c:/program files (x86)/arm gnu toolchain arm-none-eabi/12.2 mpacbti-rel1/bin/../lib/gcc/arm-none-eabi/12.2.1/thumb/v7e-m+fp/hard/crti.o
LOAD c:/program files (x86)/arm gnu toolchain arm-none-eabi/12.2 mpacbti-rel1/bin/../lib/gcc/arm-none-eabi/12.2.1/thumb/v7e-m+fp/hard/crtbegin.o
LOAD c:/program files (x86)/arm gnu toolchain arm-none-eabi/12.2 mpacbti-rel1/bin/../lib/gcc/arm-none-eabi/12.2.1/thumb/v7e-m+fp/hard/crt0.o
LOAD build/main.o
LOAD build/mpu6050.o
LOAD build/stm32f4xx_it.o
LOAD build/stm32f4xx_hal_msp.o
LOAD build/stm32f4xx_hal_i2c.o
LOAD build/stm32f4xx_hal_i2c_ex.o
LOAD build/stm32f4xx_hal_rcc.o
LOAD build/stm32f4xx_hal_rcc_ex.o
LOAD build/stm32f4xx_hal_flash.o
LOAD build/stm32f4xx_hal_flash_ex.o
LOAD build/stm32f4xx_hal_flash_ramfunc.o
LOAD build/stm32f4xx_hal_gpio.o
LOAD build/stm32f4xx_hal_dma_ex.o
LOAD build/stm32f4xx_hal_dma.o
LOAD build/stm32f4xx_hal_pwr.o
LOAD build/stm32f4xx_hal_pwr_ex.o
LOAD build/stm32f4xx_hal_cortex.o
LOAD build/stm32f4xx_hal.o
LOAD build/stm32f4xx_hal_exti.o
LOAD build/stm32f4xx_hal_tim.o
LOAD build/stm32f4xx_hal_tim_ex.o
LOAD build/stm32f4xx_hal_uart.o
LOAD build/system_stm32f4xx.o
LOAD build/startup_stm32f446xx.o
LOAD c:/program files (x86)/arm gnu toolchain arm-none-eabi/12.2 mpacbti-rel1/bin/../lib/gcc/arm-none-eabi/12.2.1/thumb/v7e-m+fp/hard\libc_nano.a
LOAD c:/program files (x86)/arm gnu toolchain arm-none-eabi/12.2 mpacbti-rel1/bin/../lib/gcc/arm-none-eabi/12.2.1/thumb/v7e-m+fp/hard\libm.a
LOAD c:/program files (x86)/arm gnu toolchain arm-none-eabi/12.2 mpacbti-rel1/bin/../lib/gcc/arm-none-eabi/12.2.1/thumb/v7e-m+fp/hard\libnosys.a
START GROUP
LOAD c:/program files (x86)/arm gnu toolchain arm-none-eabi/12.2 mpacbti-rel1/bin/../lib/gcc/arm-none-eabi/12.2.1/thumb/v7e-m+fp/hard\libgcc.a
LOAD c:/program files (x86)/arm gnu toolchain arm-none-eabi/12.2 mpacbti-rel1/bin/../lib/gcc/arm-none-eabi/12.2.1/thumb/v7e-m+fp/hard\libc_nano.a
END GROUP
START GROUP
LOAD c:/program files (x86)/arm gnu toolchain arm-none-eabi/12.2 mpacbti-rel1/bin/../lib/gcc/arm-none-eabi/12.2.1/thumb/v7e-m+fp/hard\libgcc.a
LOAD c:/program files (x86)/arm gnu toolchain arm-none-eabi/12.2 mpacbti-rel1/bin/../lib/gcc/arm-none-eabi/12.2.1/thumb/v7e-m+fp/hard\libc_nano.a
END GROUP
LOAD c:/program files (x86)/arm gnu toolchain arm-none-eabi/12.2 mpacbti-rel1/bin/../lib/gcc/arm-none-eabi/12.2.1/thumb/v7e-m+fp/hard/crtend.o
LOAD c:/program files (x86)/arm gnu toolchain arm-none-eabi/12.2 mpacbti-rel1/bin/../lib/gcc/arm-none-eabi/12.2.1/thumb/v7e-m+fp/hard/crtn.o
                0x20020000                        _estack = (ORIGIN (RAM) + LENGTH (RAM))
                0x00000200                        _Min_Heap_Size = 0x200
                0x00000400                        _Min_Stack_Size = 0x400

.isr_vector     0x08000000      0x1c4
                0x08000000                        . = ALIGN (0x4)
 *(.isr_vector)
 .isr_vector    0x08000000      0x1c4 build/startup_stm32f446xx.o
                0x08000000                g_pfnVectors
                0x080001c4                        . = ALIGN (0x4)

.text           0x080001d0     0x87f8
                0x080001d0                        . = ALIGN (0x4)
 *(.text)
 .text          0x080001d0       0xa0 c:/program files (x86)/arm gnu toolchain arm-none-eabi/12.2 mpacbti-rel1/bin/../lib/gcc/arm-none-eabi/12.2.1/thumb/v7e-m+fp/hard\libc_nano.a(libc_a-memchr.o)
                0x080001d0                memchr
 .text          0x08000270       0x10 c:/program files (x86)/arm gnu toolchain arm-none-eabi/12.2 mpacbti-rel1/bin/../lib/gcc/arm-none-eabi/12.2.1/thumb/v7e-m+fp/hard\libc_nano.a(libc_a-strlen.o)
                0x08000270                strlen
 .text          0x08000280      0x378 c:/program files (x86)/arm gnu toolchain arm-none-eabi/12.2 mpacbti-rel1/bin/../lib/gcc/arm-none-eabi/12.2.1/thumb/v7e-m+fp/hard\libgcc.a(_arm_addsubdf3.o)
                0x08000280                __aeabi_drsub
                0x08000288                __aeabi_dsub
                0x08000288                __subdf3
                0x0800028c                __aeabi_dadd
                0x0800028c                __adddf3
                0x08000504                __floatunsidf
                0x08000504                __aeabi_ui2d
                0x08000524                __floatsidf
                0x08000524                __aeabi_i2d
                0x08000548                __aeabi_f2d
                0x08000548                __extendsfdf2
                0x0800058c                __floatundidf
                0x0800058c                __aeabi_ul2d
                0x0800059c                __floatdidf
                0x0800059c                __aeabi_l2d
 .text          0x080005f8      0x424 c:/program files (x86)/arm gnu toolchain arm-none-eabi/12.2 mpacbti-rel1/bin/../lib/gcc/arm-none-eabi/12.2.1/thumb/v7e-m+fp/hard\libgcc.a(_arm_muldivdf3.o)
                0x080005f8                __aeabi_dmul
                0x080005f8                __muldf3
                0x0800084c                __divdf3
                0x0800084c                __aeabi_ddiv
 .text          0x08000a1c      0x110 c:/program files (x86)/arm gnu toolchain arm-none-eabi/12.2 mpacbti-rel1/bin/../lib/gcc/arm-none-eabi/12.2.1/thumb/v7e-m+fp/hard\libgcc.a(_arm_cmpdf2.o)
                0x08000a1c                __gtdf2
                0x08000a1c                __gedf2
                0x08000a24                __ltdf2
                0x08000a24                __ledf2
                0x08000a2c                __nedf2
                0x08000a2c                __eqdf2
                0x08000a2c                __cmpdf2
                0x08000aa8                __aeabi_cdrcmple
                0x08000ab8                __aeabi_cdcmpeq
                0x08000ab8                __aeabi_cdcmple
                0x08000ac8                __aeabi_dcmpeq
                0x08000adc                __aeabi_dcmplt
                0x08000af0                __aeabi_dcmple
                0x08000b04                __aeabi_dcmpge
                0x08000b18                __aeabi_dcmpgt
 .text          0x08000b2c       0x2c c:/program files (x86)/arm gnu toolchain arm-none-eabi/12.2 mpacbti-rel1/bin/../lib/gcc/arm-none-eabi/12.2.1/thumb/v7e-m+fp/hard\libgcc.a(_arm_unorddf2.o)
                0x08000b2c                __unorddf2
                0x08000b2c                __aeabi_dcmpun
 .text          0x08000b58       0x50 c:/program files (x86)/arm gnu toolchain arm-none-eabi/12.2 mpacbti-rel1/bin/../lib/gcc/arm-none-eabi/12.2.1/thumb/v7e-m+fp/hard\libgcc.a(_arm_fixdfsi.o)
                0x08000b58                __aeabi_d2iz
                0x08000b58                __fixdfsi
 .text          0x08000ba8       0x40 c:/program files (x86)/arm gnu toolchain arm-none-eabi/12.2 mpacbti-rel1/bin/../lib/gcc/arm-none-eabi/12.2.1/thumb/v7e-m+fp/hard\libgcc.a(_arm_fixunsdfsi.o)
                0x08000ba8                __aeabi_d2uiz
                0x08000ba8                __fixunsdfsi
 .text          0x08000be8       0xa0 c:/program files (x86)/arm gnu toolchain arm-none-eabi/12.2 mpacbti-rel1/bin/../lib/gcc/arm-none-eabi/12.2.1/thumb/v7e-m+fp/hard\libgcc.a(_arm_truncdfsf2.o)
                0x08000be8                __truncdfsf2
                0x08000be8                __aeabi_d2f
 .text          0x08000c88       0x30 c:/program files (x86)/arm gnu toolchain arm-none-eabi/12.2 mpacbti-rel1/bin/../lib/gcc/arm-none-eabi/12.2.1/thumb/v7e-m+fp/hard\libgcc.a(_aeabi_uldivmod.o)
                0x08000c88                __aeabi_uldivmod
 .text          0x08000cb8        0x4 c:/program files (x86)/arm gnu toolchain arm-none-eabi/12.2 mpacbti-rel1/bin/../lib/gcc/arm-none-eabi/12.2.1/thumb/v7e-m+fp/hard\libgcc.a(_dvmd_tls.o)
                0x08000cb8                __aeabi_idiv0
                0x08000cb8                __aeabi_ldiv0
 *(.text*)
 .text.deregister_tm_clones
                0x08000cbc       0x1c c:/program files (x86)/arm gnu toolchain arm-none-eabi/12.2 mpacbti-rel1/bin/../lib/gcc/arm-none-eabi/12.2.1/thumb/v7e-m+fp/hard/crtbegin.o
 .text.register_tm_clones
                0x08000cd8       0x24 c:/program files (x86)/arm gnu toolchain arm-none-eabi/12.2 mpacbti-rel1/bin/../lib/gcc/arm-none-eabi/12.2.1/thumb/v7e-m+fp/hard/crtbegin.o
 .text.__do_global_dtors_aux
                0x08000cfc       0x28 c:/program files (x86)/arm gnu toolchain arm-none-eabi/12.2 mpacbti-rel1/bin/../lib/gcc/arm-none-eabi/12.2.1/thumb/v7e-m+fp/hard/crtbegin.o
 .text.frame_dummy
                0x08000d24       0x24 c:/program files (x86)/arm gnu toolchain arm-none-eabi/12.2 mpacbti-rel1/bin/../lib/gcc/arm-none-eabi/12.2.1/thumb/v7e-m+fp/hard/crtbegin.o
 .text.MX_GPIO_Init
                0x08000d48       0x60 build/main.o
 .text.MX_DMA_Init
                0x08000da8       0x64 build/main.o
 .text.PID_Control
                0x08000e0c       0xc0 build/main.o
                0x08000e0c                PID_Control
 .text.motorControl
                0x08000ecc      0x174 build/main.o
                0x08000ecc                motorControl
 .text.Error_Handler
                0x08001040        0x4 build/main.o
                0x08001040                Error_Handler
 .text.MX_I2C1_Init
                0x08001044       0x38 build/main.o
 .text.MX_USART1_UART_Init
                0x0800107c       0x34 build/main.o
 .text.MX_USART2_UART_Init
                0x080010b0       0x34 build/main.o
 .text.MX_TIM2_Init
                0x080010e4       0xb4 build/main.o
 .text.MX_TIM3_Init
                0x08001198       0xb4 build/main.o
 .text.SystemClock_Config
                0x0800124c       0xb4 build/main.o
                0x0800124c                SystemClock_Config
 .text.main     0x08001300      0x1dc build/main.o
                0x08001300                main
 .text.MPU6050_Init
                0x080014dc       0xa0 build/mpu6050.o
                0x080014dc                MPU6050_Init
 *fill*         0x0800157c        0x4 
 .text.MPU6050_Read
                0x08001580      0x240 build/mpu6050.o
                0x08001580                MPU6050_Read
 .text.NMI_Handler
                0x080017c0        0x2 build/stm32f4xx_it.o
                0x080017c0                NMI_Handler
 .text.HardFault_Handler
                0x080017c2        0x2 build/stm32f4xx_it.o
                0x080017c2                HardFault_Handler
 .text.MemManage_Handler
                0x080017c4        0x2 build/stm32f4xx_it.o
                0x080017c4                MemManage_Handler
 .text.BusFault_Handler
                0x080017c6        0x2 build/stm32f4xx_it.o
                0x080017c6                BusFault_Handler
 .text.UsageFault_Handler
                0x080017c8        0x2 build/stm32f4xx_it.o
                0x080017c8                UsageFault_Handler
 .text.SVC_Handler
                0x080017ca        0x2 build/stm32f4xx_it.o
                0x080017ca                SVC_Handler
 .text.DebugMon_Handler
                0x080017cc        0x2 build/stm32f4xx_it.o
                0x080017cc                DebugMon_Handler
 .text.PendSV_Handler
                0x080017ce        0x2 build/stm32f4xx_it.o
                0x080017ce                PendSV_Handler
 .text.SysTick_Handler
                0x080017d0        0x8 build/stm32f4xx_it.o
                0x080017d0                SysTick_Handler
 .text.DMA1_Stream1_IRQHandler
                0x080017d8       0x10 build/stm32f4xx_it.o
                0x080017d8                DMA1_Stream1_IRQHandler
 .text.DMA1_Stream4_IRQHandler
                0x080017e8       0x10 build/stm32f4xx_it.o
                0x080017e8                DMA1_Stream4_IRQHandler
 .text.DMA1_Stream5_IRQHandler
                0x080017f8       0x10 build/stm32f4xx_it.o
                0x080017f8                DMA1_Stream5_IRQHandler
 .text.DMA1_Stream6_IRQHandler
                0x08001808       0x10 build/stm32f4xx_it.o
                0x08001808                DMA1_Stream6_IRQHandler
 .text.USART1_IRQHandler
                0x08001818       0x10 build/stm32f4xx_it.o
                0x08001818                USART1_IRQHandler
 .text.HAL_MspInit
                0x08001828       0x40 build/stm32f4xx_hal_msp.o
                0x08001828                HAL_MspInit
 .text.HAL_I2C_MspInit
                0x08001868       0x70 build/stm32f4xx_hal_msp.o
                0x08001868                HAL_I2C_MspInit
 .text.HAL_TIM_Base_MspInit
                0x080018d8      0x178 build/stm32f4xx_hal_msp.o
                0x080018d8                HAL_TIM_Base_MspInit
 .text.HAL_TIM_MspPostInit
                0x08001a50       0x8c build/stm32f4xx_hal_msp.o
                0x08001a50                HAL_TIM_MspPostInit
 .text.HAL_UART_MspInit
                0x08001adc       0xd0 build/stm32f4xx_hal_msp.o
                0x08001adc                HAL_UART_MspInit
 .text.I2C_IsAcknowledgeFailed
                0x08001bac       0x32 build/stm32f4xx_hal_i2c.o
 .text.I2C_WaitOnFlagUntilTimeout
                0x08001bde       0x7c build/stm32f4xx_hal_i2c.o
 .text.I2C_WaitOnMasterAddressFlagUntilTimeout
                0x08001c5a       0xaa build/stm32f4xx_hal_i2c.o
 .text.I2C_WaitOnTXEFlagUntilTimeout
                0x08001d04       0x54 build/stm32f4xx_hal_i2c.o
 .text.I2C_RequestMemoryWrite
                0x08001d58       0xd8 build/stm32f4xx_hal_i2c.o
 .text.I2C_RequestMemoryRead
                0x08001e30      0x154 build/stm32f4xx_hal_i2c.o
 .text.I2C_WaitOnBTFFlagUntilTimeout
                0x08001f84       0x54 build/stm32f4xx_hal_i2c.o
 .text.I2C_WaitOnRXNEFlagUntilTimeout
                0x08001fd8       0x6a build/stm32f4xx_hal_i2c.o
 *fill*         0x08002042        0x2 
 .text.HAL_I2C_Init
                0x08002044      0x1bc build/stm32f4xx_hal_i2c.o
                0x08002044                HAL_I2C_Init
 .text.HAL_I2C_Mem_Write
                0x08002200      0x164 build/stm32f4xx_hal_i2c.o
                0x08002200                HAL_I2C_Mem_Write
 .text.HAL_I2C_Mem_Read
                0x08002364      0x2e4 build/stm32f4xx_hal_i2c.o
                0x08002364                HAL_I2C_Mem_Read
 .text.HAL_RCC_ClockConfig
                0x08002648      0x160 build/stm32f4xx_hal_rcc.o
                0x08002648                HAL_RCC_ClockConfig
 .text.HAL_RCC_GetHCLKFreq
                0x080027a8        0xc build/stm32f4xx_hal_rcc.o
                0x080027a8                HAL_RCC_GetHCLKFreq
 .text.HAL_RCC_GetPCLK1Freq
                0x080027b4       0x20 build/stm32f4xx_hal_rcc.o
                0x080027b4                HAL_RCC_GetPCLK1Freq
 .text.HAL_RCC_GetPCLK2Freq
                0x080027d4       0x20 build/stm32f4xx_hal_rcc.o
                0x080027d4                HAL_RCC_GetPCLK2Freq
 .text.HAL_RCC_GetSysClockFreq
                0x080027f4      0x190 build/stm32f4xx_hal_rcc_ex.o
                0x080027f4                HAL_RCC_GetSysClockFreq
 .text.HAL_RCC_OscConfig
                0x08002984      0x444 build/stm32f4xx_hal_rcc_ex.o
                0x08002984                HAL_RCC_OscConfig
 .text.HAL_GPIO_Init
                0x08002dc8      0x1e0 build/stm32f4xx_hal_gpio.o
                0x08002dc8                HAL_GPIO_Init
 .text.DMA_CalcBaseAndBitshift
                0x08002fa8       0x44 build/stm32f4xx_hal_dma.o
 .text.DMA_CheckFifoParam
                0x08002fec       0x8e build/stm32f4xx_hal_dma.o
 *fill*         0x0800307a        0x2 
 .text.HAL_DMA_Init
                0x0800307c       0xcc build/stm32f4xx_hal_dma.o
                0x0800307c                HAL_DMA_Init
 .text.HAL_DMA_Abort
                0x08003148       0x94 build/stm32f4xx_hal_dma.o
                0x08003148                HAL_DMA_Abort
 .text.HAL_DMA_Abort_IT
                0x080031dc       0x26 build/stm32f4xx_hal_dma.o
                0x080031dc                HAL_DMA_Abort_IT
 *fill*         0x08003202        0x2 
 .text.HAL_DMA_IRQHandler
                0x08003204      0x1dc build/stm32f4xx_hal_dma.o
                0x08003204                HAL_DMA_IRQHandler
 .text.HAL_PWREx_EnableOverDrive
                0x080033e0       0x7c build/stm32f4xx_hal_pwr_ex.o
                0x080033e0                HAL_PWREx_EnableOverDrive
 .text.__NVIC_SetPriority
                0x0800345c       0x28 build/stm32f4xx_hal_cortex.o
 .text.NVIC_EncodePriority
                0x08003484       0x3e build/stm32f4xx_hal_cortex.o
 *fill*         0x080034c2        0x2 
 .text.HAL_NVIC_SetPriorityGrouping
                0x080034c4       0x24 build/stm32f4xx_hal_cortex.o
                0x080034c4                HAL_NVIC_SetPriorityGrouping
 .text.HAL_NVIC_SetPriority
                0x080034e8       0x20 build/stm32f4xx_hal_cortex.o
                0x080034e8                HAL_NVIC_SetPriority
 .text.HAL_NVIC_EnableIRQ
                0x08003508       0x1c build/stm32f4xx_hal_cortex.o
                0x08003508                HAL_NVIC_EnableIRQ
 .text.HAL_SYSTICK_Config
                0x08003524       0x28 build/stm32f4xx_hal_cortex.o
                0x08003524                HAL_SYSTICK_Config
 .text.HAL_InitTick
                0x0800354c       0x4c build/stm32f4xx_hal.o
                0x0800354c                HAL_InitTick
 .text.HAL_Init
                0x08003598       0x34 build/stm32f4xx_hal.o
                0x08003598                HAL_Init
 .text.HAL_IncTick
                0x080035cc       0x18 build/stm32f4xx_hal.o
                0x080035cc                HAL_IncTick
 .text.HAL_GetTick
                0x080035e4        0xc build/stm32f4xx_hal.o
                0x080035e4                HAL_GetTick
 .text.HAL_Delay
                0x080035f0       0x28 build/stm32f4xx_hal.o
                0x080035f0                HAL_Delay
 .text.TIM_OC1_SetConfig
                0x08003618       0x70 build/stm32f4xx_hal_tim.o
 .text.TIM_OC3_SetConfig
                0x08003688       0x70 build/stm32f4xx_hal_tim.o
 .text.TIM_OC4_SetConfig
                0x080036f8       0x50 build/stm32f4xx_hal_tim.o
 .text.TIM_TI1_ConfigInputStage
                0x08003748       0x26 build/stm32f4xx_hal_tim.o
 .text.TIM_TI2_ConfigInputStage
                0x0800376e       0x28 build/stm32f4xx_hal_tim.o
 .text.TIM_ITRx_SetConfig
                0x08003796       0x10 build/stm32f4xx_hal_tim.o
 .text.HAL_TIM_PWM_MspInit
                0x080037a6        0x2 build/stm32f4xx_hal_tim.o
                0x080037a6                HAL_TIM_PWM_MspInit
 .text.TIM_Base_SetConfig
                0x080037a8       0xc8 build/stm32f4xx_hal_tim.o
                0x080037a8                TIM_Base_SetConfig
 .text.HAL_TIM_Base_Init
                0x08003870       0x58 build/stm32f4xx_hal_tim.o
                0x08003870                HAL_TIM_Base_Init
 .text.HAL_TIM_PWM_Init
                0x080038c8       0x58 build/stm32f4xx_hal_tim.o
                0x080038c8                HAL_TIM_PWM_Init
 .text.TIM_OC2_SetConfig
                0x08003920       0x70 build/stm32f4xx_hal_tim.o
                0x08003920                TIM_OC2_SetConfig
 .text.HAL_TIM_PWM_ConfigChannel
                0x08003990       0xdc build/stm32f4xx_hal_tim.o
                0x08003990                HAL_TIM_PWM_ConfigChannel
 .text.TIM_ETR_SetConfig
                0x08003a6c       0x1a build/stm32f4xx_hal_tim.o
                0x08003a6c                TIM_ETR_SetConfig
 .text.HAL_TIM_ConfigClockSource
                0x08003a86       0xfe build/stm32f4xx_hal_tim.o
                0x08003a86                HAL_TIM_ConfigClockSource
 .text.TIM_CCxChannelCmd
                0x08003b84       0x1e build/stm32f4xx_hal_tim.o
                0x08003b84                TIM_CCxChannelCmd
 *fill*         0x08003ba2        0x2 
 .text.HAL_TIM_PWM_Start
                0x08003ba4      0x104 build/stm32f4xx_hal_tim.o
                0x08003ba4                HAL_TIM_PWM_Start
 .text.HAL_TIMEx_MasterConfigSynchronization
                0x08003ca8       0x8c build/stm32f4xx_hal_tim_ex.o
                0x08003ca8                HAL_TIMEx_MasterConfigSynchronization
 .text.UART_EndRxTransfer
                0x08003d34       0x5c build/stm32f4xx_hal_uart.o
 .text.UART_Transmit_IT
                0x08003d90       0x60 build/stm32f4xx_hal_uart.o
 .text.UART_SetConfig
                0x08003df0      0x110 build/stm32f4xx_hal_uart.o
 .text.UART_WaitOnFlagUntilTimeout
                0x08003f00       0x84 build/stm32f4xx_hal_uart.o
 .text.HAL_UART_Init
                0x08003f84       0x5e build/stm32f4xx_hal_uart.o
                0x08003f84                HAL_UART_Init
 .text.HAL_UART_Transmit
                0x08003fe2       0xd8 build/stm32f4xx_hal_uart.o
                0x08003fe2                HAL_UART_Transmit
 .text.HAL_UART_TxCpltCallback
                0x080040ba        0x2 build/stm32f4xx_hal_uart.o
                0x080040ba                HAL_UART_TxCpltCallback
 .text.UART_EndTransmit_IT
                0x080040bc       0x1a build/stm32f4xx_hal_uart.o
 .text.HAL_UART_RxCpltCallback
                0x080040d6        0x2 build/stm32f4xx_hal_uart.o
                0x080040d6                HAL_UART_RxCpltCallback
 .text.HAL_UART_ErrorCallback
                0x080040d8        0x2 build/stm32f4xx_hal_uart.o
                0x080040d8                HAL_UART_ErrorCallback
 .text.UART_DMAAbortOnError
                0x080040da       0x10 build/stm32f4xx_hal_uart.o
 .text.HAL_UARTEx_RxEventCallback
                0x080040ea        0x2 build/stm32f4xx_hal_uart.o
                0x080040ea                HAL_UARTEx_RxEventCallback
 .text.UART_Receive_IT
                0x080040ec       0xe2 build/stm32f4xx_hal_uart.o
 *fill*         0x080041ce        0x2 
 .text.HAL_UART_IRQHandler
                0x080041d0      0x27c build/stm32f4xx_hal_uart.o
                0x080041d0                HAL_UART_IRQHandler
 .text.SystemInit
                0x0800444c       0x14 build/system_stm32f4xx.o
                0x0800444c                SystemInit
 .text.Reset_Handler
                0x08004460       0x50 build/startup_stm32f446xx.o
                0x08004460                Reset_Handler
 .text.Default_Handler
                0x080044b0        0x2 build/startup_stm32f446xx.o
                0x080044b0                RTC_Alarm_IRQHandler
                0x080044b0                EXTI2_IRQHandler
                0x080044b0                TIM8_CC_IRQHandler
                0x080044b0                FMPI2C1_EV_IRQHandler
                0x080044b0                SPI4_IRQHandler
                0x080044b0                TIM1_CC_IRQHandler
                0x080044b0                DMA2_Stream5_IRQHandler
                0x080044b0                PVD_IRQHandler
                0x080044b0                SDIO_IRQHandler
                0x080044b0                TAMP_STAMP_IRQHandler
                0x080044b0                CAN2_RX1_IRQHandler
                0x080044b0                EXTI3_IRQHandler
                0x080044b0                TIM8_TRG_COM_TIM14_IRQHandler
                0x080044b0                TIM1_UP_TIM10_IRQHandler
                0x080044b0                TIM8_UP_TIM13_IRQHandler
                0x080044b0                I2C3_ER_IRQHandler
                0x080044b0                EXTI0_IRQHandler
                0x080044b0                I2C2_EV_IRQHandler
                0x080044b0                DMA1_Stream2_IRQHandler
                0x080044b0                CAN1_RX0_IRQHandler
                0x080044b0                FPU_IRQHandler
                0x080044b0                OTG_HS_WKUP_IRQHandler
                0x080044b0                CAN2_SCE_IRQHandler
                0x080044b0                DMA2_Stream2_IRQHandler
                0x080044b0                SPI1_IRQHandler
                0x080044b0                TIM6_DAC_IRQHandler
                0x080044b0                TIM1_BRK_TIM9_IRQHandler
                0x080044b0                DCMI_IRQHandler
                0x080044b0                CAN2_RX0_IRQHandler
                0x080044b0                DMA2_Stream3_IRQHandler
                0x080044b0                SAI2_IRQHandler
                0x080044b0                USART6_IRQHandler
                0x080044b0                USART3_IRQHandler
                0x080044b0                CAN1_RX1_IRQHandler
                0x080044b0                UART5_IRQHandler
                0x080044b0                DMA2_Stream0_IRQHandler
                0x080044b0                TIM4_IRQHandler
                0x080044b0                QUADSPI_IRQHandler
                0x080044b0                I2C1_EV_IRQHandler
                0x080044b0                UART4_IRQHandler
                0x080044b0                TIM3_IRQHandler
                0x080044b0                RCC_IRQHandler
                0x080044b0                TIM8_BRK_TIM12_IRQHandler
                0x080044b0                Default_Handler
                0x080044b0                CEC_IRQHandler
                0x080044b0                EXTI15_10_IRQHandler
                0x080044b0                ADC_IRQHandler
                0x080044b0                DMA1_Stream7_IRQHandler
                0x080044b0                TIM7_IRQHandler
                0x080044b0                CAN2_TX_IRQHandler
                0x080044b0                TIM5_IRQHandler
                0x080044b0                DMA2_Stream7_IRQHandler
                0x080044b0                I2C3_EV_IRQHandler
                0x080044b0                EXTI9_5_IRQHandler
                0x080044b0                RTC_WKUP_IRQHandler
                0x080044b0                SPDIF_RX_IRQHandler
                0x080044b0                SPI2_IRQHandler
                0x080044b0                OTG_HS_EP1_IN_IRQHandler
                0x080044b0                DMA1_Stream0_IRQHandler
                0x080044b0                CAN1_TX_IRQHandler
                0x080044b0                FMPI2C1_ER_IRQHandler
                0x080044b0                EXTI4_IRQHandler
                0x080044b0                OTG_HS_EP1_OUT_IRQHandler
                0x080044b0                WWDG_IRQHandler
                0x080044b0                TIM2_IRQHandler
                0x080044b0                OTG_FS_WKUP_IRQHandler
                0x080044b0                TIM1_TRG_COM_TIM11_IRQHandler
                0x080044b0                OTG_HS_IRQHandler
                0x080044b0                EXTI1_IRQHandler
                0x080044b0                USART2_IRQHandler
                0x080044b0                I2C2_ER_IRQHandler
                0x080044b0                DMA2_Stream1_IRQHandler
                0x080044b0                CAN1_SCE_IRQHandler
                0x080044b0                FLASH_IRQHandler
                0x080044b0                DMA2_Stream4_IRQHandler
                0x080044b0                OTG_FS_IRQHandler
                0x080044b0                SPI3_IRQHandler
                0x080044b0                I2C1_ER_IRQHandler
                0x080044b0                FMC_IRQHandler
                0x080044b0                DMA2_Stream6_IRQHandler
                0x080044b0                SAI1_IRQHandler
                0x080044b0                DMA1_Stream3_IRQHandler
 .text.__cvt    0x080044b2       0xd2 c:/program files (x86)/arm gnu toolchain arm-none-eabi/12.2 mpacbti-rel1/bin/../lib/gcc/arm-none-eabi/12.2.1/thumb/v7e-m+fp/hard\libc_nano.a(libc_a-nano-vfprintf_float.o)
                0x080044b2                __cvt
 .text.__exponent
                0x08004584       0x74 c:/program files (x86)/arm gnu toolchain arm-none-eabi/12.2 mpacbti-rel1/bin/../lib/gcc/arm-none-eabi/12.2.1/thumb/v7e-m+fp/hard\libc_nano.a(libc_a-nano-vfprintf_float.o)
                0x08004584                __exponent
 .text._printf_float
                0x080045f8      0x464 c:/program files (x86)/arm gnu toolchain arm-none-eabi/12.2 mpacbti-rel1/bin/../lib/gcc/arm-none-eabi/12.2.1/thumb/v7e-m+fp/hard\libc_nano.a(libc_a-nano-vfprintf_float.o)
                0x080045f8                _printf_float
 .text._printf_common
                0x08004a5c       0xda c:/program files (x86)/arm gnu toolchain arm-none-eabi/12.2 mpacbti-rel1/bin/../lib/gcc/arm-none-eabi/12.2.1/thumb/v7e-m+fp/hard\libc_nano.a(libc_a-nano-vfprintf_i.o)
                0x08004a5c                _printf_common
 *fill*         0x08004b36        0x2 
 .text._printf_i
                0x08004b38      0x258 c:/program files (x86)/arm gnu toolchain arm-none-eabi/12.2 mpacbti-rel1/bin/../lib/gcc/arm-none-eabi/12.2.1/thumb/v7e-m+fp/hard\libc_nano.a(libc_a-nano-vfprintf_i.o)
                0x08004b38                _printf_i
 .text.std      0x08004d90       0x6c c:/program files (x86)/arm gnu toolchain arm-none-eabi/12.2 mpacbti-rel1/bin/../lib/gcc/arm-none-eabi/12.2.1/thumb/v7e-m+fp/hard\libc_nano.a(libc_a-findfp.o)
 .text.stdio_exit_handler
                0x08004dfc       0x18 c:/program files (x86)/arm gnu toolchain arm-none-eabi/12.2 mpacbti-rel1/bin/../lib/gcc/arm-none-eabi/12.2.1/thumb/v7e-m+fp/hard\libc_nano.a(libc_a-findfp.o)
 .text.cleanup_stdio
                0x08004e14       0x40 c:/program files (x86)/arm gnu toolchain arm-none-eabi/12.2 mpacbti-rel1/bin/../lib/gcc/arm-none-eabi/12.2.1/thumb/v7e-m+fp/hard\libc_nano.a(libc_a-findfp.o)
 .text.global_stdio_init.part.0
                0x08004e54       0x3c c:/program files (x86)/arm gnu toolchain arm-none-eabi/12.2 mpacbti-rel1/bin/../lib/gcc/arm-none-eabi/12.2.1/thumb/v7e-m+fp/hard\libc_nano.a(libc_a-findfp.o)
 .text.__sfp_lock_acquire
                0x08004e90        0xc c:/program files (x86)/arm gnu toolchain arm-none-eabi/12.2 mpacbti-rel1/bin/../lib/gcc/arm-none-eabi/12.2.1/thumb/v7e-m+fp/hard\libc_nano.a(libc_a-findfp.o)
                0x08004e90                __sfp_lock_acquire
 .text.__sfp_lock_release
                0x08004e9c        0xc c:/program files (x86)/arm gnu toolchain arm-none-eabi/12.2 mpacbti-rel1/bin/../lib/gcc/arm-none-eabi/12.2.1/thumb/v7e-m+fp/hard\libc_nano.a(libc_a-findfp.o)
                0x08004e9c                __sfp_lock_release
 .text.__sinit  0x08004ea8       0x30 c:/program files (x86)/arm gnu toolchain arm-none-eabi/12.2 mpacbti-rel1/bin/../lib/gcc/arm-none-eabi/12.2.1/thumb/v7e-m+fp/hard\libc_nano.a(libc_a-findfp.o)
                0x08004ea8                __sinit
 .text._fwalk_sglue
                0x08004ed8       0x3c c:/program files (x86)/arm gnu toolchain arm-none-eabi/12.2 mpacbti-rel1/bin/../lib/gcc/arm-none-eabi/12.2.1/thumb/v7e-m+fp/hard\libc_nano.a(libc_a-fwalk.o)
                0x08004ed8                _fwalk_sglue
 .text.sprintf  0x08004f14       0x40 c:/program files (x86)/arm gnu toolchain arm-none-eabi/12.2 mpacbti-rel1/bin/../lib/gcc/arm-none-eabi/12.2.1/thumb/v7e-m+fp/hard\libc_nano.a(libc_a-sprintf.o)
                0x08004f14                siprintf
                0x08004f14                sprintf
 .text.__sread  0x08004f54       0x22 c:/program files (x86)/arm gnu toolchain arm-none-eabi/12.2 mpacbti-rel1/bin/../lib/gcc/arm-none-eabi/12.2.1/thumb/v7e-m+fp/hard\libc_nano.a(libc_a-stdio.o)
                0x08004f54                __sread
 .text.__swrite
                0x08004f76       0x38 c:/program files (x86)/arm gnu toolchain arm-none-eabi/12.2 mpacbti-rel1/bin/../lib/gcc/arm-none-eabi/12.2.1/thumb/v7e-m+fp/hard\libc_nano.a(libc_a-stdio.o)
                0x08004f76                __swrite
 .text.__sseek  0x08004fae       0x24 c:/program files (x86)/arm gnu toolchain arm-none-eabi/12.2 mpacbti-rel1/bin/../lib/gcc/arm-none-eabi/12.2.1/thumb/v7e-m+fp/hard\libc_nano.a(libc_a-stdio.o)
                0x08004fae                __sseek
 .text.__sclose
                0x08004fd2        0x8 c:/program files (x86)/arm gnu toolchain arm-none-eabi/12.2 mpacbti-rel1/bin/../lib/gcc/arm-none-eabi/12.2.1/thumb/v7e-m+fp/hard\libc_nano.a(libc_a-stdio.o)
                0x08004fd2                __sclose
 .text.memset   0x08004fda       0x10 c:/program files (x86)/arm gnu toolchain arm-none-eabi/12.2 mpacbti-rel1/bin/../lib/gcc/arm-none-eabi/12.2.1/thumb/v7e-m+fp/hard\libc_nano.a(libc_a-memset.o)
                0x08004fda                memset
 *fill*         0x08004fea        0x2 
 .text._localeconv_r
                0x08004fec        0x8 c:/program files (x86)/arm gnu toolchain arm-none-eabi/12.2 mpacbti-rel1/bin/../lib/gcc/arm-none-eabi/12.2.1/thumb/v7e-m+fp/hard\libc_nano.a(libc_a-localeconv.o)
                0x08004fec                _localeconv_r
 .text._close_r
                0x08004ff4       0x20 c:/program files (x86)/arm gnu toolchain arm-none-eabi/12.2 mpacbti-rel1/bin/../lib/gcc/arm-none-eabi/12.2.1/thumb/v7e-m+fp/hard\libc_nano.a(libc_a-closer.o)
                0x08004ff4                _close_r
 .text._lseek_r
                0x08005014       0x24 c:/program files (x86)/arm gnu toolchain arm-none-eabi/12.2 mpacbti-rel1/bin/../lib/gcc/arm-none-eabi/12.2.1/thumb/v7e-m+fp/hard\libc_nano.a(libc_a-lseekr.o)
                0x08005014                _lseek_r
 .text._read_r  0x08005038       0x24 c:/program files (x86)/arm gnu toolchain arm-none-eabi/12.2 mpacbti-rel1/bin/../lib/gcc/arm-none-eabi/12.2.1/thumb/v7e-m+fp/hard\libc_nano.a(libc_a-readr.o)
                0x08005038                _read_r
 .text._write_r
                0x0800505c       0x24 c:/program files (x86)/arm gnu toolchain arm-none-eabi/12.2 mpacbti-rel1/bin/../lib/gcc/arm-none-eabi/12.2.1/thumb/v7e-m+fp/hard\libc_nano.a(libc_a-writer.o)
                0x0800505c                _write_r
 .text.__libc_init_array
                0x08005080       0x48 c:/program files (x86)/arm gnu toolchain arm-none-eabi/12.2 mpacbti-rel1/bin/../lib/gcc/arm-none-eabi/12.2.1/thumb/v7e-m+fp/hard\libc_nano.a(libc_a-init.o)
                0x08005080                __libc_init_array
 .text.__retarget_lock_init_recursive
                0x080050c8        0x2 c:/program files (x86)/arm gnu toolchain arm-none-eabi/12.2 mpacbti-rel1/bin/../lib/gcc/arm-none-eabi/12.2.1/thumb/v7e-m+fp/hard\libc_nano.a(libc_a-lock.o)
                0x080050c8                __retarget_lock_init_recursive
 .text.__retarget_lock_acquire_recursive
                0x080050ca        0x2 c:/program files (x86)/arm gnu toolchain arm-none-eabi/12.2 mpacbti-rel1/bin/../lib/gcc/arm-none-eabi/12.2.1/thumb/v7e-m+fp/hard\libc_nano.a(libc_a-lock.o)
                0x080050ca                __retarget_lock_acquire_recursive
 .text.__retarget_lock_release_recursive
                0x080050cc        0x2 c:/program files (x86)/arm gnu toolchain arm-none-eabi/12.2 mpacbti-rel1/bin/../lib/gcc/arm-none-eabi/12.2.1/thumb/v7e-m+fp/hard\libc_nano.a(libc_a-lock.o)
                0x080050cc                __retarget_lock_release_recursive
 .text.quorem   0x080050ce      0x110 c:/program files (x86)/arm gnu toolchain arm-none-eabi/12.2 mpacbti-rel1/bin/../lib/gcc/arm-none-eabi/12.2.1/thumb/v7e-m+fp/hard\libc_nano.a(libc_a-dtoa.o)
 *fill*         0x080051de        0x2 
 .text._dtoa_r  0x080051e0      0xc58 c:/program files (x86)/arm gnu toolchain arm-none-eabi/12.2 mpacbti-rel1/bin/../lib/gcc/arm-none-eabi/12.2.1/thumb/v7e-m+fp/hard\libc_nano.a(libc_a-dtoa.o)
                0x080051e0                _dtoa_r
 .text._free_r  0x08005e38       0x94 c:/program files (x86)/arm gnu toolchain arm-none-eabi/12.2 mpacbti-rel1/bin/../lib/gcc/arm-none-eabi/12.2.1/thumb/v7e-m+fp/hard\libc_nano.a(libc_a-freer.o)
                0x08005e38                _free_r
 .text.malloc   0x08005ecc       0x10 c:/program files (x86)/arm gnu toolchain arm-none-eabi/12.2 mpacbti-rel1/bin/../lib/gcc/arm-none-eabi/12.2.1/thumb/v7e-m+fp/hard\libc_nano.a(libc_a-malloc.o)
                0x08005ecc                malloc
 .text.sbrk_aligned
                0x08005edc       0x44 c:/program files (x86)/arm gnu toolchain arm-none-eabi/12.2 mpacbti-rel1/bin/../lib/gcc/arm-none-eabi/12.2.1/thumb/v7e-m+fp/hard\libc_nano.a(libc_a-mallocr.o)
 .text._malloc_r
                0x08005f20      0x100 c:/program files (x86)/arm gnu toolchain arm-none-eabi/12.2 mpacbti-rel1/bin/../lib/gcc/arm-none-eabi/12.2.1/thumb/v7e-m+fp/hard\libc_nano.a(libc_a-mallocr.o)
                0x08005f20                _malloc_r
 .text.__malloc_lock
                0x08006020        0xc c:/program files (x86)/arm gnu toolchain arm-none-eabi/12.2 mpacbti-rel1/bin/../lib/gcc/arm-none-eabi/12.2.1/thumb/v7e-m+fp/hard\libc_nano.a(libc_a-mlock.o)
                0x08006020                __malloc_lock
 .text.__malloc_unlock
                0x0800602c        0xc c:/program files (x86)/arm gnu toolchain arm-none-eabi/12.2 mpacbti-rel1/bin/../lib/gcc/arm-none-eabi/12.2.1/thumb/v7e-m+fp/hard\libc_nano.a(libc_a-mlock.o)
                0x0800602c                __malloc_unlock
 .text._Balloc  0x08006038       0x80 c:/program files (x86)/arm gnu toolchain arm-none-eabi/12.2 mpacbti-rel1/bin/../lib/gcc/arm-none-eabi/12.2.1/thumb/v7e-m+fp/hard\libc_nano.a(libc_a-mprec.o)
                0x08006038                _Balloc
 .text._Bfree   0x080060b8       0x44 c:/program files (x86)/arm gnu toolchain arm-none-eabi/12.2 mpacbti-rel1/bin/../lib/gcc/arm-none-eabi/12.2.1/thumb/v7e-m+fp/hard\libc_nano.a(libc_a-mprec.o)
                0x080060b8                _Bfree
 .text.__multadd
                0x080060fc       0x8c c:/program files (x86)/arm gnu toolchain arm-none-eabi/12.2 mpacbti-rel1/bin/../lib/gcc/arm-none-eabi/12.2.1/thumb/v7e-m+fp/hard\libc_nano.a(libc_a-mprec.o)
                0x080060fc                __multadd
 .text.__hi0bits
                0x08006188       0x44 c:/program files (x86)/arm gnu toolchain arm-none-eabi/12.2 mpacbti-rel1/bin/../lib/gcc/arm-none-eabi/12.2.1/thumb/v7e-m+fp/hard\libc_nano.a(libc_a-mprec.o)
                0x08006188                __hi0bits
 .text.__lo0bits
                0x080061cc       0x5a c:/program files (x86)/arm gnu toolchain arm-none-eabi/12.2 mpacbti-rel1/bin/../lib/gcc/arm-none-eabi/12.2.1/thumb/v7e-m+fp/hard\libc_nano.a(libc_a-mprec.o)
                0x080061cc                __lo0bits
 *fill*         0x08006226        0x2 
 .text.__i2b    0x08006228       0x2c c:/program files (x86)/arm gnu toolchain arm-none-eabi/12.2 mpacbti-rel1/bin/../lib/gcc/arm-none-eabi/12.2.1/thumb/v7e-m+fp/hard\libc_nano.a(libc_a-mprec.o)
                0x08006228                __i2b
 .text.__multiply
                0x08006254      0x154 c:/program files (x86)/arm gnu toolchain arm-none-eabi/12.2 mpacbti-rel1/bin/../lib/gcc/arm-none-eabi/12.2.1/thumb/v7e-m+fp/hard\libc_nano.a(libc_a-mprec.o)
                0x08006254                __multiply
 .text.__pow5mult
                0x080063a8       0xb4 c:/program files (x86)/arm gnu toolchain arm-none-eabi/12.2 mpacbti-rel1/bin/../lib/gcc/arm-none-eabi/12.2.1/thumb/v7e-m+fp/hard\libc_nano.a(libc_a-mprec.o)
                0x080063a8                __pow5mult
 .text.__lshift
                0x0800645c       0xd8 c:/program files (x86)/arm gnu toolchain arm-none-eabi/12.2 mpacbti-rel1/bin/../lib/gcc/arm-none-eabi/12.2.1/thumb/v7e-m+fp/hard\libc_nano.a(libc_a-mprec.o)
                0x0800645c                __lshift
 .text.__mcmp   0x08006534       0x36 c:/program files (x86)/arm gnu toolchain arm-none-eabi/12.2 mpacbti-rel1/bin/../lib/gcc/arm-none-eabi/12.2.1/thumb/v7e-m+fp/hard\libc_nano.a(libc_a-mprec.o)
                0x08006534                __mcmp
 *fill*         0x0800656a        0x2 
 .text.__mdiff  0x0800656c      0x128 c:/program files (x86)/arm gnu toolchain arm-none-eabi/12.2 mpacbti-rel1/bin/../lib/gcc/arm-none-eabi/12.2.1/thumb/v7e-m+fp/hard\libc_nano.a(libc_a-mprec.o)
                0x0800656c                __mdiff
 .text.__d2b    0x08006694       0xb0 c:/program files (x86)/arm gnu toolchain arm-none-eabi/12.2 mpacbti-rel1/bin/../lib/gcc/arm-none-eabi/12.2.1/thumb/v7e-m+fp/hard\libc_nano.a(libc_a-mprec.o)
                0x08006694                __d2b
 .text.__ssputs_r
                0x08006744       0xb6 c:/program files (x86)/arm gnu toolchain arm-none-eabi/12.2 mpacbti-rel1/bin/../lib/gcc/arm-none-eabi/12.2.1/thumb/v7e-m+fp/hard\libc_nano.a(libc_a-nano-svfprintf.o)
                0x08006744                __ssputs_r
 *fill*         0x080067fa        0x2 
 .text._svfprintf_r
                0x080067fc      0x1f8 c:/program files (x86)/arm gnu toolchain arm-none-eabi/12.2 mpacbti-rel1/bin/../lib/gcc/arm-none-eabi/12.2.1/thumb/v7e-m+fp/hard\libc_nano.a(libc_a-nano-svfprintf.o)
                0x080067fc                _svfiprintf_r
                0x080067fc                _svfprintf_r
 .text.__sflush_r
                0x080069f4      0x108 c:/program files (x86)/arm gnu toolchain arm-none-eabi/12.2 mpacbti-rel1/bin/../lib/gcc/arm-none-eabi/12.2.1/thumb/v7e-m+fp/hard\libc_nano.a(libc_a-fflush.o)
                0x080069f4                __sflush_r
 .text._fflush_r
                0x08006afc       0x50 c:/program files (x86)/arm gnu toolchain arm-none-eabi/12.2 mpacbti-rel1/bin/../lib/gcc/arm-none-eabi/12.2.1/thumb/v7e-m+fp/hard\libc_nano.a(libc_a-fflush.o)
                0x08006afc                _fflush_r
 .text.memmove  0x08006b4c       0x34 c:/program files (x86)/arm gnu toolchain arm-none-eabi/12.2 mpacbti-rel1/bin/../lib/gcc/arm-none-eabi/12.2.1/thumb/v7e-m+fp/hard\libc_nano.a(libc_a-memmove.o)
                0x08006b4c                memmove
 .text._sbrk_r  0x08006b80       0x20 c:/program files (x86)/arm gnu toolchain arm-none-eabi/12.2 mpacbti-rel1/bin/../lib/gcc/arm-none-eabi/12.2.1/thumb/v7e-m+fp/hard\libc_nano.a(libc_a-sbrkr.o)
                0x08006b80                _sbrk_r
 .text.memcpy   0x08006ba0       0x1c c:/program files (x86)/arm gnu toolchain arm-none-eabi/12.2 mpacbti-rel1/bin/../lib/gcc/arm-none-eabi/12.2.1/thumb/v7e-m+fp/hard\libc_nano.a(libc_a-memcpy-stub.o)
                0x08006ba0                memcpy
 .text.__assert_func
                0x08006bbc       0x3c c:/program files (x86)/arm gnu toolchain arm-none-eabi/12.2 mpacbti-rel1/bin/../lib/gcc/arm-none-eabi/12.2.1/thumb/v7e-m+fp/hard\libc_nano.a(libc_a-assert.o)
                0x08006bbc                __assert_func
 .text._calloc_r
                0x08006bf8       0x28 c:/program files (x86)/arm gnu toolchain arm-none-eabi/12.2 mpacbti-rel1/bin/../lib/gcc/arm-none-eabi/12.2.1/thumb/v7e-m+fp/hard\libc_nano.a(libc_a-callocr.o)
                0x08006bf8                _calloc_r
 .text.__ascii_mbtowc
                0x08006c20       0x24 c:/program files (x86)/arm gnu toolchain arm-none-eabi/12.2 mpacbti-rel1/bin/../lib/gcc/arm-none-eabi/12.2.1/thumb/v7e-m+fp/hard\libc_nano.a(libc_a-mbtowc_r.o)
                0x08006c20                __ascii_mbtowc
 .text._realloc_r
                0x08006c44       0x5c c:/program files (x86)/arm gnu toolchain arm-none-eabi/12.2 mpacbti-rel1/bin/../lib/gcc/arm-none-eabi/12.2.1/thumb/v7e-m+fp/hard\libc_nano.a(libc_a-reallocr.o)
                0x08006c44                _realloc_r
 .text.__ascii_wctomb
                0x08006ca0       0x1a c:/program files (x86)/arm gnu toolchain arm-none-eabi/12.2 mpacbti-rel1/bin/../lib/gcc/arm-none-eabi/12.2.1/thumb/v7e-m+fp/hard\libc_nano.a(libc_a-wctomb_r.o)
                0x08006ca0                __ascii_wctomb
 *fill*         0x08006cba        0x2 
 .text.fprintf  0x08006cbc       0x24 c:/program files (x86)/arm gnu toolchain arm-none-eabi/12.2 mpacbti-rel1/bin/../lib/gcc/arm-none-eabi/12.2.1/thumb/v7e-m+fp/hard\libc_nano.a(libc_a-fprintf.o)
                0x08006cbc                fiprintf
                0x08006cbc                fprintf
 .text.abort    0x08006ce0        0xe c:/program files (x86)/arm gnu toolchain arm-none-eabi/12.2 mpacbti-rel1/bin/../lib/gcc/arm-none-eabi/12.2.1/thumb/v7e-m+fp/hard\libc_nano.a(libc_a-abort.o)
                0x08006ce0                abort
 .text._malloc_usable_size_r
                0x08006cee       0x10 c:/program files (x86)/arm gnu toolchain arm-none-eabi/12.2 mpacbti-rel1/bin/../lib/gcc/arm-none-eabi/12.2.1/thumb/v7e-m+fp/hard\libc_nano.a(libc_a-msizer.o)
                0x08006cee                _malloc_usable_size_r
 .text.__sfputc_r
                0x08006cfe       0x2e c:/program files (x86)/arm gnu toolchain arm-none-eabi/12.2 mpacbti-rel1/bin/../lib/gcc/arm-none-eabi/12.2.1/thumb/v7e-m+fp/hard\libc_nano.a(libc_a-nano-vfprintf.o)
 .text.__sfputs_r
                0x08006d2c       0x24 c:/program files (x86)/arm gnu toolchain arm-none-eabi/12.2 mpacbti-rel1/bin/../lib/gcc/arm-none-eabi/12.2.1/thumb/v7e-m+fp/hard\libc_nano.a(libc_a-nano-vfprintf.o)
                0x08006d2c                __sfputs_r
 .text._vfprintf_r
                0x08006d50      0x230 c:/program files (x86)/arm gnu toolchain arm-none-eabi/12.2 mpacbti-rel1/bin/../lib/gcc/arm-none-eabi/12.2.1/thumb/v7e-m+fp/hard\libc_nano.a(libc_a-nano-vfprintf.o)
                0x08006d50                _vfprintf_r
                0x08006d50                _vfiprintf_r
 .text.__swbuf_r
                0x08006f80       0x7c c:/program files (x86)/arm gnu toolchain arm-none-eabi/12.2 mpacbti-rel1/bin/../lib/gcc/arm-none-eabi/12.2.1/thumb/v7e-m+fp/hard\libc_nano.a(libc_a-wbuf.o)
                0x08006f80                __swbuf_r
 .text.__swsetup_r
                0x08006ffc       0xac c:/program files (x86)/arm gnu toolchain arm-none-eabi/12.2 mpacbti-rel1/bin/../lib/gcc/arm-none-eabi/12.2.1/thumb/v7e-m+fp/hard\libc_nano.a(libc_a-wsetup.o)
                0x08006ffc                __swsetup_r
 .text._raise_r
                0x080070a8       0x50 c:/program files (x86)/arm gnu toolchain arm-none-eabi/12.2 mpacbti-rel1/bin/../lib/gcc/arm-none-eabi/12.2.1/thumb/v7e-m+fp/hard\libc_nano.a(libc_a-signal.o)
                0x080070a8                _raise_r
 .text.raise    0x080070f8       0x10 c:/program files (x86)/arm gnu toolchain arm-none-eabi/12.2 mpacbti-rel1/bin/../lib/gcc/arm-none-eabi/12.2.1/thumb/v7e-m+fp/hard\libc_nano.a(libc_a-signal.o)
                0x080070f8                raise
 .text._kill_r  0x08007108       0x24 c:/program files (x86)/arm gnu toolchain arm-none-eabi/12.2 mpacbti-rel1/bin/../lib/gcc/arm-none-eabi/12.2.1/thumb/v7e-m+fp/hard\libc_nano.a(libc_a-signalr.o)
                0x08007108                _kill_r
 .text._getpid_r
                0x0800712c        0x4 c:/program files (x86)/arm gnu toolchain arm-none-eabi/12.2 mpacbti-rel1/bin/../lib/gcc/arm-none-eabi/12.2.1/thumb/v7e-m+fp/hard\libc_nano.a(libc_a-signalr.o)
                0x0800712c                _getpid_r
 .text.__swhatbuf_r
                0x08007130       0x4c c:/program files (x86)/arm gnu toolchain arm-none-eabi/12.2 mpacbti-rel1/bin/../lib/gcc/arm-none-eabi/12.2.1/thumb/v7e-m+fp/hard\libc_nano.a(libc_a-makebuf.o)
                0x08007130                __swhatbuf_r
 .text.__smakebuf_r
                0x0800717c       0x78 c:/program files (x86)/arm gnu toolchain arm-none-eabi/12.2 mpacbti-rel1/bin/../lib/gcc/arm-none-eabi/12.2.1/thumb/v7e-m+fp/hard\libc_nano.a(libc_a-makebuf.o)
                0x0800717c                __smakebuf_r
 .text._fstat_r
                0x080071f4       0x24 c:/program files (x86)/arm gnu toolchain arm-none-eabi/12.2 mpacbti-rel1/bin/../lib/gcc/arm-none-eabi/12.2.1/thumb/v7e-m+fp/hard\libc_nano.a(libc_a-fstatr.o)
                0x080071f4                _fstat_r
 .text._isatty_r
                0x08007218       0x20 c:/program files (x86)/arm gnu toolchain arm-none-eabi/12.2 mpacbti-rel1/bin/../lib/gcc/arm-none-eabi/12.2.1/thumb/v7e-m+fp/hard\libc_nano.a(libc_a-isattyr.o)
                0x08007218                _isatty_r
 .text.pow      0x08007238       0xf0 c:/program files (x86)/arm gnu toolchain arm-none-eabi/12.2 mpacbti-rel1/bin/../lib/gcc/arm-none-eabi/12.2.1/thumb/v7e-m+fp/hard\libm.a(libm_a-w_pow.o)
                0x08007238                pow
 .text.sqrt     0x08007328       0x68 c:/program files (x86)/arm gnu toolchain arm-none-eabi/12.2 mpacbti-rel1/bin/../lib/gcc/arm-none-eabi/12.2.1/thumb/v7e-m+fp/hard\libm.a(libm_a-w_sqrt.o)
                0x08007328                sqrt
 .text.atan     0x08007390      0x328 c:/program files (x86)/arm gnu toolchain arm-none-eabi/12.2 mpacbti-rel1/bin/../lib/gcc/arm-none-eabi/12.2.1/thumb/v7e-m+fp/hard\libm.a(libm_a-s_atan.o)
                0x08007390                atan
 .text.fabs     0x080076b8       0x10 c:/program files (x86)/arm gnu toolchain arm-none-eabi/12.2 mpacbti-rel1/bin/../lib/gcc/arm-none-eabi/12.2.1/thumb/v7e-m+fp/hard\libm.a(libm_a-s_fabs.o)
                0x080076b8                fabs
 .text.finite   0x080076c8       0x18 c:/program files (x86)/arm gnu toolchain arm-none-eabi/12.2 mpacbti-rel1/bin/../lib/gcc/arm-none-eabi/12.2.1/thumb/v7e-m+fp/hard\libm.a(libm_a-s_finite.o)
                0x080076c8                finite
 .text.__ieee754_sqrt
                0x080076e0      0x1f4 c:/program files (x86)/arm gnu toolchain arm-none-eabi/12.2 mpacbti-rel1/bin/../lib/gcc/arm-none-eabi/12.2.1/thumb/v7e-m+fp/hard\libm.a(libm_a-e_sqrt.o)
                0x080076e0                __ieee754_sqrt
 *fill*         0x080078d4        0x4 
 .text.__ieee754_pow
                0x080078d8      0xbdc c:/program files (x86)/arm gnu toolchain arm-none-eabi/12.2 mpacbti-rel1/bin/../lib/gcc/arm-none-eabi/12.2.1/thumb/v7e-m+fp/hard\libm.a(libm_a-e_pow.o)
                0x080078d8                __ieee754_pow
 *fill*         0x080084b4        0x4 
 .text.scalbn   0x080084b8      0x114 c:/program files (x86)/arm gnu toolchain arm-none-eabi/12.2 mpacbti-rel1/bin/../lib/gcc/arm-none-eabi/12.2.1/thumb/v7e-m+fp/hard\libm.a(libm_a-s_scalbn.o)
                0x080084b8                scalbn
 .text.with_errno
                0x080085cc       0x24 c:/program files (x86)/arm gnu toolchain arm-none-eabi/12.2 mpacbti-rel1/bin/../lib/gcc/arm-none-eabi/12.2.1/thumb/v7e-m+fp/hard\libm.a(libm_a-math_err.o)
 .text.xflow    0x080085f0       0x34 c:/program files (x86)/arm gnu toolchain arm-none-eabi/12.2 mpacbti-rel1/bin/../lib/gcc/arm-none-eabi/12.2.1/thumb/v7e-m+fp/hard\libm.a(libm_a-math_err.o)
 *fill*         0x08008624        0x4 
 .text.__math_uflow
                0x08008628       0x10 c:/program files (x86)/arm gnu toolchain arm-none-eabi/12.2 mpacbti-rel1/bin/../lib/gcc/arm-none-eabi/12.2.1/thumb/v7e-m+fp/hard\libm.a(libm_a-math_err.o)
                0x08008628                __math_uflow
 .text.__math_oflow
                0x08008638       0x10 c:/program files (x86)/arm gnu toolchain arm-none-eabi/12.2 mpacbti-rel1/bin/../lib/gcc/arm-none-eabi/12.2.1/thumb/v7e-m+fp/hard\libm.a(libm_a-math_err.o)
                0x08008638                __math_oflow
 .text._close   0x08008648       0x10 c:/program files (x86)/arm gnu toolchain arm-none-eabi/12.2 mpacbti-rel1/bin/../lib/gcc/arm-none-eabi/12.2.1/thumb/v7e-m+fp/hard\libnosys.a(close.o)
                0x08008648                _close
 .text._fstat   0x08008658       0x10 c:/program files (x86)/arm gnu toolchain arm-none-eabi/12.2 mpacbti-rel1/bin/../lib/gcc/arm-none-eabi/12.2.1/thumb/v7e-m+fp/hard\libnosys.a(fstat.o)
                0x08008658                _fstat
 .text._getpid  0x08008668       0x10 c:/program files (x86)/arm gnu toolchain arm-none-eabi/12.2 mpacbti-rel1/bin/../lib/gcc/arm-none-eabi/12.2.1/thumb/v7e-m+fp/hard\libnosys.a(getpid.o)
                0x08008668                _getpid
 .text._isatty  0x08008678       0x10 c:/program files (x86)/arm gnu toolchain arm-none-eabi/12.2 mpacbti-rel1/bin/../lib/gcc/arm-none-eabi/12.2.1/thumb/v7e-m+fp/hard\libnosys.a(isatty.o)
                0x08008678                _isatty
 .text._kill    0x08008688       0x10 c:/program files (x86)/arm gnu toolchain arm-none-eabi/12.2 mpacbti-rel1/bin/../lib/gcc/arm-none-eabi/12.2.1/thumb/v7e-m+fp/hard\libnosys.a(kill.o)
                0x08008688                _kill
 .text._lseek   0x08008698       0x10 c:/program files (x86)/arm gnu toolchain arm-none-eabi/12.2 mpacbti-rel1/bin/../lib/gcc/arm-none-eabi/12.2.1/thumb/v7e-m+fp/hard\libnosys.a(lseek.o)
                0x08008698                _lseek
 .text._read    0x080086a8       0x10 c:/program files (x86)/arm gnu toolchain arm-none-eabi/12.2 mpacbti-rel1/bin/../lib/gcc/arm-none-eabi/12.2.1/thumb/v7e-m+fp/hard\libnosys.a(read.o)
                0x080086a8                _read
 .text._sbrk    0x080086b8       0x1c c:/program files (x86)/arm gnu toolchain arm-none-eabi/12.2 mpacbti-rel1/bin/../lib/gcc/arm-none-eabi/12.2.1/thumb/v7e-m+fp/hard\libnosys.a(sbrk.o)
                0x080086b8                _sbrk
 .text._write   0x080086d4       0x10 c:/program files (x86)/arm gnu toolchain arm-none-eabi/12.2 mpacbti-rel1/bin/../lib/gcc/arm-none-eabi/12.2.1/thumb/v7e-m+fp/hard\libnosys.a(write.o)
                0x080086d4                _write
 .text._exit    0x080086e4        0x4 c:/program files (x86)/arm gnu toolchain arm-none-eabi/12.2 mpacbti-rel1/bin/../lib/gcc/arm-none-eabi/12.2.1/thumb/v7e-m+fp/hard\libnosys.a(_exit.o)
                0x080086e4                _exit
 .text.__udivmoddi4
                0x080086e8      0x2bc c:/program files (x86)/arm gnu toolchain arm-none-eabi/12.2 mpacbti-rel1/bin/../lib/gcc/arm-none-eabi/12.2.1/thumb/v7e-m+fp/hard\libgcc.a(_udivmoddi4.o)
                0x080086e8                __udivmoddi4
 .text.__errno  0x080089a4        0xc c:/program files (x86)/arm gnu toolchain arm-none-eabi/12.2 mpacbti-rel1/bin/../lib/gcc/arm-none-eabi/12.2.1/thumb/v7e-m+fp/hard\libc_nano.a(libc_a-errno.o)
                0x080089a4                __errno
 *(.glue_7)
 .glue_7        0x080089b0        0x0 linker stubs
 *(.glue_7t)
 .glue_7t       0x080089b0        0x0 linker stubs
 *(.eh_frame)
 .eh_frame      0x080089b0        0x0 c:/program files (x86)/arm gnu toolchain arm-none-eabi/12.2 mpacbti-rel1/bin/../lib/gcc/arm-none-eabi/12.2.1/thumb/v7e-m+fp/hard/crtbegin.o
 *(.init)
 .init          0x080089b0        0x4 c:/program files (x86)/arm gnu toolchain arm-none-eabi/12.2 mpacbti-rel1/bin/../lib/gcc/arm-none-eabi/12.2.1/thumb/v7e-m+fp/hard/crti.o
                0x080089b0                _init
 .init          0x080089b4        0x8 c:/program files (x86)/arm gnu toolchain arm-none-eabi/12.2 mpacbti-rel1/bin/../lib/gcc/arm-none-eabi/12.2.1/thumb/v7e-m+fp/hard/crtn.o
 *(.fini)
 .fini          0x080089bc        0x4 c:/program files (x86)/arm gnu toolchain arm-none-eabi/12.2 mpacbti-rel1/bin/../lib/gcc/arm-none-eabi/12.2.1/thumb/v7e-m+fp/hard/crti.o
                0x080089bc                _fini
 .fini          0x080089c0        0x8 c:/program files (x86)/arm gnu toolchain arm-none-eabi/12.2 mpacbti-rel1/bin/../lib/gcc/arm-none-eabi/12.2.1/thumb/v7e-m+fp/hard/crtn.o
                0x080089c8                        . = ALIGN (0x4)
                0x080089c8                        _etext = .

.vfp11_veneer   0x080089c8        0x0
 .vfp11_veneer  0x080089c8        0x0 linker stubs

.v4_bx          0x080089c8        0x0
 .v4_bx         0x080089c8        0x0 linker stubs

.iplt           0x080089c8        0x0
 .iplt          0x080089c8        0x0 c:/program files (x86)/arm gnu toolchain arm-none-eabi/12.2 mpacbti-rel1/bin/../lib/gcc/arm-none-eabi/12.2.1/thumb/v7e-m+fp/hard/crtbegin.o

.rodata         0x080089c8      0x408
                0x080089c8                        . = ALIGN (0x4)
 *(.rodata)
 *(.rodata*)
 .rodata.main.str1.4
                0x080089c8       0x27 build/main.o
 *fill*         0x080089ef        0x1 
 .rodata.flagBitshiftOffset.0
                0x080089f0        0x8 build/stm32f4xx_hal_dma.o
 .rodata.APBPrescTable
                0x080089f8        0x8 build/system_stm32f4xx.o
                0x080089f8                APBPrescTable
 .rodata.AHBPrescTable
                0x08008a00       0x10 build/system_stm32f4xx.o
                0x08008a00                AHBPrescTable
 .rodata._printf_float.str1.1
                0x08008a10       0x12 c:/program files (x86)/arm gnu toolchain arm-none-eabi/12.2 mpacbti-rel1/bin/../lib/gcc/arm-none-eabi/12.2.1/thumb/v7e-m+fp/hard\libc_nano.a(libc_a-nano-vfprintf_float.o)
 .rodata._printf_i.str1.1
                0x08008a22       0x22 c:/program files (x86)/arm gnu toolchain arm-none-eabi/12.2 mpacbti-rel1/bin/../lib/gcc/arm-none-eabi/12.2.1/thumb/v7e-m+fp/hard\libc_nano.a(libc_a-nano-vfprintf_i.o)
 .rodata._dtoa_r.str1.1
                0x08008a44       0x96 c:/program files (x86)/arm gnu toolchain arm-none-eabi/12.2 mpacbti-rel1/bin/../lib/gcc/arm-none-eabi/12.2.1/thumb/v7e-m+fp/hard\libc_nano.a(libc_a-dtoa.o)
                                 0x98 (size before relaxing)
 .rodata._Balloc.str1.1
                0x08008ada       0x62 c:/program files (x86)/arm gnu toolchain arm-none-eabi/12.2 mpacbti-rel1/bin/../lib/gcc/arm-none-eabi/12.2.1/thumb/v7e-m+fp/hard\libc_nano.a(libc_a-mprec.o)
                                 0x79 (size before relaxing)
 .rodata.__multadd.str1.1
                0x08008b3c       0x11 c:/program files (x86)/arm gnu toolchain arm-none-eabi/12.2 mpacbti-rel1/bin/../lib/gcc/arm-none-eabi/12.2.1/thumb/v7e-m+fp/hard\libc_nano.a(libc_a-mprec.o)
 .rodata.p05.0  0x08008b3c        0xc c:/program files (x86)/arm gnu toolchain arm-none-eabi/12.2 mpacbti-rel1/bin/../lib/gcc/arm-none-eabi/12.2.1/thumb/v7e-m+fp/hard\libc_nano.a(libc_a-mprec.o)
 .rodata.__mprec_bigtens
                0x08008b48       0x28 c:/program files (x86)/arm gnu toolchain arm-none-eabi/12.2 mpacbti-rel1/bin/../lib/gcc/arm-none-eabi/12.2.1/thumb/v7e-m+fp/hard\libc_nano.a(libc_a-mprec.o)
                0x08008b48                __mprec_bigtens
 .rodata.__mprec_tens
                0x08008b70       0xc8 c:/program files (x86)/arm gnu toolchain arm-none-eabi/12.2 mpacbti-rel1/bin/../lib/gcc/arm-none-eabi/12.2.1/thumb/v7e-m+fp/hard\libc_nano.a(libc_a-mprec.o)
                0x08008b70                __mprec_tens
 .rodata._svfprintf_r.str1.1
                0x08008c38       0x11 c:/program files (x86)/arm gnu toolchain arm-none-eabi/12.2 mpacbti-rel1/bin/../lib/gcc/arm-none-eabi/12.2.1/thumb/v7e-m+fp/hard\libc_nano.a(libc_a-nano-svfprintf.o)
 .rodata._setlocale_r.str1.1
                0x08008c49        0x8 c:/program files (x86)/arm gnu toolchain arm-none-eabi/12.2 mpacbti-rel1/bin/../lib/gcc/arm-none-eabi/12.2.1/thumb/v7e-m+fp/hard\libc_nano.a(libc_a-locale.o)
                                  0x9 (size before relaxing)
 .rodata.str1.1
                0x08008c51        0x2 c:/program files (x86)/arm gnu toolchain arm-none-eabi/12.2 mpacbti-rel1/bin/../lib/gcc/arm-none-eabi/12.2.1/thumb/v7e-m+fp/hard\libc_nano.a(libc_a-locale.o)
 .rodata.__assert_func.str1.1
                0x08008c53       0x3c c:/program files (x86)/arm gnu toolchain arm-none-eabi/12.2 mpacbti-rel1/bin/../lib/gcc/arm-none-eabi/12.2.1/thumb/v7e-m+fp/hard\libc_nano.a(libc_a-assert.o)
                                 0x3d (size before relaxing)
 .rodata._ctype_
                0x08008c8f      0x101 c:/program files (x86)/arm gnu toolchain arm-none-eabi/12.2 mpacbti-rel1/bin/../lib/gcc/arm-none-eabi/12.2.1/thumb/v7e-m+fp/hard\libc_nano.a(libc_a-ctype_.o)
                0x08008c8f                _ctype_
 .rodata._vfprintf_r.str1.1
                0x08008d90       0x11 c:/program files (x86)/arm gnu toolchain arm-none-eabi/12.2 mpacbti-rel1/bin/../lib/gcc/arm-none-eabi/12.2.1/thumb/v7e-m+fp/hard\libc_nano.a(libc_a-nano-vfprintf.o)
 .rodata.atanlo
                0x08008d90       0x20 c:/program files (x86)/arm gnu toolchain arm-none-eabi/12.2 mpacbti-rel1/bin/../lib/gcc/arm-none-eabi/12.2.1/thumb/v7e-m+fp/hard\libm.a(libm_a-s_atan.o)
 .rodata.atanhi
                0x08008db0       0x20 c:/program files (x86)/arm gnu toolchain arm-none-eabi/12.2 mpacbti-rel1/bin/../lib/gcc/arm-none-eabi/12.2.1/thumb/v7e-m+fp/hard\libm.a(libm_a-s_atan.o)
                0x08008dd0                        . = ALIGN (0x4)

.ARM.extab
 *(.ARM.extab* .gnu.linkonce.armextab.*)

.ARM            0x08008dd0        0x8
                0x08008dd0                        __exidx_start = .
 *(.ARM.exidx*)
 .ARM.exidx     0x08008dd0        0x8 c:/program files (x86)/arm gnu toolchain arm-none-eabi/12.2 mpacbti-rel1/bin/../lib/gcc/arm-none-eabi/12.2.1/thumb/v7e-m+fp/hard\libc_nano.a(libc_a-memchr.o)
 .ARM.exidx     0x08008dd8        0x0 c:/program files (x86)/arm gnu toolchain arm-none-eabi/12.2 mpacbti-rel1/bin/../lib/gcc/arm-none-eabi/12.2.1/thumb/v7e-m+fp/hard\libc_nano.a(libc_a-strlen.o)
                                  0x8 (size before relaxing)
 .ARM.exidx.text.__udivmoddi4
                0x08008dd8        0x0 c:/program files (x86)/arm gnu toolchain arm-none-eabi/12.2 mpacbti-rel1/bin/../lib/gcc/arm-none-eabi/12.2.1/thumb/v7e-m+fp/hard\libgcc.a(_udivmoddi4.o)
                                  0x8 (size before relaxing)
                0x08008dd8                        __exidx_end = .

.rel.dyn        0x08008dd8        0x0
 .rel.iplt      0x08008dd8        0x0 c:/program files (x86)/arm gnu toolchain arm-none-eabi/12.2 mpacbti-rel1/bin/../lib/gcc/arm-none-eabi/12.2.1/thumb/v7e-m+fp/hard/crtbegin.o

.preinit_array  0x08008dd8        0x0
                0x08008dd8                        PROVIDE (__preinit_array_start = .)
 *(.preinit_array*)
                0x08008dd8                        PROVIDE (__preinit_array_end = .)

.init_array     0x08008dd8        0x4
                0x08008dd8                        PROVIDE (__init_array_start = .)
 *(SORT_BY_NAME(.init_array.*))
 *(.init_array*)
 .init_array    0x08008dd8        0x4 c:/program files (x86)/arm gnu toolchain arm-none-eabi/12.2 mpacbti-rel1/bin/../lib/gcc/arm-none-eabi/12.2.1/thumb/v7e-m+fp/hard/crtbegin.o
                0x08008ddc                        PROVIDE (__init_array_end = .)

.fini_array     0x08008ddc        0x4
                [!provide]                        PROVIDE (__fini_array_start = .)
 *(SORT_BY_NAME(.fini_array.*))
 *(.fini_array*)
 .fini_array    0x08008ddc        0x4 c:/program files (x86)/arm gnu toolchain arm-none-eabi/12.2 mpacbti-rel1/bin/../lib/gcc/arm-none-eabi/12.2.1/thumb/v7e-m+fp/hard/crtbegin.o
                [!provide]                        PROVIDE (__fini_array_end = .)
                0x08008de0                        _sidata = LOADADDR (.data)

.data           0x20000000      0x210 load address 0x08008de0
                0x20000000                        . = ALIGN (0x4)
                0x20000000                        _sdata = .
 *(.data)
 *(.data*)
 .data.Throttle_Input
                0x20000000        0x2 build/main.o
                0x20000000                Throttle_Input
 *fill*         0x20000002        0x2 
 .data.motor    0x20000004       0x24 build/main.o
                0x20000004                motor
 .data.uwTickFreq
                0x20000028        0x1 build/stm32f4xx_hal.o
                0x20000028                uwTickFreq
 *fill*         0x20000029        0x3 
 .data.uwTickPrio
                0x2000002c        0x4 build/stm32f4xx_hal.o
                0x2000002c                uwTickPrio
 .data.SystemCoreClock
                0x20000030        0x4 build/system_stm32f4xx.o
                0x20000030                SystemCoreClock
 .data.__sglue  0x20000034        0xc c:/program files (x86)/arm gnu toolchain arm-none-eabi/12.2 mpacbti-rel1/bin/../lib/gcc/arm-none-eabi/12.2.1/thumb/v7e-m+fp/hard\libc_nano.a(libc_a-findfp.o)
                0x20000034                __sglue
 .data._impure_ptr
                0x20000040        0x4 c:/program files (x86)/arm gnu toolchain arm-none-eabi/12.2 mpacbti-rel1/bin/../lib/gcc/arm-none-eabi/12.2.1/thumb/v7e-m+fp/hard\libc_nano.a(libc_a-impure.o)
                0x20000040                _impure_ptr
 .data._impure_data
                0x20000044       0x4c c:/program files (x86)/arm gnu toolchain arm-none-eabi/12.2 mpacbti-rel1/bin/../lib/gcc/arm-none-eabi/12.2.1/thumb/v7e-m+fp/hard\libc_nano.a(libc_a-impure.o)
                0x20000044                _impure_data
 .data.__global_locale
                0x20000090      0x16c c:/program files (x86)/arm gnu toolchain arm-none-eabi/12.2 mpacbti-rel1/bin/../lib/gcc/arm-none-eabi/12.2.1/thumb/v7e-m+fp/hard\libc_nano.a(libc_a-locale.o)
                0x20000090                __global_locale
 *fill*         0x200001fc        0x4 
 .data.tiny     0x20000200        0x8 c:/program files (x86)/arm gnu toolchain arm-none-eabi/12.2 mpacbti-rel1/bin/../lib/gcc/arm-none-eabi/12.2.1/thumb/v7e-m+fp/hard\libm.a(libm_a-e_sqrt.o)
 .data.one      0x20000208        0x8 c:/program files (x86)/arm gnu toolchain arm-none-eabi/12.2 mpacbti-rel1/bin/../lib/gcc/arm-none-eabi/12.2.1/thumb/v7e-m+fp/hard\libm.a(libm_a-e_sqrt.o)
                0x20000210                        . = ALIGN (0x4)
                0x20000210                        _edata = .

.tm_clone_table
                0x20000210        0x0 load address 0x08008ff0
 .tm_clone_table
                0x20000210        0x0 c:/program files (x86)/arm gnu toolchain arm-none-eabi/12.2 mpacbti-rel1/bin/../lib/gcc/arm-none-eabi/12.2.1/thumb/v7e-m+fp/hard/crtbegin.o
 .tm_clone_table
                0x20000210        0x0 c:/program files (x86)/arm gnu toolchain arm-none-eabi/12.2 mpacbti-rel1/bin/../lib/gcc/arm-none-eabi/12.2.1/thumb/v7e-m+fp/hard/crtend.o

.igot.plt       0x20000210        0x0 load address 0x08008ff0
 .igot.plt      0x20000210        0x0 c:/program files (x86)/arm gnu toolchain arm-none-eabi/12.2 mpacbti-rel1/bin/../lib/gcc/arm-none-eabi/12.2.1/thumb/v7e-m+fp/hard/crtbegin.o
                0x20000210                        . = ALIGN (0x4)

.bss            0x20000210      0x4ec load address 0x08008ff0
                0x20000210                        _sbss = .
                0x20000210                        __bss_start__ = _sbss
 *(.bss)
 *(.bss*)
 .bss.completed.1
                0x20000210        0x1 c:/program files (x86)/arm gnu toolchain arm-none-eabi/12.2 mpacbti-rel1/bin/../lib/gcc/arm-none-eabi/12.2.1/thumb/v7e-m+fp/hard/crtbegin.o
 *fill*         0x20000211        0x3 
 .bss.object.0  0x20000214       0x18 c:/program files (x86)/arm gnu toolchain arm-none-eabi/12.2 mpacbti-rel1/bin/../lib/gcc/arm-none-eabi/12.2.1/thumb/v7e-m+fp/hard/crtbegin.o
 .bss.timer     0x2000022c        0x4 build/main.o
                0x2000022c                timer
 .bss.Pitch     0x20000230       0x1e build/main.o
                0x20000230                Pitch
 *fill*         0x2000024e        0x2 
 .bss.Roll      0x20000250       0x1e build/main.o
                0x20000250                Roll
 *fill*         0x2000026e        0x2 
 .bss.Yaw_Input
                0x20000270        0x4 build/main.o
                0x20000270                Yaw_Input
 .bss.Pitch_Input
                0x20000274        0x4 build/main.o
                0x20000274                Pitch_Input
 .bss.Roll_Input
                0x20000278        0x4 build/main.o
                0x20000278                Roll_Input
 .bss.IMU       0x2000027c       0x40 build/main.o
                0x2000027c                IMU
 .bss.huart2    0x200002bc       0x44 build/main.o
                0x200002bc                huart2
 .bss.huart1    0x20000300       0x44 build/main.o
                0x20000300                huart1
 .bss.hdma_tim3_ch1_trig
                0x20000344       0x60 build/main.o
                0x20000344                hdma_tim3_ch1_trig
 .bss.hdma_tim3_ch2
                0x200003a4       0x60 build/main.o
                0x200003a4                hdma_tim3_ch2
 .bss.hdma_tim2_up_ch3
                0x20000404       0x60 build/main.o
                0x20000404                hdma_tim2_up_ch3
 .bss.hdma_tim2_ch2_ch4
                0x20000464       0x60 build/main.o
                0x20000464                hdma_tim2_ch2_ch4
 .bss.htim3     0x200004c4       0x48 build/main.o
                0x200004c4                htim3
 .bss.htim2     0x2000050c       0x48 build/main.o
                0x2000050c                htim2
 .bss.hi2c1     0x20000554       0x54 build/main.o
                0x20000554                hi2c1
 .bss.uwTick    0x200005a8        0x4 build/stm32f4xx_hal.o
                0x200005a8                uwTick
 .bss.__sf      0x200005ac      0x138 c:/program files (x86)/arm gnu toolchain arm-none-eabi/12.2 mpacbti-rel1/bin/../lib/gcc/arm-none-eabi/12.2.1/thumb/v7e-m+fp/hard\libc_nano.a(libc_a-findfp.o)
                0x200005ac                __sf
 .bss.__stdio_exit_handler
                0x200006e4        0x4 c:/program files (x86)/arm gnu toolchain arm-none-eabi/12.2 mpacbti-rel1/bin/../lib/gcc/arm-none-eabi/12.2.1/thumb/v7e-m+fp/hard\libc_nano.a(libc_a-findfp.o)
                0x200006e4                __stdio_exit_handler
 .bss.errno     0x200006e8        0x4 c:/program files (x86)/arm gnu toolchain arm-none-eabi/12.2 mpacbti-rel1/bin/../lib/gcc/arm-none-eabi/12.2.1/thumb/v7e-m+fp/hard\libc_nano.a(libc_a-reent.o)
                0x200006e8                errno
 .bss.__lock___malloc_recursive_mutex
                0x200006ec        0x1 c:/program files (x86)/arm gnu toolchain arm-none-eabi/12.2 mpacbti-rel1/bin/../lib/gcc/arm-none-eabi/12.2.1/thumb/v7e-m+fp/hard\libc_nano.a(libc_a-lock.o)
                0x200006ec                __lock___malloc_recursive_mutex
 .bss.__lock___sfp_recursive_mutex
                0x200006ed        0x1 c:/program files (x86)/arm gnu toolchain arm-none-eabi/12.2 mpacbti-rel1/bin/../lib/gcc/arm-none-eabi/12.2.1/thumb/v7e-m+fp/hard\libc_nano.a(libc_a-lock.o)
                0x200006ed                __lock___sfp_recursive_mutex
 *fill*         0x200006ee        0x2 
 .bss.__malloc_sbrk_start
                0x200006f0        0x4 c:/program files (x86)/arm gnu toolchain arm-none-eabi/12.2 mpacbti-rel1/bin/../lib/gcc/arm-none-eabi/12.2.1/thumb/v7e-m+fp/hard\libc_nano.a(libc_a-mallocr.o)
                0x200006f0                __malloc_sbrk_start
 .bss.__malloc_free_list
                0x200006f4        0x4 c:/program files (x86)/arm gnu toolchain arm-none-eabi/12.2 mpacbti-rel1/bin/../lib/gcc/arm-none-eabi/12.2.1/thumb/v7e-m+fp/hard\libc_nano.a(libc_a-mallocr.o)
                0x200006f4                __malloc_free_list
 .bss.heap_end.0
                0x200006f8        0x4 c:/program files (x86)/arm gnu toolchain arm-none-eabi/12.2 mpacbti-rel1/bin/../lib/gcc/arm-none-eabi/12.2.1/thumb/v7e-m+fp/hard\libnosys.a(sbrk.o)
 *(COMMON)
                0x200006fc                        . = ALIGN (0x4)
                0x200006fc                        _ebss = .
                0x200006fc                        __bss_end__ = _ebss

._user_heap_stack
                0x200006fc      0x604 load address 0x08008ff0
                0x20000700                        . = ALIGN (0x8)
 *fill*         0x200006fc        0x4 
                0x20000700                        PROVIDE (end = .)
                [!provide]                        PROVIDE (_end = .)
                0x20000900                        . = (. + _Min_Heap_Size)
 *fill*         0x20000700      0x200 
                0x20000d00                        . = (. + _Min_Stack_Size)
 *fill*         0x20000900      0x400 
                0x20000d00                        . = ALIGN (0x8)

/DISCARD/
 libc.a(*)
 libm.a(*)
 libgcc.a(*)

.ARM.attributes
                0x00000000       0x30
 *(.ARM.attributes)
 .ARM.attributes
                0x00000000       0x22 c:/program files (x86)/arm gnu toolchain arm-none-eabi/12.2 mpacbti-rel1/bin/../lib/gcc/arm-none-eabi/12.2.1/thumb/v7e-m+fp/hard/crti.o
 .ARM.attributes
                0x00000022       0x34 c:/program files (x86)/arm gnu toolchain arm-none-eabi/12.2 mpacbti-rel1/bin/../lib/gcc/arm-none-eabi/12.2.1/thumb/v7e-m+fp/hard/crtbegin.o
 .ARM.attributes
                0x00000056       0x34 build/main.o
 .ARM.attributes
                0x0000008a       0x34 build/mpu6050.o
 .ARM.attributes
                0x000000be       0x34 build/stm32f4xx_it.o
 .ARM.attributes
                0x000000f2       0x34 build/stm32f4xx_hal_msp.o
 .ARM.attributes
                0x00000126       0x34 build/stm32f4xx_hal_i2c.o
 .ARM.attributes
                0x0000015a       0x34 build/stm32f4xx_hal_rcc.o
 .ARM.attributes
                0x0000018e       0x34 build/stm32f4xx_hal_rcc_ex.o
 .ARM.attributes
                0x000001c2       0x34 build/stm32f4xx_hal_gpio.o
 .ARM.attributes
                0x000001f6       0x34 build/stm32f4xx_hal_dma.o
 .ARM.attributes
                0x0000022a       0x34 build/stm32f4xx_hal_pwr_ex.o
 .ARM.attributes
                0x0000025e       0x34 build/stm32f4xx_hal_cortex.o
 .ARM.attributes
                0x00000292       0x34 build/stm32f4xx_hal.o
 .ARM.attributes
                0x000002c6       0x34 build/stm32f4xx_hal_tim.o
 .ARM.attributes
                0x000002fa       0x34 build/stm32f4xx_hal_tim_ex.o
 .ARM.attributes
                0x0000032e       0x34 build/stm32f4xx_hal_uart.o
 .ARM.attributes
                0x00000362       0x34 build/system_stm32f4xx.o
 .ARM.attributes
                0x00000396       0x21 build/startup_stm32f446xx.o
 .ARM.attributes
                0x000003b7       0x34 c:/program files (x86)/arm gnu toolchain arm-none-eabi/12.2 mpacbti-rel1/bin/../lib/gcc/arm-none-eabi/12.2.1/thumb/v7e-m+fp/hard\libc_nano.a(libc_a-nano-vfprintf_float.o)
 .ARM.attributes
                0x000003eb       0x34 c:/program files (x86)/arm gnu toolchain arm-none-eabi/12.2 mpacbti-rel1/bin/../lib/gcc/arm-none-eabi/12.2.1/thumb/v7e-m+fp/hard\libc_nano.a(libc_a-nano-vfprintf_i.o)
 .ARM.attributes
                0x0000041f       0x34 c:/program files (x86)/arm gnu toolchain arm-none-eabi/12.2 mpacbti-rel1/bin/../lib/gcc/arm-none-eabi/12.2.1/thumb/v7e-m+fp/hard\libc_nano.a(libc_a-findfp.o)
 .ARM.attributes
                0x00000453       0x34 c:/program files (x86)/arm gnu toolchain arm-none-eabi/12.2 mpacbti-rel1/bin/../lib/gcc/arm-none-eabi/12.2.1/thumb/v7e-m+fp/hard\libc_nano.a(libc_a-fwalk.o)
 .ARM.attributes
                0x00000487       0x34 c:/program files (x86)/arm gnu toolchain arm-none-eabi/12.2 mpacbti-rel1/bin/../lib/gcc/arm-none-eabi/12.2.1/thumb/v7e-m+fp/hard\libc_nano.a(libc_a-sprintf.o)
 .ARM.attributes
                0x000004bb       0x34 c:/program files (x86)/arm gnu toolchain arm-none-eabi/12.2 mpacbti-rel1/bin/../lib/gcc/arm-none-eabi/12.2.1/thumb/v7e-m+fp/hard\libc_nano.a(libc_a-stdio.o)
 .ARM.attributes
                0x000004ef       0x34 c:/program files (x86)/arm gnu toolchain arm-none-eabi/12.2 mpacbti-rel1/bin/../lib/gcc/arm-none-eabi/12.2.1/thumb/v7e-m+fp/hard\libc_nano.a(libc_a-memset.o)
 .ARM.attributes
                0x00000523       0x34 c:/program files (x86)/arm gnu toolchain arm-none-eabi/12.2 mpacbti-rel1/bin/../lib/gcc/arm-none-eabi/12.2.1/thumb/v7e-m+fp/hard\libc_nano.a(libc_a-localeconv.o)
 .ARM.attributes
                0x00000557       0x34 c:/program files (x86)/arm gnu toolchain arm-none-eabi/12.2 mpacbti-rel1/bin/../lib/gcc/arm-none-eabi/12.2.1/thumb/v7e-m+fp/hard\libc_nano.a(libc_a-closer.o)
 .ARM.attributes
                0x0000058b       0x34 c:/program files (x86)/arm gnu toolchain arm-none-eabi/12.2 mpacbti-rel1/bin/../lib/gcc/arm-none-eabi/12.2.1/thumb/v7e-m+fp/hard\libc_nano.a(libc_a-reent.o)
 .ARM.attributes
                0x000005bf       0x34 c:/program files (x86)/arm gnu toolchain arm-none-eabi/12.2 mpacbti-rel1/bin/../lib/gcc/arm-none-eabi/12.2.1/thumb/v7e-m+fp/hard\libc_nano.a(libc_a-impure.o)
 .ARM.attributes
                0x000005f3       0x34 c:/program files (x86)/arm gnu toolchain arm-none-eabi/12.2 mpacbti-rel1/bin/../lib/gcc/arm-none-eabi/12.2.1/thumb/v7e-m+fp/hard\libc_nano.a(libc_a-lseekr.o)
 .ARM.attributes
                0x00000627       0x34 c:/program files (x86)/arm gnu toolchain arm-none-eabi/12.2 mpacbti-rel1/bin/../lib/gcc/arm-none-eabi/12.2.1/thumb/v7e-m+fp/hard\libc_nano.a(libc_a-readr.o)
 .ARM.attributes
                0x0000065b       0x34 c:/program files (x86)/arm gnu toolchain arm-none-eabi/12.2 mpacbti-rel1/bin/../lib/gcc/arm-none-eabi/12.2.1/thumb/v7e-m+fp/hard\libc_nano.a(libc_a-writer.o)
 .ARM.attributes
                0x0000068f       0x34 c:/program files (x86)/arm gnu toolchain arm-none-eabi/12.2 mpacbti-rel1/bin/../lib/gcc/arm-none-eabi/12.2.1/thumb/v7e-m+fp/hard\libc_nano.a(libc_a-init.o)
 .ARM.attributes
                0x000006c3       0x34 c:/program files (x86)/arm gnu toolchain arm-none-eabi/12.2 mpacbti-rel1/bin/../lib/gcc/arm-none-eabi/12.2.1/thumb/v7e-m+fp/hard\libc_nano.a(libc_a-lock.o)
 .ARM.attributes
                0x000006f7       0x1c c:/program files (x86)/arm gnu toolchain arm-none-eabi/12.2 mpacbti-rel1/bin/../lib/gcc/arm-none-eabi/12.2.1/thumb/v7e-m+fp/hard\libc_nano.a(libc_a-memchr.o)
 .ARM.attributes
                0x00000713       0x17 c:/program files (x86)/arm gnu toolchain arm-none-eabi/12.2 mpacbti-rel1/bin/../lib/gcc/arm-none-eabi/12.2.1/thumb/v7e-m+fp/hard\libc_nano.a(libc_a-strlen.o)
 .ARM.attributes
                0x0000072a       0x34 c:/program files (x86)/arm gnu toolchain arm-none-eabi/12.2 mpacbti-rel1/bin/../lib/gcc/arm-none-eabi/12.2.1/thumb/v7e-m+fp/hard\libc_nano.a(libc_a-dtoa.o)
 .ARM.attributes
                0x0000075e       0x34 c:/program files (x86)/arm gnu toolchain arm-none-eabi/12.2 mpacbti-rel1/bin/../lib/gcc/arm-none-eabi/12.2.1/thumb/v7e-m+fp/hard\libc_nano.a(libc_a-freer.o)
 .ARM.attributes
                0x00000792       0x34 c:/program files (x86)/arm gnu toolchain arm-none-eabi/12.2 mpacbti-rel1/bin/../lib/gcc/arm-none-eabi/12.2.1/thumb/v7e-m+fp/hard\libc_nano.a(libc_a-malloc.o)
 .ARM.attributes
                0x000007c6       0x34 c:/program files (x86)/arm gnu toolchain arm-none-eabi/12.2 mpacbti-rel1/bin/../lib/gcc/arm-none-eabi/12.2.1/thumb/v7e-m+fp/hard\libc_nano.a(libc_a-mallocr.o)
 .ARM.attributes
                0x000007fa       0x34 c:/program files (x86)/arm gnu toolchain arm-none-eabi/12.2 mpacbti-rel1/bin/../lib/gcc/arm-none-eabi/12.2.1/thumb/v7e-m+fp/hard\libc_nano.a(libc_a-mlock.o)
 .ARM.attributes
                0x0000082e       0x34 c:/program files (x86)/arm gnu toolchain arm-none-eabi/12.2 mpacbti-rel1/bin/../lib/gcc/arm-none-eabi/12.2.1/thumb/v7e-m+fp/hard\libc_nano.a(libc_a-mprec.o)
 .ARM.attributes
                0x00000862       0x34 c:/program files (x86)/arm gnu toolchain arm-none-eabi/12.2 mpacbti-rel1/bin/../lib/gcc/arm-none-eabi/12.2.1/thumb/v7e-m+fp/hard\libc_nano.a(libc_a-nano-svfprintf.o)
 .ARM.attributes
                0x00000896       0x34 c:/program files (x86)/arm gnu toolchain arm-none-eabi/12.2 mpacbti-rel1/bin/../lib/gcc/arm-none-eabi/12.2.1/thumb/v7e-m+fp/hard\libc_nano.a(libc_a-fflush.o)
 .ARM.attributes
                0x000008ca       0x34 c:/program files (x86)/arm gnu toolchain arm-none-eabi/12.2 mpacbti-rel1/bin/../lib/gcc/arm-none-eabi/12.2.1/thumb/v7e-m+fp/hard\libc_nano.a(libc_a-memmove.o)
 .ARM.attributes
                0x000008fe       0x34 c:/program files (x86)/arm gnu toolchain arm-none-eabi/12.2 mpacbti-rel1/bin/../lib/gcc/arm-none-eabi/12.2.1/thumb/v7e-m+fp/hard\libc_nano.a(libc_a-locale.o)
 .ARM.attributes
                0x00000932       0x34 c:/program files (x86)/arm gnu toolchain arm-none-eabi/12.2 mpacbti-rel1/bin/../lib/gcc/arm-none-eabi/12.2.1/thumb/v7e-m+fp/hard\libc_nano.a(libc_a-sbrkr.o)
 .ARM.attributes
                0x00000966       0x34 c:/program files (x86)/arm gnu toolchain arm-none-eabi/12.2 mpacbti-rel1/bin/../lib/gcc/arm-none-eabi/12.2.1/thumb/v7e-m+fp/hard\libc_nano.a(libc_a-memcpy-stub.o)
 .ARM.attributes
                0x0000099a       0x34 c:/program files (x86)/arm gnu toolchain arm-none-eabi/12.2 mpacbti-rel1/bin/../lib/gcc/arm-none-eabi/12.2.1/thumb/v7e-m+fp/hard\libc_nano.a(libc_a-assert.o)
 .ARM.attributes
                0x000009ce       0x34 c:/program files (x86)/arm gnu toolchain arm-none-eabi/12.2 mpacbti-rel1/bin/../lib/gcc/arm-none-eabi/12.2.1/thumb/v7e-m+fp/hard\libc_nano.a(libc_a-callocr.o)
 .ARM.attributes
                0x00000a02       0x34 c:/program files (x86)/arm gnu toolchain arm-none-eabi/12.2 mpacbti-rel1/bin/../lib/gcc/arm-none-eabi/12.2.1/thumb/v7e-m+fp/hard\libc_nano.a(libc_a-mbtowc_r.o)
 .ARM.attributes
                0x00000a36       0x34 c:/program files (x86)/arm gnu toolchain arm-none-eabi/12.2 mpacbti-rel1/bin/../lib/gcc/arm-none-eabi/12.2.1/thumb/v7e-m+fp/hard\libc_nano.a(libc_a-reallocr.o)
 .ARM.attributes
                0x00000a6a       0x34 c:/program files (x86)/arm gnu toolchain arm-none-eabi/12.2 mpacbti-rel1/bin/../lib/gcc/arm-none-eabi/12.2.1/thumb/v7e-m+fp/hard\libc_nano.a(libc_a-wctomb_r.o)
 .ARM.attributes
                0x00000a9e       0x34 c:/program files (x86)/arm gnu toolchain arm-none-eabi/12.2 mpacbti-rel1/bin/../lib/gcc/arm-none-eabi/12.2.1/thumb/v7e-m+fp/hard\libc_nano.a(libc_a-ctype_.o)
 .ARM.attributes
                0x00000ad2       0x34 c:/program files (x86)/arm gnu toolchain arm-none-eabi/12.2 mpacbti-rel1/bin/../lib/gcc/arm-none-eabi/12.2.1/thumb/v7e-m+fp/hard\libc_nano.a(libc_a-fprintf.o)
 .ARM.attributes
                0x00000b06       0x34 c:/program files (x86)/arm gnu toolchain arm-none-eabi/12.2 mpacbti-rel1/bin/../lib/gcc/arm-none-eabi/12.2.1/thumb/v7e-m+fp/hard\libc_nano.a(libc_a-abort.o)
 .ARM.attributes
                0x00000b3a       0x34 c:/program files (x86)/arm gnu toolchain arm-none-eabi/12.2 mpacbti-rel1/bin/../lib/gcc/arm-none-eabi/12.2.1/thumb/v7e-m+fp/hard\libc_nano.a(libc_a-msizer.o)
 .ARM.attributes
                0x00000b6e       0x34 c:/program files (x86)/arm gnu toolchain arm-none-eabi/12.2 mpacbti-rel1/bin/../lib/gcc/arm-none-eabi/12.2.1/thumb/v7e-m+fp/hard\libc_nano.a(libc_a-nano-vfprintf.o)
 .ARM.attributes
                0x00000ba2       0x34 c:/program files (x86)/arm gnu toolchain arm-none-eabi/12.2 mpacbti-rel1/bin/../lib/gcc/arm-none-eabi/12.2.1/thumb/v7e-m+fp/hard\libc_nano.a(libc_a-wbuf.o)
 .ARM.attributes
                0x00000bd6       0x34 c:/program files (x86)/arm gnu toolchain arm-none-eabi/12.2 mpacbti-rel1/bin/../lib/gcc/arm-none-eabi/12.2.1/thumb/v7e-m+fp/hard\libc_nano.a(libc_a-wsetup.o)
 .ARM.attributes
                0x00000c0a       0x34 c:/program files (x86)/arm gnu toolchain arm-none-eabi/12.2 mpacbti-rel1/bin/../lib/gcc/arm-none-eabi/12.2.1/thumb/v7e-m+fp/hard\libc_nano.a(libc_a-signal.o)
 .ARM.attributes
                0x00000c3e       0x34 c:/program files (x86)/arm gnu toolchain arm-none-eabi/12.2 mpacbti-rel1/bin/../lib/gcc/arm-none-eabi/12.2.1/thumb/v7e-m+fp/hard\libc_nano.a(libc_a-signalr.o)
 .ARM.attributes
                0x00000c72       0x34 c:/program files (x86)/arm gnu toolchain arm-none-eabi/12.2 mpacbti-rel1/bin/../lib/gcc/arm-none-eabi/12.2.1/thumb/v7e-m+fp/hard\libc_nano.a(libc_a-makebuf.o)
 .ARM.attributes
                0x00000ca6       0x34 c:/program files (x86)/arm gnu toolchain arm-none-eabi/12.2 mpacbti-rel1/bin/../lib/gcc/arm-none-eabi/12.2.1/thumb/v7e-m+fp/hard\libc_nano.a(libc_a-fstatr.o)
 .ARM.attributes
                0x00000cda       0x34 c:/program files (x86)/arm gnu toolchain arm-none-eabi/12.2 mpacbti-rel1/bin/../lib/gcc/arm-none-eabi/12.2.1/thumb/v7e-m+fp/hard\libc_nano.a(libc_a-isattyr.o)
 .ARM.attributes
                0x00000d0e       0x34 c:/program files (x86)/arm gnu toolchain arm-none-eabi/12.2 mpacbti-rel1/bin/../lib/gcc/arm-none-eabi/12.2.1/thumb/v7e-m+fp/hard\libm.a(libm_a-w_pow.o)
 .ARM.attributes
                0x00000d42       0x34 c:/program files (x86)/arm gnu toolchain arm-none-eabi/12.2 mpacbti-rel1/bin/../lib/gcc/arm-none-eabi/12.2.1/thumb/v7e-m+fp/hard\libm.a(libm_a-w_sqrt.o)
 .ARM.attributes
                0x00000d76       0x34 c:/program files (x86)/arm gnu toolchain arm-none-eabi/12.2 mpacbti-rel1/bin/../lib/gcc/arm-none-eabi/12.2.1/thumb/v7e-m+fp/hard\libm.a(libm_a-s_atan.o)
 .ARM.attributes
                0x00000daa       0x34 c:/program files (x86)/arm gnu toolchain arm-none-eabi/12.2 mpacbti-rel1/bin/../lib/gcc/arm-none-eabi/12.2.1/thumb/v7e-m+fp/hard\libm.a(libm_a-s_fabs.o)
 .ARM.attributes
                0x00000dde       0x34 c:/program files (x86)/arm gnu toolchain arm-none-eabi/12.2 mpacbti-rel1/bin/../lib/gcc/arm-none-eabi/12.2.1/thumb/v7e-m+fp/hard\libm.a(libm_a-s_finite.o)
 .ARM.attributes
                0x00000e12       0x34 c:/program files (x86)/arm gnu toolchain arm-none-eabi/12.2 mpacbti-rel1/bin/../lib/gcc/arm-none-eabi/12.2.1/thumb/v7e-m+fp/hard\libm.a(libm_a-e_sqrt.o)
 .ARM.attributes
                0x00000e46       0x34 c:/program files (x86)/arm gnu toolchain arm-none-eabi/12.2 mpacbti-rel1/bin/../lib/gcc/arm-none-eabi/12.2.1/thumb/v7e-m+fp/hard\libm.a(libm_a-e_pow.o)
 .ARM.attributes
                0x00000e7a       0x34 c:/program files (x86)/arm gnu toolchain arm-none-eabi/12.2 mpacbti-rel1/bin/../lib/gcc/arm-none-eabi/12.2.1/thumb/v7e-m+fp/hard\libm.a(libm_a-s_scalbn.o)
 .ARM.attributes
                0x00000eae       0x34 c:/program files (x86)/arm gnu toolchain arm-none-eabi/12.2 mpacbti-rel1/bin/../lib/gcc/arm-none-eabi/12.2.1/thumb/v7e-m+fp/hard\libm.a(libm_a-math_err.o)
 .ARM.attributes
                0x00000ee2       0x34 c:/program files (x86)/arm gnu toolchain arm-none-eabi/12.2 mpacbti-rel1/bin/../lib/gcc/arm-none-eabi/12.2.1/thumb/v7e-m+fp/hard\libnosys.a(close.o)
 .ARM.attributes
                0x00000f16       0x34 c:/program files (x86)/arm gnu toolchain arm-none-eabi/12.2 mpacbti-rel1/bin/../lib/gcc/arm-none-eabi/12.2.1/thumb/v7e-m+fp/hard\libnosys.a(fstat.o)
 .ARM.attributes
                0x00000f4a       0x34 c:/program files (x86)/arm gnu toolchain arm-none-eabi/12.2 mpacbti-rel1/bin/../lib/gcc/arm-none-eabi/12.2.1/thumb/v7e-m+fp/hard\libnosys.a(getpid.o)
 .ARM.attributes
                0x00000f7e       0x34 c:/program files (x86)/arm gnu toolchain arm-none-eabi/12.2 mpacbti-rel1/bin/../lib/gcc/arm-none-eabi/12.2.1/thumb/v7e-m+fp/hard\libnosys.a(isatty.o)
 .ARM.attributes
                0x00000fb2       0x34 c:/program files (x86)/arm gnu toolchain arm-none-eabi/12.2 mpacbti-rel1/bin/../lib/gcc/arm-none-eabi/12.2.1/thumb/v7e-m+fp/hard\libnosys.a(kill.o)
 .ARM.attributes
                0x00000fe6       0x34 c:/program files (x86)/arm gnu toolchain arm-none-eabi/12.2 mpacbti-rel1/bin/../lib/gcc/arm-none-eabi/12.2.1/thumb/v7e-m+fp/hard\libnosys.a(lseek.o)
 .ARM.attributes
                0x0000101a       0x34 c:/program files (x86)/arm gnu toolchain arm-none-eabi/12.2 mpacbti-rel1/bin/../lib/gcc/arm-none-eabi/12.2.1/thumb/v7e-m+fp/hard\libnosys.a(read.o)
 .ARM.attributes
                0x0000104e       0x34 c:/program files (x86)/arm gnu toolchain arm-none-eabi/12.2 mpacbti-rel1/bin/../lib/gcc/arm-none-eabi/12.2.1/thumb/v7e-m+fp/hard\libnosys.a(sbrk.o)
 .ARM.attributes
                0x00001082       0x34 c:/program files (x86)/arm gnu toolchain arm-none-eabi/12.2 mpacbti-rel1/bin/../lib/gcc/arm-none-eabi/12.2.1/thumb/v7e-m+fp/hard\libnosys.a(write.o)
 .ARM.attributes
                0x000010b6       0x34 c:/program files (x86)/arm gnu toolchain arm-none-eabi/12.2 mpacbti-rel1/bin/../lib/gcc/arm-none-eabi/12.2.1/thumb/v7e-m+fp/hard\libnosys.a(_exit.o)
 .ARM.attributes
                0x000010ea       0x22 c:/program files (x86)/arm gnu toolchain arm-none-eabi/12.2 mpacbti-rel1/bin/../lib/gcc/arm-none-eabi/12.2.1/thumb/v7e-m+fp/hard\libgcc.a(_arm_addsubdf3.o)
 .ARM.attributes
                0x0000110c       0x22 c:/program files (x86)/arm gnu toolchain arm-none-eabi/12.2 mpacbti-rel1/bin/../lib/gcc/arm-none-eabi/12.2.1/thumb/v7e-m+fp/hard\libgcc.a(_arm_muldivdf3.o)
 .ARM.attributes
                0x0000112e       0x22 c:/program files (x86)/arm gnu toolchain arm-none-eabi/12.2 mpacbti-rel1/bin/../lib/gcc/arm-none-eabi/12.2.1/thumb/v7e-m+fp/hard\libgcc.a(_arm_cmpdf2.o)
 .ARM.attributes
                0x00001150       0x22 c:/program files (x86)/arm gnu toolchain arm-none-eabi/12.2 mpacbti-rel1/bin/../lib/gcc/arm-none-eabi/12.2.1/thumb/v7e-m+fp/hard\libgcc.a(_arm_unorddf2.o)
 .ARM.attributes
                0x00001172       0x22 c:/program files (x86)/arm gnu toolchain arm-none-eabi/12.2 mpacbti-rel1/bin/../lib/gcc/arm-none-eabi/12.2.1/thumb/v7e-m+fp/hard\libgcc.a(_arm_fixdfsi.o)
 .ARM.attributes
                0x00001194       0x22 c:/program files (x86)/arm gnu toolchain arm-none-eabi/12.2 mpacbti-rel1/bin/../lib/gcc/arm-none-eabi/12.2.1/thumb/v7e-m+fp/hard\libgcc.a(_arm_fixunsdfsi.o)
 .ARM.attributes
                0x000011b6       0x22 c:/program files (x86)/arm gnu toolchain arm-none-eabi/12.2 mpacbti-rel1/bin/../lib/gcc/arm-none-eabi/12.2.1/thumb/v7e-m+fp/hard\libgcc.a(_arm_truncdfsf2.o)
 .ARM.attributes
                0x000011d8       0x22 c:/program files (x86)/arm gnu toolchain arm-none-eabi/12.2 mpacbti-rel1/bin/../lib/gcc/arm-none-eabi/12.2.1/thumb/v7e-m+fp/hard\libgcc.a(_aeabi_uldivmod.o)
 .ARM.attributes
                0x000011fa       0x34 c:/program files (x86)/arm gnu toolchain arm-none-eabi/12.2 mpacbti-rel1/bin/../lib/gcc/arm-none-eabi/12.2.1/thumb/v7e-m+fp/hard\libgcc.a(_udivmoddi4.o)
 .ARM.attributes
                0x0000122e       0x22 c:/program files (x86)/arm gnu toolchain arm-none-eabi/12.2 mpacbti-rel1/bin/../lib/gcc/arm-none-eabi/12.2.1/thumb/v7e-m+fp/hard\libgcc.a(_dvmd_tls.o)
 .ARM.attributes
                0x00001250       0x34 c:/program files (x86)/arm gnu toolchain arm-none-eabi/12.2 mpacbti-rel1/bin/../lib/gcc/arm-none-eabi/12.2.1/thumb/v7e-m+fp/hard\libc_nano.a(libc_a-errno.o)
 .ARM.attributes
                0x00001284       0x34 c:/program files (x86)/arm gnu toolchain arm-none-eabi/12.2 mpacbti-rel1/bin/../lib/gcc/arm-none-eabi/12.2.1/thumb/v7e-m+fp/hard/crtend.o
 .ARM.attributes
                0x000012b8       0x22 c:/program files (x86)/arm gnu toolchain arm-none-eabi/12.2 mpacbti-rel1/bin/../lib/gcc/arm-none-eabi/12.2.1/thumb/v7e-m+fp/hard/crtn.o
OUTPUT(build/QuadCopter.elf elf32-littlearm)
LOAD linker stubs
LOAD c:/program files (x86)/arm gnu toolchain arm-none-eabi/12.2 mpacbti-rel1/bin/../lib/gcc/arm-none-eabi/12.2.1/thumb/v7e-m+fp/hard\libc.a
LOAD c:/program files (x86)/arm gnu toolchain arm-none-eabi/12.2 mpacbti-rel1/bin/../lib/gcc/arm-none-eabi/12.2.1/thumb/v7e-m+fp/hard\libm.a
LOAD c:/program files (x86)/arm gnu toolchain arm-none-eabi/12.2 mpacbti-rel1/bin/../lib/gcc/arm-none-eabi/12.2.1/thumb/v7e-m+fp/hard\libgcc.a

.debug_info     0x00000000    0x16b68
 .debug_info    0x00000000     0x245e build/main.o
 .debug_info    0x0000245e      0xbef build/mpu6050.o
 .debug_info    0x0000304d      0x6ec build/stm32f4xx_it.o
 .debug_info    0x00003739     0x15ec build/stm32f4xx_hal_msp.o
 .debug_info    0x00004d25     0x377a build/stm32f4xx_hal_i2c.o
 .debug_info    0x0000849f      0xaab build/stm32f4xx_hal_rcc.o
 .debug_info    0x00008f4a      0xc4f build/stm32f4xx_hal_rcc_ex.o
 .debug_info    0x00009b99      0x74c build/stm32f4xx_hal_gpio.o
 .debug_info    0x0000a2e5      0xad9 build/stm32f4xx_hal_dma.o
 .debug_info    0x0000adbe      0x7a6 build/stm32f4xx_hal_pwr_ex.o
 .debug_info    0x0000b564      0xf9b build/stm32f4xx_hal_cortex.o
 .debug_info    0x0000c4ff      0xa3c build/stm32f4xx_hal.o
 .debug_info    0x0000cf3b     0x3b79 build/stm32f4xx_hal_tim.o
 .debug_info    0x00010ab4     0x1a9b build/stm32f4xx_hal_tim_ex.o
 .debug_info    0x0001254f     0x408c build/stm32f4xx_hal_uart.o
 .debug_info    0x000165db      0x55f build/system_stm32f4xx.o
 .debug_info    0x00016b3a       0x2e build/startup_stm32f446xx.o

.debug_abbrev   0x00000000     0x26fe
 .debug_abbrev  0x00000000      0x345 build/main.o
 .debug_abbrev  0x00000345      0x208 build/mpu6050.o
 .debug_abbrev  0x0000054d      0x19a build/stm32f4xx_it.o
 .debug_abbrev  0x000006e7      0x281 build/stm32f4xx_hal_msp.o
 .debug_abbrev  0x00000968      0x2c3 build/stm32f4xx_hal_i2c.o
 .debug_abbrev  0x00000c2b      0x2c6 build/stm32f4xx_hal_rcc.o
 .debug_abbrev  0x00000ef1      0x24f build/stm32f4xx_hal_rcc_ex.o
 .debug_abbrev  0x00001140      0x202 build/stm32f4xx_hal_gpio.o
 .debug_abbrev  0x00001342      0x2c0 build/stm32f4xx_hal_dma.o
 .debug_abbrev  0x00001602      0x1e6 build/stm32f4xx_hal_pwr_ex.o
 .debug_abbrev  0x000017e8      0x39b build/stm32f4xx_hal_cortex.o
 .debug_abbrev  0x00001b83      0x23f build/stm32f4xx_hal.o
 .debug_abbrev  0x00001dc2      0x26a build/stm32f4xx_hal_tim.o
 .debug_abbrev  0x0000202c      0x268 build/stm32f4xx_hal_tim_ex.o
 .debug_abbrev  0x00002294      0x32f build/stm32f4xx_hal_uart.o
 .debug_abbrev  0x000025c3      0x11e build/system_stm32f4xx.o
 .debug_abbrev  0x000026e1       0x1d build/startup_stm32f446xx.o

.debug_loc      0x00000000      0x3ca
 .debug_loc     0x00000000      0x3ca build/main.o

.debug_aranges  0x00000000      0xfb8
 .debug_aranges
                0x00000000       0x78 build/main.o
 .debug_aranges
                0x00000078       0x28 build/mpu6050.o
 .debug_aranges
                0x000000a0       0x88 build/stm32f4xx_it.o
 .debug_aranges
                0x00000128       0x58 build/stm32f4xx_hal_msp.o
 .debug_aranges
                0x00000180      0x2a0 build/stm32f4xx_hal_i2c.o
 .debug_aranges
                0x00000420       0x88 build/stm32f4xx_hal_rcc.o
 .debug_aranges
                0x000004a8       0x78 build/stm32f4xx_hal_rcc_ex.o
 .debug_aranges
                0x00000520       0x58 build/stm32f4xx_hal_gpio.o
 .debug_aranges
                0x00000578       0x90 build/stm32f4xx_hal_dma.o
 .debug_aranges
                0x00000608       0x60 build/stm32f4xx_hal_pwr_ex.o
 .debug_aranges
                0x00000668       0xd8 build/stm32f4xx_hal_cortex.o
 .debug_aranges
                0x00000740       0xf0 build/stm32f4xx_hal.o
 .debug_aranges
                0x00000830      0x3d0 build/stm32f4xx_hal_tim.o
 .debug_aranges
                0x00000c00      0x168 build/stm32f4xx_hal_tim_ex.o
 .debug_aranges
                0x00000d68      0x200 build/stm32f4xx_hal_uart.o
 .debug_aranges
                0x00000f68       0x28 build/system_stm32f4xx.o
 .debug_aranges
                0x00000f90       0x28 build/startup_stm32f446xx.o

.debug_ranges   0x00000000       0x68
 .debug_ranges  0x00000000       0x68 build/main.o

.debug_line     0x00000000    0x16a86
 .debug_line    0x00000000      0xa8d build/main.o
 .debug_line    0x00000a8d      0x433 build/mpu6050.o
 .debug_line    0x00000ec0      0x3d2 build/stm32f4xx_it.o
 .debug_line    0x00001292      0x6fd build/stm32f4xx_hal_msp.o
 .debug_line    0x0000198f     0x543d build/stm32f4xx_hal_i2c.o
 .debug_line    0x00006dcc      0xbad build/stm32f4xx_hal_rcc.o
 .debug_line    0x00007979     0x1428 build/stm32f4xx_hal_rcc_ex.o
 .debug_line    0x00008da1      0x756 build/stm32f4xx_hal_gpio.o
 .debug_line    0x000094f7      0xefd build/stm32f4xx_hal_dma.o
 .debug_line    0x0000a3f4      0x542 build/stm32f4xx_hal_pwr_ex.o
 .debug_line    0x0000a936      0x8b4 build/stm32f4xx_hal_cortex.o
 .debug_line    0x0000b1ea      0x609 build/stm32f4xx_hal.o
 .debug_line    0x0000b7f3     0x4ae4 build/stm32f4xx_hal_tim.o
 .debug_line    0x000102d7     0x1dca build/stm32f4xx_hal_tim_ex.o
 .debug_line    0x000120a1     0x467e build/stm32f4xx_hal_uart.o